Copyright 1986-2019 Xilinx, Inc. All Rights Reserved.
-----------------------------------------------------------------------------------------------------------------------------------------------------------------------------------------------------------
| Tool Version : Vivado v.2019.1 (win64) Build 2552052 Fri May 24 14:49:42 MDT 2019
| Date         : Fri Sep 18 02:49:37 2026
| Host         : DESKTOP-RDVBQR0 running 64-bit major release  (build 9200)
| Command      : report_timing_summary -max_paths 10 -file ps2_keyboard_timing_summary_routed.rpt -pb ps2_keyboard_timing_summary_routed.pb -rpx ps2_keyboard_timing_summary_routed.rpx -warn_on_violation
| Design       : ps2_keyboard
| Device       : 7a100t-csg324
| Speed File   : -1  PRODUCTION 1.23 2018-06-13
-----------------------------------------------------------------------------------------------------------------------------------------------------------------------------------------------------------

Timing Summary Report

------------------------------------------------------------------------------------------------
| Timer Settings
| --------------
------------------------------------------------------------------------------------------------

  Enable Multi Corner Analysis               :  Yes
  Enable Pessimism Removal                   :  Yes
  Pessimism Removal Resolution               :  Nearest Common Node
  Enable Input Delay Default Clock           :  No
  Enable Preset / Clear Arcs                 :  No
  Disable Flight Delays                      :  No
  Ignore I/O Paths                           :  No
  Timing Early Launch at Borrowing Latches   :  No
  Borrow Time for Max Delay Exceptions       :  Yes

  Corner  Analyze    Analyze    
  Name    Max Paths  Min Paths  
  ------  ---------  ---------  
  Slow    Yes        Yes        
  Fast    Yes        Yes        



check_timing report

Table of Contents
-----------------
1. checking no_clock
2. checking constant_clock
3. checking pulse_width_clock
4. checking unconstrained_internal_endpoints
5. checking no_input_delay
6. checking no_output_delay
7. checking multiple_clock
8. checking generated_clocks
9. checking loops
10. checking partial_input_delay
11. checking partial_output_delay
12. checking latch_loops

1. checking no_clock
--------------------
 There are 0 register/latch pins with no clock.


2. checking constant_clock
--------------------------
 There are 0 register/latch pins with constant_clock.


3. checking pulse_width_clock
-----------------------------
 There are 0 register/latch pins which need pulse_width check


4. checking unconstrained_internal_endpoints
--------------------------------------------
 There are 0 pins that are not constrained for maximum delay.

 There are 0 pins that are not constrained for maximum delay due to constant clock.


5. checking no_input_delay
--------------------------
 There are 2 input ports with no input delay specified. (HIGH)

 There are 0 input ports with no input delay but user has a false path constraint.


6. checking no_output_delay
---------------------------
 There are 10 ports with no output delay specified. (HIGH)

 There are 0 ports with no output delay but user has a false path constraint

 There are 0 ports with no output delay but with a timing clock defined on it or propagating through it


7. checking multiple_clock
--------------------------
 There are 0 register/latch pins with multiple clocks.


8. checking generated_clocks
----------------------------
 There are 0 generated clocks that are not connected to a clock source.


9. checking loops
-----------------
 There are 0 combinational loops in the design.


10. checking partial_input_delay
--------------------------------
 There are 0 input ports with partial input delay specified.


11. checking partial_output_delay
---------------------------------
 There are 0 ports with partial output delay specified.


12. checking latch_loops
------------------------
 There are 0 combinational latch loops in the design through latch input



------------------------------------------------------------------------------------------------
| Design Timing Summary
| ---------------------
------------------------------------------------------------------------------------------------

    WNS(ns)      TNS(ns)  TNS Failing Endpoints  TNS Total Endpoints      WHS(ns)      THS(ns)  THS Failing Endpoints  THS Total Endpoints     WPWS(ns)     TPWS(ns)  TPWS Failing Endpoints  TPWS Total Endpoints  
    -------      -------  ---------------------  -------------------      -------      -------  ---------------------  -------------------     --------     --------  ----------------------  --------------------  
     96.710        0.000                      0                   78        0.122        0.000                      0                   78       49.500        0.000                       0                    41  


All user specified timing constraints are met.


------------------------------------------------------------------------------------------------
| Clock Summary
| -------------
------------------------------------------------------------------------------------------------

Clock        Waveform(ns)         Period(ns)      Frequency(MHz)
-----        ------------         ----------      --------------
PS2_CLK_pin  {0.000 50.000}       100.000         10.000          


------------------------------------------------------------------------------------------------
| Intra Clock Table
| -----------------
------------------------------------------------------------------------------------------------

Clock             WNS(ns)      TNS(ns)  TNS Failing Endpoints  TNS Total Endpoints      WHS(ns)      THS(ns)  THS Failing Endpoints  THS Total Endpoints     WPWS(ns)     TPWS(ns)  TPWS Failing Endpoints  TPWS Total Endpoints  
-----             -------      -------  ---------------------  -------------------      -------      -------  ---------------------  -------------------     --------     --------  ----------------------  --------------------  
PS2_CLK_pin        96.710        0.000                      0                   78        0.122        0.000                      0                   78       49.500        0.000                       0                    41  


------------------------------------------------------------------------------------------------
| Inter Clock Table
| -----------------
------------------------------------------------------------------------------------------------

From Clock    To Clock          WNS(ns)      TNS(ns)  TNS Failing Endpoints  TNS Total Endpoints      WHS(ns)      THS(ns)  THS Failing Endpoints  THS Total Endpoints  
----------    --------          -------      -------  ---------------------  -------------------      -------      -------  ---------------------  -------------------  


------------------------------------------------------------------------------------------------
| Other Path Groups Table
| -----------------------
------------------------------------------------------------------------------------------------

Path Group    From Clock    To Clock          WNS(ns)      TNS(ns)  TNS Failing Endpoints  TNS Total Endpoints      WHS(ns)      THS(ns)  THS Failing Endpoints  THS Total Endpoints  
----------    ----------    --------          -------      -------  ---------------------  -------------------      -------      -------  ---------------------  -------------------  


------------------------------------------------------------------------------------------------
| Timing Details
| --------------
------------------------------------------------------------------------------------------------


---------------------------------------------------------------------------------------------------
From Clock:  PS2_CLK_pin
  To Clock:  PS2_CLK_pin

Setup :            0  Failing Endpoints,  Worst Slack       96.710ns,  Total Violation        0.000ns
Hold  :            0  Failing Endpoints,  Worst Slack        0.122ns,  Total Violation        0.000ns
PW    :            0  Failing Endpoints,  Worst Slack       49.500ns,  Total Violation        0.000ns
---------------------------------------------------------------------------------------------------


Max Delay Paths
--------------------------------------------------------------------------------------
Slack (MET) :             96.710ns  (required time - arrival time)
  Source:                 FSM_onehot_sstate_reg[4]/C
                            (falling edge-triggered cell FDCE clocked by PS2_CLK_pin  {rise@0.000ns fall@50.000ns period=100.000ns})
  Destination:            FSM_onehot_sstate_reg[0]/CE
                            (falling edge-triggered cell FDPE clocked by PS2_CLK_pin  {rise@0.000ns fall@50.000ns period=100.000ns})
  Path Group:             PS2_CLK_pin
  Path Type:              Setup (Max at Slow Process Corner)
  Requirement:            100.000ns  (PS2_CLK_pin fall@150.000ns - PS2_CLK_pin fall@50.000ns)
  Data Path Delay:        3.030ns  (logic 0.772ns (25.477%)  route 2.258ns (74.523%))
  Logic Levels:           2  (LUT4=1 LUT6=1)
  Clock Path Skew:        -0.022ns (DCD - SCD + CPR)
    Destination Clock Delay (DCD):    5.012ns = ( 155.012 - 150.000 ) 
    Source Clock Delay      (SCD):    5.311ns = ( 55.311 - 50.000 ) 
    Clock Pessimism Removal (CPR):    0.277ns
  Clock Uncertainty:      0.035ns  ((TSJ^2 + TIJ^2)^1/2 + DJ) / 2 + PE
    Total System Jitter     (TSJ):    0.071ns
    Total Input Jitter      (TIJ):    0.000ns
    Discrete Jitter          (DJ):    0.000ns
    Phase Error              (PE):    0.000ns

    Location             Delay type                Incr(ns)  Path(ns)    Netlist Resource(s)
  -------------------------------------------------------------------    -------------------
                         (clock PS2_CLK_pin fall edge)
                                                     50.000    50.000 f  
    F4                                                0.000    50.000 f  PS2_CLK (IN)
                         net (fo=0)                   0.000    50.000    PS2_CLK
    F4                   IBUF (Prop_ibuf_I_O)         1.472    51.472 f  PS2_CLK_IBUF_inst/O
                         net (fo=1, routed)           2.025    53.496    PS2_CLK_IBUF
    BUFGCTRL_X0Y16       BUFG (Prop_bufg_I_O)         0.096    53.592 f  PS2_CLK_IBUF_BUFG_inst/O
                         net (fo=40, routed)          1.718    55.311    PS2_CLK_IBUF_BUFG
    SLICE_X2Y84          FDCE                                         r  FSM_onehot_sstate_reg[4]/C  (IS_INVERTED)
  -------------------------------------------------------------------    -------------------
    SLICE_X2Y84          FDCE (Prop_fdce_C_Q)         0.524    55.835 r  FSM_onehot_sstate_reg[4]/Q
                         net (fo=2, routed)           1.109    56.944    FSM_onehot_sstate_reg_n_0_[4]
    SLICE_X2Y84          LUT4 (Prop_lut4_I2_O)        0.124    57.068 r  FSM_onehot_sstate[10]_i_2/O
                         net (fo=2, routed)           0.581    57.648    FSM_onehot_sstate[10]_i_2_n_0
    SLICE_X3Y84          LUT6 (Prop_lut6_I0_O)        0.124    57.772 r  FSM_onehot_sstate[10]_i_1/O
                         net (fo=11, routed)          0.569    58.341    FSM_onehot_sstate[10]_i_1_n_0
    SLICE_X3Y84          FDPE                                         r  FSM_onehot_sstate_reg[0]/CE
  -------------------------------------------------------------------    -------------------

                         (clock PS2_CLK_pin fall edge)
                                                    150.000   150.000 f  
    F4                                                0.000   150.000 f  PS2_CLK (IN)
                         net (fo=0)                   0.000   150.000    PS2_CLK
    F4                   IBUF (Prop_ibuf_I_O)         1.401   151.401 f  PS2_CLK_IBUF_inst/O
                         net (fo=1, routed)           1.920   153.321    PS2_CLK_IBUF
    BUFGCTRL_X0Y16       BUFG (Prop_bufg_I_O)         0.091   153.412 f  PS2_CLK_IBUF_BUFG_inst/O
                         net (fo=40, routed)          1.599   155.012    PS2_CLK_IBUF_BUFG
    SLICE_X3Y84          FDPE                                         r  FSM_onehot_sstate_reg[0]/C  (IS_INVERTED)
                         clock pessimism              0.277   155.289    
                         clock uncertainty           -0.035   155.253    
    SLICE_X3Y84          FDPE (Setup_fdpe_C_CE)      -0.202   155.051    FSM_onehot_sstate_reg[0]
  -------------------------------------------------------------------
                         required time                        155.051    
                         arrival time                         -58.341    
  -------------------------------------------------------------------
                         slack                                 96.710    

Slack (MET) :             96.710ns  (required time - arrival time)
  Source:                 FSM_onehot_sstate_reg[4]/C
                            (falling edge-triggered cell FDCE clocked by PS2_CLK_pin  {rise@0.000ns fall@50.000ns period=100.000ns})
  Destination:            FSM_onehot_sstate_reg[10]/CE
                            (falling edge-triggered cell FDCE clocked by PS2_CLK_pin  {rise@0.000ns fall@50.000ns period=100.000ns})
  Path Group:             PS2_CLK_pin
  Path Type:              Setup (Max at Slow Process Corner)
  Requirement:            100.000ns  (PS2_CLK_pin fall@150.000ns - PS2_CLK_pin fall@50.000ns)
  Data Path Delay:        3.030ns  (logic 0.772ns (25.477%)  route 2.258ns (74.523%))
  Logic Levels:           2  (LUT4=1 LUT6=1)
  Clock Path Skew:        -0.022ns (DCD - SCD + CPR)
    Destination Clock Delay (DCD):    5.012ns = ( 155.012 - 150.000 ) 
    Source Clock Delay      (SCD):    5.311ns = ( 55.311 - 50.000 ) 
    Clock Pessimism Removal (CPR):    0.277ns
  Clock Uncertainty:      0.035ns  ((TSJ^2 + TIJ^2)^1/2 + DJ) / 2 + PE
    Total System Jitter     (TSJ):    0.071ns
    Total Input Jitter      (TIJ):    0.000ns
    Discrete Jitter          (DJ):    0.000ns
    Phase Error              (PE):    0.000ns

    Location             Delay type                Incr(ns)  Path(ns)    Netlist Resource(s)
  -------------------------------------------------------------------    -------------------
                         (clock PS2_CLK_pin fall edge)
                                                     50.000    50.000 f  
    F4                                                0.000    50.000 f  PS2_CLK (IN)
                         net (fo=0)                   0.000    50.000    PS2_CLK
    F4                   IBUF (Prop_ibuf_I_O)         1.472    51.472 f  PS2_CLK_IBUF_inst/O
                         net (fo=1, routed)           2.025    53.496    PS2_CLK_IBUF
    BUFGCTRL_X0Y16       BUFG (Prop_bufg_I_O)         0.096    53.592 f  PS2_CLK_IBUF_BUFG_inst/O
                         net (fo=40, routed)          1.718    55.311    PS2_CLK_IBUF_BUFG
    SLICE_X2Y84          FDCE                                         r  FSM_onehot_sstate_reg[4]/C  (IS_INVERTED)
  -------------------------------------------------------------------    -------------------
    SLICE_X2Y84          FDCE (Prop_fdce_C_Q)         0.524    55.835 r  FSM_onehot_sstate_reg[4]/Q
                         net (fo=2, routed)           1.109    56.944    FSM_onehot_sstate_reg_n_0_[4]
    SLICE_X2Y84          LUT4 (Prop_lut4_I2_O)        0.124    57.068 r  FSM_onehot_sstate[10]_i_2/O
                         net (fo=2, routed)           0.581    57.648    FSM_onehot_sstate[10]_i_2_n_0
    SLICE_X3Y84          LUT6 (Prop_lut6_I0_O)        0.124    57.772 r  FSM_onehot_sstate[10]_i_1/O
                         net (fo=11, routed)          0.569    58.341    FSM_onehot_sstate[10]_i_1_n_0
    SLICE_X3Y84          FDCE                                         r  FSM_onehot_sstate_reg[10]/CE
  -------------------------------------------------------------------    -------------------

                         (clock PS2_CLK_pin fall edge)
                                                    150.000   150.000 f  
    F4                                                0.000   150.000 f  PS2_CLK (IN)
                         net (fo=0)                   0.000   150.000    PS2_CLK
    F4                   IBUF (Prop_ibuf_I_O)         1.401   151.401 f  PS2_CLK_IBUF_inst/O
                         net (fo=1, routed)           1.920   153.321    PS2_CLK_IBUF
    BUFGCTRL_X0Y16       BUFG (Prop_bufg_I_O)         0.091   153.412 f  PS2_CLK_IBUF_BUFG_inst/O
                         net (fo=40, routed)          1.599   155.012    PS2_CLK_IBUF_BUFG
    SLICE_X3Y84          FDCE                                         r  FSM_onehot_sstate_reg[10]/C  (IS_INVERTED)
                         clock pessimism              0.277   155.289    
                         clock uncertainty           -0.035   155.253    
    SLICE_X3Y84          FDCE (Setup_fdce_C_CE)      -0.202   155.051    FSM_onehot_sstate_reg[10]
  -------------------------------------------------------------------
                         required time                        155.051    
                         arrival time                         -58.341    
  -------------------------------------------------------------------
                         slack                                 96.710    

Slack (MET) :             96.710ns  (required time - arrival time)
  Source:                 FSM_onehot_sstate_reg[4]/C
                            (falling edge-triggered cell FDCE clocked by PS2_CLK_pin  {rise@0.000ns fall@50.000ns period=100.000ns})
  Destination:            FSM_onehot_sstate_reg[1]/CE
                            (falling edge-triggered cell FDCE clocked by PS2_CLK_pin  {rise@0.000ns fall@50.000ns period=100.000ns})
  Path Group:             PS2_CLK_pin
  Path Type:              Setup (Max at Slow Process Corner)
  Requirement:            100.000ns  (PS2_CLK_pin fall@150.000ns - PS2_CLK_pin fall@50.000ns)
  Data Path Delay:        3.030ns  (logic 0.772ns (25.477%)  route 2.258ns (74.523%))
  Logic Levels:           2  (LUT4=1 LUT6=1)
  Clock Path Skew:        -0.022ns (DCD - SCD + CPR)
    Destination Clock Delay (DCD):    5.012ns = ( 155.012 - 150.000 ) 
    Source Clock Delay      (SCD):    5.311ns = ( 55.311 - 50.000 ) 
    Clock Pessimism Removal (CPR):    0.277ns
  Clock Uncertainty:      0.035ns  ((TSJ^2 + TIJ^2)^1/2 + DJ) / 2 + PE
    Total System Jitter     (TSJ):    0.071ns
    Total Input Jitter      (TIJ):    0.000ns
    Discrete Jitter          (DJ):    0.000ns
    Phase Error              (PE):    0.000ns

    Location             Delay type                Incr(ns)  Path(ns)    Netlist Resource(s)
  -------------------------------------------------------------------    -------------------
                         (clock PS2_CLK_pin fall edge)
                                                     50.000    50.000 f  
    F4                                                0.000    50.000 f  PS2_CLK (IN)
                         net (fo=0)                   0.000    50.000    PS2_CLK
    F4                   IBUF (Prop_ibuf_I_O)         1.472    51.472 f  PS2_CLK_IBUF_inst/O
                         net (fo=1, routed)           2.025    53.496    PS2_CLK_IBUF
    BUFGCTRL_X0Y16       BUFG (Prop_bufg_I_O)         0.096    53.592 f  PS2_CLK_IBUF_BUFG_inst/O
                         net (fo=40, routed)          1.718    55.311    PS2_CLK_IBUF_BUFG
    SLICE_X2Y84          FDCE                                         r  FSM_onehot_sstate_reg[4]/C  (IS_INVERTED)
  -------------------------------------------------------------------    -------------------
    SLICE_X2Y84          FDCE (Prop_fdce_C_Q)         0.524    55.835 r  FSM_onehot_sstate_reg[4]/Q
                         net (fo=2, routed)           1.109    56.944    FSM_onehot_sstate_reg_n_0_[4]
    SLICE_X2Y84          LUT4 (Prop_lut4_I2_O)        0.124    57.068 r  FSM_onehot_sstate[10]_i_2/O
                         net (fo=2, routed)           0.581    57.648    FSM_onehot_sstate[10]_i_2_n_0
    SLICE_X3Y84          LUT6 (Prop_lut6_I0_O)        0.124    57.772 r  FSM_onehot_sstate[10]_i_1/O
                         net (fo=11, routed)          0.569    58.341    FSM_onehot_sstate[10]_i_1_n_0
    SLICE_X3Y84          FDCE                                         r  FSM_onehot_sstate_reg[1]/CE
  -------------------------------------------------------------------    -------------------

                         (clock PS2_CLK_pin fall edge)
                                                    150.000   150.000 f  
    F4                                                0.000   150.000 f  PS2_CLK (IN)
                         net (fo=0)                   0.000   150.000    PS2_CLK
    F4                   IBUF (Prop_ibuf_I_O)         1.401   151.401 f  PS2_CLK_IBUF_inst/O
                         net (fo=1, routed)           1.920   153.321    PS2_CLK_IBUF
    BUFGCTRL_X0Y16       BUFG (Prop_bufg_I_O)         0.091   153.412 f  PS2_CLK_IBUF_BUFG_inst/O
                         net (fo=40, routed)          1.599   155.012    PS2_CLK_IBUF_BUFG
    SLICE_X3Y84          FDCE                                         r  FSM_onehot_sstate_reg[1]/C  (IS_INVERTED)
                         clock pessimism              0.277   155.289    
                         clock uncertainty           -0.035   155.253    
    SLICE_X3Y84          FDCE (Setup_fdce_C_CE)      -0.202   155.051    FSM_onehot_sstate_reg[1]
  -------------------------------------------------------------------
                         required time                        155.051    
                         arrival time                         -58.341    
  -------------------------------------------------------------------
                         slack                                 96.710    

Slack (MET) :             96.710ns  (required time - arrival time)
  Source:                 FSM_onehot_sstate_reg[4]/C
                            (falling edge-triggered cell FDCE clocked by PS2_CLK_pin  {rise@0.000ns fall@50.000ns period=100.000ns})
  Destination:            FSM_onehot_sstate_reg[7]/CE
                            (falling edge-triggered cell FDCE clocked by PS2_CLK_pin  {rise@0.000ns fall@50.000ns period=100.000ns})
  Path Group:             PS2_CLK_pin
  Path Type:              Setup (Max at Slow Process Corner)
  Requirement:            100.000ns  (PS2_CLK_pin fall@150.000ns - PS2_CLK_pin fall@50.000ns)
  Data Path Delay:        3.030ns  (logic 0.772ns (25.477%)  route 2.258ns (74.523%))
  Logic Levels:           2  (LUT4=1 LUT6=1)
  Clock Path Skew:        -0.022ns (DCD - SCD + CPR)
    Destination Clock Delay (DCD):    5.012ns = ( 155.012 - 150.000 ) 
    Source Clock Delay      (SCD):    5.311ns = ( 55.311 - 50.000 ) 
    Clock Pessimism Removal (CPR):    0.277ns
  Clock Uncertainty:      0.035ns  ((TSJ^2 + TIJ^2)^1/2 + DJ) / 2 + PE
    Total System Jitter     (TSJ):    0.071ns
    Total Input Jitter      (TIJ):    0.000ns
    Discrete Jitter          (DJ):    0.000ns
    Phase Error              (PE):    0.000ns

    Location             Delay type                Incr(ns)  Path(ns)    Netlist Resource(s)
  -------------------------------------------------------------------    -------------------
                         (clock PS2_CLK_pin fall edge)
                                                     50.000    50.000 f  
    F4                                                0.000    50.000 f  PS2_CLK (IN)
                         net (fo=0)                   0.000    50.000    PS2_CLK
    F4                   IBUF (Prop_ibuf_I_O)         1.472    51.472 f  PS2_CLK_IBUF_inst/O
                         net (fo=1, routed)           2.025    53.496    PS2_CLK_IBUF
    BUFGCTRL_X0Y16       BUFG (Prop_bufg_I_O)         0.096    53.592 f  PS2_CLK_IBUF_BUFG_inst/O
                         net (fo=40, routed)          1.718    55.311    PS2_CLK_IBUF_BUFG
    SLICE_X2Y84          FDCE                                         r  FSM_onehot_sstate_reg[4]/C  (IS_INVERTED)
  -------------------------------------------------------------------    -------------------
    SLICE_X2Y84          FDCE (Prop_fdce_C_Q)         0.524    55.835 r  FSM_onehot_sstate_reg[4]/Q
                         net (fo=2, routed)           1.109    56.944    FSM_onehot_sstate_reg_n_0_[4]
    SLICE_X2Y84          LUT4 (Prop_lut4_I2_O)        0.124    57.068 r  FSM_onehot_sstate[10]_i_2/O
                         net (fo=2, routed)           0.581    57.648    FSM_onehot_sstate[10]_i_2_n_0
    SLICE_X3Y84          LUT6 (Prop_lut6_I0_O)        0.124    57.772 r  FSM_onehot_sstate[10]_i_1/O
                         net (fo=11, routed)          0.569    58.341    FSM_onehot_sstate[10]_i_1_n_0
    SLICE_X3Y84          FDCE                                         r  FSM_onehot_sstate_reg[7]/CE
  -------------------------------------------------------------------    -------------------

                         (clock PS2_CLK_pin fall edge)
                                                    150.000   150.000 f  
    F4                                                0.000   150.000 f  PS2_CLK (IN)
                         net (fo=0)                   0.000   150.000    PS2_CLK
    F4                   IBUF (Prop_ibuf_I_O)         1.401   151.401 f  PS2_CLK_IBUF_inst/O
                         net (fo=1, routed)           1.920   153.321    PS2_CLK_IBUF
    BUFGCTRL_X0Y16       BUFG (Prop_bufg_I_O)         0.091   153.412 f  PS2_CLK_IBUF_BUFG_inst/O
                         net (fo=40, routed)          1.599   155.012    PS2_CLK_IBUF_BUFG
    SLICE_X3Y84          FDCE                                         r  FSM_onehot_sstate_reg[7]/C  (IS_INVERTED)
                         clock pessimism              0.277   155.289    
                         clock uncertainty           -0.035   155.253    
    SLICE_X3Y84          FDCE (Setup_fdce_C_CE)      -0.202   155.051    FSM_onehot_sstate_reg[7]
  -------------------------------------------------------------------
                         required time                        155.051    
                         arrival time                         -58.341    
  -------------------------------------------------------------------
                         slack                                 96.710    

Slack (MET) :             96.710ns  (required time - arrival time)
  Source:                 FSM_onehot_sstate_reg[4]/C
                            (falling edge-triggered cell FDCE clocked by PS2_CLK_pin  {rise@0.000ns fall@50.000ns period=100.000ns})
  Destination:            FSM_onehot_sstate_reg[8]/CE
                            (falling edge-triggered cell FDCE clocked by PS2_CLK_pin  {rise@0.000ns fall@50.000ns period=100.000ns})
  Path Group:             PS2_CLK_pin
  Path Type:              Setup (Max at Slow Process Corner)
  Requirement:            100.000ns  (PS2_CLK_pin fall@150.000ns - PS2_CLK_pin fall@50.000ns)
  Data Path Delay:        3.030ns  (logic 0.772ns (25.477%)  route 2.258ns (74.523%))
  Logic Levels:           2  (LUT4=1 LUT6=1)
  Clock Path Skew:        -0.022ns (DCD - SCD + CPR)
    Destination Clock Delay (DCD):    5.012ns = ( 155.012 - 150.000 ) 
    Source Clock Delay      (SCD):    5.311ns = ( 55.311 - 50.000 ) 
    Clock Pessimism Removal (CPR):    0.277ns
  Clock Uncertainty:      0.035ns  ((TSJ^2 + TIJ^2)^1/2 + DJ) / 2 + PE
    Total System Jitter     (TSJ):    0.071ns
    Total Input Jitter      (TIJ):    0.000ns
    Discrete Jitter          (DJ):    0.000ns
    Phase Error              (PE):    0.000ns

    Location             Delay type                Incr(ns)  Path(ns)    Netlist Resource(s)
  -------------------------------------------------------------------    -------------------
                         (clock PS2_CLK_pin fall edge)
                                                     50.000    50.000 f  
    F4                                                0.000    50.000 f  PS2_CLK (IN)
                         net (fo=0)                   0.000    50.000    PS2_CLK
    F4                   IBUF (Prop_ibuf_I_O)         1.472    51.472 f  PS2_CLK_IBUF_inst/O
                         net (fo=1, routed)           2.025    53.496    PS2_CLK_IBUF
    BUFGCTRL_X0Y16       BUFG (Prop_bufg_I_O)         0.096    53.592 f  PS2_CLK_IBUF_BUFG_inst/O
                         net (fo=40, routed)          1.718    55.311    PS2_CLK_IBUF_BUFG
    SLICE_X2Y84          FDCE                                         r  FSM_onehot_sstate_reg[4]/C  (IS_INVERTED)
  -------------------------------------------------------------------    -------------------
    SLICE_X2Y84          FDCE (Prop_fdce_C_Q)         0.524    55.835 r  FSM_onehot_sstate_reg[4]/Q
                         net (fo=2, routed)           1.109    56.944    FSM_onehot_sstate_reg_n_0_[4]
    SLICE_X2Y84          LUT4 (Prop_lut4_I2_O)        0.124    57.068 r  FSM_onehot_sstate[10]_i_2/O
                         net (fo=2, routed)           0.581    57.648    FSM_onehot_sstate[10]_i_2_n_0
    SLICE_X3Y84          LUT6 (Prop_lut6_I0_O)        0.124    57.772 r  FSM_onehot_sstate[10]_i_1/O
                         net (fo=11, routed)          0.569    58.341    FSM_onehot_sstate[10]_i_1_n_0
    SLICE_X3Y84          FDCE                                         r  FSM_onehot_sstate_reg[8]/CE
  -------------------------------------------------------------------    -------------------

                         (clock PS2_CLK_pin fall edge)
                                                    150.000   150.000 f  
    F4                                                0.000   150.000 f  PS2_CLK (IN)
                         net (fo=0)                   0.000   150.000    PS2_CLK
    F4                   IBUF (Prop_ibuf_I_O)         1.401   151.401 f  PS2_CLK_IBUF_inst/O
                         net (fo=1, routed)           1.920   153.321    PS2_CLK_IBUF
    BUFGCTRL_X0Y16       BUFG (Prop_bufg_I_O)         0.091   153.412 f  PS2_CLK_IBUF_BUFG_inst/O
                         net (fo=40, routed)          1.599   155.012    PS2_CLK_IBUF_BUFG
    SLICE_X3Y84          FDCE                                         r  FSM_onehot_sstate_reg[8]/C  (IS_INVERTED)
                         clock pessimism              0.277   155.289    
                         clock uncertainty           -0.035   155.253    
    SLICE_X3Y84          FDCE (Setup_fdce_C_CE)      -0.202   155.051    FSM_onehot_sstate_reg[8]
  -------------------------------------------------------------------
                         required time                        155.051    
                         arrival time                         -58.341    
  -------------------------------------------------------------------
                         slack                                 96.710    

Slack (MET) :             96.710ns  (required time - arrival time)
  Source:                 FSM_onehot_sstate_reg[4]/C
                            (falling edge-triggered cell FDCE clocked by PS2_CLK_pin  {rise@0.000ns fall@50.000ns period=100.000ns})
  Destination:            FSM_onehot_sstate_reg[9]/CE
                            (falling edge-triggered cell FDCE clocked by PS2_CLK_pin  {rise@0.000ns fall@50.000ns period=100.000ns})
  Path Group:             PS2_CLK_pin
  Path Type:              Setup (Max at Slow Process Corner)
  Requirement:            100.000ns  (PS2_CLK_pin fall@150.000ns - PS2_CLK_pin fall@50.000ns)
  Data Path Delay:        3.030ns  (logic 0.772ns (25.477%)  route 2.258ns (74.523%))
  Logic Levels:           2  (LUT4=1 LUT6=1)
  Clock Path Skew:        -0.022ns (DCD - SCD + CPR)
    Destination Clock Delay (DCD):    5.012ns = ( 155.012 - 150.000 ) 
    Source Clock Delay      (SCD):    5.311ns = ( 55.311 - 50.000 ) 
    Clock Pessimism Removal (CPR):    0.277ns
  Clock Uncertainty:      0.035ns  ((TSJ^2 + TIJ^2)^1/2 + DJ) / 2 + PE
    Total System Jitter     (TSJ):    0.071ns
    Total Input Jitter      (TIJ):    0.000ns
    Discrete Jitter          (DJ):    0.000ns
    Phase Error              (PE):    0.000ns

    Location             Delay type                Incr(ns)  Path(ns)    Netlist Resource(s)
  -------------------------------------------------------------------    -------------------
                         (clock PS2_CLK_pin fall edge)
                                                     50.000    50.000 f  
    F4                                                0.000    50.000 f  PS2_CLK (IN)
                         net (fo=0)                   0.000    50.000    PS2_CLK
    F4                   IBUF (Prop_ibuf_I_O)         1.472    51.472 f  PS2_CLK_IBUF_inst/O
                         net (fo=1, routed)           2.025    53.496    PS2_CLK_IBUF
    BUFGCTRL_X0Y16       BUFG (Prop_bufg_I_O)         0.096    53.592 f  PS2_CLK_IBUF_BUFG_inst/O
                         net (fo=40, routed)          1.718    55.311    PS2_CLK_IBUF_BUFG
    SLICE_X2Y84          FDCE                                         r  FSM_onehot_sstate_reg[4]/C  (IS_INVERTED)
  -------------------------------------------------------------------    -------------------
    SLICE_X2Y84          FDCE (Prop_fdce_C_Q)         0.524    55.835 r  FSM_onehot_sstate_reg[4]/Q
                         net (fo=2, routed)           1.109    56.944    FSM_onehot_sstate_reg_n_0_[4]
    SLICE_X2Y84          LUT4 (Prop_lut4_I2_O)        0.124    57.068 r  FSM_onehot_sstate[10]_i_2/O
                         net (fo=2, routed)           0.581    57.648    FSM_onehot_sstate[10]_i_2_n_0
    SLICE_X3Y84          LUT6 (Prop_lut6_I0_O)        0.124    57.772 r  FSM_onehot_sstate[10]_i_1/O
                         net (fo=11, routed)          0.569    58.341    FSM_onehot_sstate[10]_i_1_n_0
    SLICE_X3Y84          FDCE                                         r  FSM_onehot_sstate_reg[9]/CE
  -------------------------------------------------------------------    -------------------

                         (clock PS2_CLK_pin fall edge)
                                                    150.000   150.000 f  
    F4                                                0.000   150.000 f  PS2_CLK (IN)
                         net (fo=0)                   0.000   150.000    PS2_CLK
    F4                   IBUF (Prop_ibuf_I_O)         1.401   151.401 f  PS2_CLK_IBUF_inst/O
                         net (fo=1, routed)           1.920   153.321    PS2_CLK_IBUF
    BUFGCTRL_X0Y16       BUFG (Prop_bufg_I_O)         0.091   153.412 f  PS2_CLK_IBUF_BUFG_inst/O
                         net (fo=40, routed)          1.599   155.012    PS2_CLK_IBUF_BUFG
    SLICE_X3Y84          FDCE                                         r  FSM_onehot_sstate_reg[9]/C  (IS_INVERTED)
                         clock pessimism              0.277   155.289    
                         clock uncertainty           -0.035   155.253    
    SLICE_X3Y84          FDCE (Setup_fdce_C_CE)      -0.202   155.051    FSM_onehot_sstate_reg[9]
  -------------------------------------------------------------------
                         required time                        155.051    
                         arrival time                         -58.341    
  -------------------------------------------------------------------
                         slack                                 96.710    

Slack (MET) :             96.960ns  (required time - arrival time)
  Source:                 FSM_onehot_sstate_reg[4]/C
                            (falling edge-triggered cell FDCE clocked by PS2_CLK_pin  {rise@0.000ns fall@50.000ns period=100.000ns})
  Destination:            FSM_onehot_sstate_reg[2]/CE
                            (falling edge-triggered cell FDCE clocked by PS2_CLK_pin  {rise@0.000ns fall@50.000ns period=100.000ns})
  Path Group:             PS2_CLK_pin
  Path Type:              Setup (Max at Slow Process Corner)
  Requirement:            100.000ns  (PS2_CLK_pin fall@150.000ns - PS2_CLK_pin fall@50.000ns)
  Data Path Delay:        2.841ns  (logic 0.772ns (27.174%)  route 2.069ns (72.826%))
  Logic Levels:           2  (LUT4=1 LUT6=1)
  Clock Path Skew:        0.000ns (DCD - SCD + CPR)
    Destination Clock Delay (DCD):    5.012ns = ( 155.012 - 150.000 ) 
    Source Clock Delay      (SCD):    5.311ns = ( 55.311 - 50.000 ) 
    Clock Pessimism Removal (CPR):    0.299ns
  Clock Uncertainty:      0.035ns  ((TSJ^2 + TIJ^2)^1/2 + DJ) / 2 + PE
    Total System Jitter     (TSJ):    0.071ns
    Total Input Jitter      (TIJ):    0.000ns
    Discrete Jitter          (DJ):    0.000ns
    Phase Error              (PE):    0.000ns

    Location             Delay type                Incr(ns)  Path(ns)    Netlist Resource(s)
  -------------------------------------------------------------------    -------------------
                         (clock PS2_CLK_pin fall edge)
                                                     50.000    50.000 f  
    F4                                                0.000    50.000 f  PS2_CLK (IN)
                         net (fo=0)                   0.000    50.000    PS2_CLK
    F4                   IBUF (Prop_ibuf_I_O)         1.472    51.472 f  PS2_CLK_IBUF_inst/O
                         net (fo=1, routed)           2.025    53.496    PS2_CLK_IBUF
    BUFGCTRL_X0Y16       BUFG (Prop_bufg_I_O)         0.096    53.592 f  PS2_CLK_IBUF_BUFG_inst/O
                         net (fo=40, routed)          1.718    55.311    PS2_CLK_IBUF_BUFG
    SLICE_X2Y84          FDCE                                         r  FSM_onehot_sstate_reg[4]/C  (IS_INVERTED)
  -------------------------------------------------------------------    -------------------
    SLICE_X2Y84          FDCE (Prop_fdce_C_Q)         0.524    55.835 r  FSM_onehot_sstate_reg[4]/Q
                         net (fo=2, routed)           1.109    56.944    FSM_onehot_sstate_reg_n_0_[4]
    SLICE_X2Y84          LUT4 (Prop_lut4_I2_O)        0.124    57.068 r  FSM_onehot_sstate[10]_i_2/O
                         net (fo=2, routed)           0.581    57.648    FSM_onehot_sstate[10]_i_2_n_0
    SLICE_X3Y84          LUT6 (Prop_lut6_I0_O)        0.124    57.772 r  FSM_onehot_sstate[10]_i_1/O
                         net (fo=11, routed)          0.379    58.152    FSM_onehot_sstate[10]_i_1_n_0
    SLICE_X2Y84          FDCE                                         r  FSM_onehot_sstate_reg[2]/CE
  -------------------------------------------------------------------    -------------------

                         (clock PS2_CLK_pin fall edge)
                                                    150.000   150.000 f  
    F4                                                0.000   150.000 f  PS2_CLK (IN)
                         net (fo=0)                   0.000   150.000    PS2_CLK
    F4                   IBUF (Prop_ibuf_I_O)         1.401   151.401 f  PS2_CLK_IBUF_inst/O
                         net (fo=1, routed)           1.920   153.321    PS2_CLK_IBUF
    BUFGCTRL_X0Y16       BUFG (Prop_bufg_I_O)         0.091   153.412 f  PS2_CLK_IBUF_BUFG_inst/O
                         net (fo=40, routed)          1.599   155.012    PS2_CLK_IBUF_BUFG
    SLICE_X2Y84          FDCE                                         r  FSM_onehot_sstate_reg[2]/C  (IS_INVERTED)
                         clock pessimism              0.299   155.311    
                         clock uncertainty           -0.035   155.275    
    SLICE_X2Y84          FDCE (Setup_fdce_C_CE)      -0.164   155.111    FSM_onehot_sstate_reg[2]
  -------------------------------------------------------------------
                         required time                        155.111    
                         arrival time                         -58.152    
  -------------------------------------------------------------------
                         slack                                 96.960    

Slack (MET) :             96.960ns  (required time - arrival time)
  Source:                 FSM_onehot_sstate_reg[4]/C
                            (falling edge-triggered cell FDCE clocked by PS2_CLK_pin  {rise@0.000ns fall@50.000ns period=100.000ns})
  Destination:            FSM_onehot_sstate_reg[3]/CE
                            (falling edge-triggered cell FDCE clocked by PS2_CLK_pin  {rise@0.000ns fall@50.000ns period=100.000ns})
  Path Group:             PS2_CLK_pin
  Path Type:              Setup (Max at Slow Process Corner)
  Requirement:            100.000ns  (PS2_CLK_pin fall@150.000ns - PS2_CLK_pin fall@50.000ns)
  Data Path Delay:        2.841ns  (logic 0.772ns (27.174%)  route 2.069ns (72.826%))
  Logic Levels:           2  (LUT4=1 LUT6=1)
  Clock Path Skew:        0.000ns (DCD - SCD + CPR)
    Destination Clock Delay (DCD):    5.012ns = ( 155.012 - 150.000 ) 
    Source Clock Delay      (SCD):    5.311ns = ( 55.311 - 50.000 ) 
    Clock Pessimism Removal (CPR):    0.299ns
  Clock Uncertainty:      0.035ns  ((TSJ^2 + TIJ^2)^1/2 + DJ) / 2 + PE
    Total System Jitter     (TSJ):    0.071ns
    Total Input Jitter      (TIJ):    0.000ns
    Discrete Jitter          (DJ):    0.000ns
    Phase Error              (PE):    0.000ns

    Location             Delay type                Incr(ns)  Path(ns)    Netlist Resource(s)
  -------------------------------------------------------------------    -------------------
                         (clock PS2_CLK_pin fall edge)
                                                     50.000    50.000 f  
    F4                                                0.000    50.000 f  PS2_CLK (IN)
                         net (fo=0)                   0.000    50.000    PS2_CLK
    F4                   IBUF (Prop_ibuf_I_O)         1.472    51.472 f  PS2_CLK_IBUF_inst/O
                         net (fo=1, routed)           2.025    53.496    PS2_CLK_IBUF
    BUFGCTRL_X0Y16       BUFG (Prop_bufg_I_O)         0.096    53.592 f  PS2_CLK_IBUF_BUFG_inst/O
                         net (fo=40, routed)          1.718    55.311    PS2_CLK_IBUF_BUFG
    SLICE_X2Y84          FDCE                                         r  FSM_onehot_sstate_reg[4]/C  (IS_INVERTED)
  -------------------------------------------------------------------    -------------------
    SLICE_X2Y84          FDCE (Prop_fdce_C_Q)         0.524    55.835 r  FSM_onehot_sstate_reg[4]/Q
                         net (fo=2, routed)           1.109    56.944    FSM_onehot_sstate_reg_n_0_[4]
    SLICE_X2Y84          LUT4 (Prop_lut4_I2_O)        0.124    57.068 r  FSM_onehot_sstate[10]_i_2/O
                         net (fo=2, routed)           0.581    57.648    FSM_onehot_sstate[10]_i_2_n_0
    SLICE_X3Y84          LUT6 (Prop_lut6_I0_O)        0.124    57.772 r  FSM_onehot_sstate[10]_i_1/O
                         net (fo=11, routed)          0.379    58.152    FSM_onehot_sstate[10]_i_1_n_0
    SLICE_X2Y84          FDCE                                         r  FSM_onehot_sstate_reg[3]/CE
  -------------------------------------------------------------------    -------------------

                         (clock PS2_CLK_pin fall edge)
                                                    150.000   150.000 f  
    F4                                                0.000   150.000 f  PS2_CLK (IN)
                         net (fo=0)                   0.000   150.000    PS2_CLK
    F4                   IBUF (Prop_ibuf_I_O)         1.401   151.401 f  PS2_CLK_IBUF_inst/O
                         net (fo=1, routed)           1.920   153.321    PS2_CLK_IBUF
    BUFGCTRL_X0Y16       BUFG (Prop_bufg_I_O)         0.091   153.412 f  PS2_CLK_IBUF_BUFG_inst/O
                         net (fo=40, routed)          1.599   155.012    PS2_CLK_IBUF_BUFG
    SLICE_X2Y84          FDCE                                         r  FSM_onehot_sstate_reg[3]/C  (IS_INVERTED)
                         clock pessimism              0.299   155.311    
                         clock uncertainty           -0.035   155.275    
    SLICE_X2Y84          FDCE (Setup_fdce_C_CE)      -0.164   155.111    FSM_onehot_sstate_reg[3]
  -------------------------------------------------------------------
                         required time                        155.111    
                         arrival time                         -58.152    
  -------------------------------------------------------------------
                         slack                                 96.960    

Slack (MET) :             96.960ns  (required time - arrival time)
  Source:                 FSM_onehot_sstate_reg[4]/C
                            (falling edge-triggered cell FDCE clocked by PS2_CLK_pin  {rise@0.000ns fall@50.000ns period=100.000ns})
  Destination:            FSM_onehot_sstate_reg[4]/CE
                            (falling edge-triggered cell FDCE clocked by PS2_CLK_pin  {rise@0.000ns fall@50.000ns period=100.000ns})
  Path Group:             PS2_CLK_pin
  Path Type:              Setup (Max at Slow Process Corner)
  Requirement:            100.000ns  (PS2_CLK_pin fall@150.000ns - PS2_CLK_pin fall@50.000ns)
  Data Path Delay:        2.841ns  (logic 0.772ns (27.174%)  route 2.069ns (72.826%))
  Logic Levels:           2  (LUT4=1 LUT6=1)
  Clock Path Skew:        0.000ns (DCD - SCD + CPR)
    Destination Clock Delay (DCD):    5.012ns = ( 155.012 - 150.000 ) 
    Source Clock Delay      (SCD):    5.311ns = ( 55.311 - 50.000 ) 
    Clock Pessimism Removal (CPR):    0.299ns
  Clock Uncertainty:      0.035ns  ((TSJ^2 + TIJ^2)^1/2 + DJ) / 2 + PE
    Total System Jitter     (TSJ):    0.071ns
    Total Input Jitter      (TIJ):    0.000ns
    Discrete Jitter          (DJ):    0.000ns
    Phase Error              (PE):    0.000ns

    Location             Delay type                Incr(ns)  Path(ns)    Netlist Resource(s)
  -------------------------------------------------------------------    -------------------
                         (clock PS2_CLK_pin fall edge)
                                                     50.000    50.000 f  
    F4                                                0.000    50.000 f  PS2_CLK (IN)
                         net (fo=0)                   0.000    50.000    PS2_CLK
    F4                   IBUF (Prop_ibuf_I_O)         1.472    51.472 f  PS2_CLK_IBUF_inst/O
                         net (fo=1, routed)           2.025    53.496    PS2_CLK_IBUF
    BUFGCTRL_X0Y16       BUFG (Prop_bufg_I_O)         0.096    53.592 f  PS2_CLK_IBUF_BUFG_inst/O
                         net (fo=40, routed)          1.718    55.311    PS2_CLK_IBUF_BUFG
    SLICE_X2Y84          FDCE                                         r  FSM_onehot_sstate_reg[4]/C  (IS_INVERTED)
  -------------------------------------------------------------------    -------------------
    SLICE_X2Y84          FDCE (Prop_fdce_C_Q)         0.524    55.835 r  FSM_onehot_sstate_reg[4]/Q
                         net (fo=2, routed)           1.109    56.944    FSM_onehot_sstate_reg_n_0_[4]
    SLICE_X2Y84          LUT4 (Prop_lut4_I2_O)        0.124    57.068 r  FSM_onehot_sstate[10]_i_2/O
                         net (fo=2, routed)           0.581    57.648    FSM_onehot_sstate[10]_i_2_n_0
    SLICE_X3Y84          LUT6 (Prop_lut6_I0_O)        0.124    57.772 r  FSM_onehot_sstate[10]_i_1/O
                         net (fo=11, routed)          0.379    58.152    FSM_onehot_sstate[10]_i_1_n_0
    SLICE_X2Y84          FDCE                                         r  FSM_onehot_sstate_reg[4]/CE
  -------------------------------------------------------------------    -------------------

                         (clock PS2_CLK_pin fall edge)
                                                    150.000   150.000 f  
    F4                                                0.000   150.000 f  PS2_CLK (IN)
                         net (fo=0)                   0.000   150.000    PS2_CLK
    F4                   IBUF (Prop_ibuf_I_O)         1.401   151.401 f  PS2_CLK_IBUF_inst/O
                         net (fo=1, routed)           1.920   153.321    PS2_CLK_IBUF
    BUFGCTRL_X0Y16       BUFG (Prop_bufg_I_O)         0.091   153.412 f  PS2_CLK_IBUF_BUFG_inst/O
                         net (fo=40, routed)          1.599   155.012    PS2_CLK_IBUF_BUFG
    SLICE_X2Y84          FDCE                                         r  FSM_onehot_sstate_reg[4]/C  (IS_INVERTED)
                         clock pessimism              0.299   155.311    
                         clock uncertainty           -0.035   155.275    
    SLICE_X2Y84          FDCE (Setup_fdce_C_CE)      -0.164   155.111    FSM_onehot_sstate_reg[4]
  -------------------------------------------------------------------
                         required time                        155.111    
                         arrival time                         -58.152    
  -------------------------------------------------------------------
                         slack                                 96.960    

Slack (MET) :             96.960ns  (required time - arrival time)
  Source:                 FSM_onehot_sstate_reg[4]/C
                            (falling edge-triggered cell FDCE clocked by PS2_CLK_pin  {rise@0.000ns fall@50.000ns period=100.000ns})
  Destination:            FSM_onehot_sstate_reg[5]/CE
                            (falling edge-triggered cell FDCE clocked by PS2_CLK_pin  {rise@0.000ns fall@50.000ns period=100.000ns})
  Path Group:             PS2_CLK_pin
  Path Type:              Setup (Max at Slow Process Corner)
  Requirement:            100.000ns  (PS2_CLK_pin fall@150.000ns - PS2_CLK_pin fall@50.000ns)
  Data Path Delay:        2.841ns  (logic 0.772ns (27.174%)  route 2.069ns (72.826%))
  Logic Levels:           2  (LUT4=1 LUT6=1)
  Clock Path Skew:        0.000ns (DCD - SCD + CPR)
    Destination Clock Delay (DCD):    5.012ns = ( 155.012 - 150.000 ) 
    Source Clock Delay      (SCD):    5.311ns = ( 55.311 - 50.000 ) 
    Clock Pessimism Removal (CPR):    0.299ns
  Clock Uncertainty:      0.035ns  ((TSJ^2 + TIJ^2)^1/2 + DJ) / 2 + PE
    Total System Jitter     (TSJ):    0.071ns
    Total Input Jitter      (TIJ):    0.000ns
    Discrete Jitter          (DJ):    0.000ns
    Phase Error              (PE):    0.000ns

    Location             Delay type                Incr(ns)  Path(ns)    Netlist Resource(s)
  -------------------------------------------------------------------    -------------------
                         (clock PS2_CLK_pin fall edge)
                                                     50.000    50.000 f  
    F4                                                0.000    50.000 f  PS2_CLK (IN)
                         net (fo=0)                   0.000    50.000    PS2_CLK
    F4                   IBUF (Prop_ibuf_I_O)         1.472    51.472 f  PS2_CLK_IBUF_inst/O
                         net (fo=1, routed)           2.025    53.496    PS2_CLK_IBUF
    BUFGCTRL_X0Y16       BUFG (Prop_bufg_I_O)         0.096    53.592 f  PS2_CLK_IBUF_BUFG_inst/O
                         net (fo=40, routed)          1.718    55.311    PS2_CLK_IBUF_BUFG
    SLICE_X2Y84          FDCE                                         r  FSM_onehot_sstate_reg[4]/C  (IS_INVERTED)
  -------------------------------------------------------------------    -------------------
    SLICE_X2Y84          FDCE (Prop_fdce_C_Q)         0.524    55.835 r  FSM_onehot_sstate_reg[4]/Q
                         net (fo=2, routed)           1.109    56.944    FSM_onehot_sstate_reg_n_0_[4]
    SLICE_X2Y84          LUT4 (Prop_lut4_I2_O)        0.124    57.068 r  FSM_onehot_sstate[10]_i_2/O
                         net (fo=2, routed)           0.581    57.648    FSM_onehot_sstate[10]_i_2_n_0
    SLICE_X3Y84          LUT6 (Prop_lut6_I0_O)        0.124    57.772 r  FSM_onehot_sstate[10]_i_1/O
                         net (fo=11, routed)          0.379    58.152    FSM_onehot_sstate[10]_i_1_n_0
    SLICE_X2Y84          FDCE                                         r  FSM_onehot_sstate_reg[5]/CE
  -------------------------------------------------------------------    -------------------

                         (clock PS2_CLK_pin fall edge)
                                                    150.000   150.000 f  
    F4                                                0.000   150.000 f  PS2_CLK (IN)
                         net (fo=0)                   0.000   150.000    PS2_CLK
    F4                   IBUF (Prop_ibuf_I_O)         1.401   151.401 f  PS2_CLK_IBUF_inst/O
                         net (fo=1, routed)           1.920   153.321    PS2_CLK_IBUF
    BUFGCTRL_X0Y16       BUFG (Prop_bufg_I_O)         0.091   153.412 f  PS2_CLK_IBUF_BUFG_inst/O
                         net (fo=40, routed)          1.599   155.012    PS2_CLK_IBUF_BUFG
    SLICE_X2Y84          FDCE                                         r  FSM_onehot_sstate_reg[5]/C  (IS_INVERTED)
                         clock pessimism              0.299   155.311    
                         clock uncertainty           -0.035   155.275    
    SLICE_X2Y84          FDCE (Setup_fdce_C_CE)      -0.164   155.111    FSM_onehot_sstate_reg[5]
  -------------------------------------------------------------------
                         required time                        155.111    
                         arrival time                         -58.152    
  -------------------------------------------------------------------
                         slack                                 96.960    





Min Delay Paths
--------------------------------------------------------------------------------------
Slack (MET) :             0.122ns  (arrival time - required time)
  Source:                 sreg_reg[2]/C
                            (falling edge-triggered cell FDCE clocked by PS2_CLK_pin  {rise@0.000ns fall@50.000ns period=100.000ns})
  Destination:            curr_calc_par_reg/D
                            (falling edge-triggered cell FDCE clocked by PS2_CLK_pin  {rise@0.000ns fall@50.000ns period=100.000ns})
  Path Group:             PS2_CLK_pin
  Path Type:              Hold (Min at Fast Process Corner)
  Requirement:            0.000ns  (PS2_CLK_pin fall@50.000ns - PS2_CLK_pin fall@50.000ns)
  Data Path Delay:        0.259ns  (logic 0.191ns (73.660%)  route 0.068ns (26.341%))
  Logic Levels:           1  (LUT5=1)
  Clock Path Skew:        0.013ns (DCD - SCD - CPR)
    Destination Clock Delay (DCD):    2.027ns = ( 52.027 - 50.000 ) 
    Source Clock Delay      (SCD):    1.509ns = ( 51.509 - 50.000 ) 
    Clock Pessimism Removal (CPR):    0.504ns

    Location             Delay type                Incr(ns)  Path(ns)    Netlist Resource(s)
  -------------------------------------------------------------------    -------------------
                         (clock PS2_CLK_pin fall edge)
                                                     50.000    50.000 f  
    F4                                                0.000    50.000 f  PS2_CLK (IN)
                         net (fo=0)                   0.000    50.000    PS2_CLK
    F4                   IBUF (Prop_ibuf_I_O)         0.240    50.240 f  PS2_CLK_IBUF_inst/O
                         net (fo=1, routed)           0.644    50.884    PS2_CLK_IBUF
    BUFGCTRL_X0Y16       BUFG (Prop_bufg_I_O)         0.026    50.910 f  PS2_CLK_IBUF_BUFG_inst/O
                         net (fo=40, routed)          0.600    51.509    PS2_CLK_IBUF_BUFG
    SLICE_X3Y85          FDCE                                         r  sreg_reg[2]/C  (IS_INVERTED)
  -------------------------------------------------------------------    -------------------
    SLICE_X3Y85          FDCE (Prop_fdce_C_Q)         0.146    51.655 r  sreg_reg[2]/Q
                         net (fo=3, routed)           0.068    51.724    sreg_reg_n_0_[2]
    SLICE_X2Y85          LUT5 (Prop_lut5_I3_O)        0.045    51.769 r  curr_calc_par_i_1/O
                         net (fo=1, routed)           0.000    51.769    calc_par
    SLICE_X2Y85          FDCE                                         r  curr_calc_par_reg/D
  -------------------------------------------------------------------    -------------------

                         (clock PS2_CLK_pin fall edge)
                                                     50.000    50.000 f  
    F4                                                0.000    50.000 f  PS2_CLK (IN)
                         net (fo=0)                   0.000    50.000    PS2_CLK
    F4                   IBUF (Prop_ibuf_I_O)         0.427    50.427 f  PS2_CLK_IBUF_inst/O
                         net (fo=1, routed)           0.699    51.126    PS2_CLK_IBUF
    BUFGCTRL_X0Y16       BUFG (Prop_bufg_I_O)         0.029    51.155 f  PS2_CLK_IBUF_BUFG_inst/O
                         net (fo=40, routed)          0.872    52.027    PS2_CLK_IBUF_BUFG
    SLICE_X2Y85          FDCE                                         r  curr_calc_par_reg/C  (IS_INVERTED)
                         clock pessimism             -0.504    51.522    
    SLICE_X2Y85          FDCE (Hold_fdce_C_D)         0.124    51.646    curr_calc_par_reg
  -------------------------------------------------------------------
                         required time                        -51.646    
                         arrival time                          51.769    
  -------------------------------------------------------------------
                         slack                                  0.122    

Slack (MET) :             0.166ns  (arrival time - required time)
  Source:                 sreg_reg[1]/C
                            (falling edge-triggered cell FDCE clocked by PS2_CLK_pin  {rise@0.000ns fall@50.000ns period=100.000ns})
  Destination:            curr_byte_reg[1]/D
                            (falling edge-triggered cell FDCE clocked by PS2_CLK_pin  {rise@0.000ns fall@50.000ns period=100.000ns})
  Path Group:             PS2_CLK_pin
  Path Type:              Hold (Min at Fast Process Corner)
  Requirement:            0.000ns  (PS2_CLK_pin fall@50.000ns - PS2_CLK_pin fall@50.000ns)
  Data Path Delay:        0.258ns  (logic 0.146ns (56.559%)  route 0.112ns (43.442%))
  Logic Levels:           0  
  Clock Path Skew:        0.015ns (DCD - SCD - CPR)
    Destination Clock Delay (DCD):    2.027ns = ( 52.027 - 50.000 ) 
    Source Clock Delay      (SCD):    1.509ns = ( 51.509 - 50.000 ) 
    Clock Pessimism Removal (CPR):    0.502ns

    Location             Delay type                Incr(ns)  Path(ns)    Netlist Resource(s)
  -------------------------------------------------------------------    -------------------
                         (clock PS2_CLK_pin fall edge)
                                                     50.000    50.000 f  
    F4                                                0.000    50.000 f  PS2_CLK (IN)
                         net (fo=0)                   0.000    50.000    PS2_CLK
    F4                   IBUF (Prop_ibuf_I_O)         0.240    50.240 f  PS2_CLK_IBUF_inst/O
                         net (fo=1, routed)           0.644    50.884    PS2_CLK_IBUF
    BUFGCTRL_X0Y16       BUFG (Prop_bufg_I_O)         0.026    50.910 f  PS2_CLK_IBUF_BUFG_inst/O
                         net (fo=40, routed)          0.600    51.509    PS2_CLK_IBUF_BUFG
    SLICE_X3Y85          FDCE                                         r  sreg_reg[1]/C  (IS_INVERTED)
  -------------------------------------------------------------------    -------------------
    SLICE_X3Y85          FDCE (Prop_fdce_C_Q)         0.146    51.655 r  sreg_reg[1]/Q
                         net (fo=3, routed)           0.112    51.768    sreg_reg_n_0_[1]
    SLICE_X1Y85          FDCE                                         r  curr_byte_reg[1]/D
  -------------------------------------------------------------------    -------------------

                         (clock PS2_CLK_pin fall edge)
                                                     50.000    50.000 f  
    F4                                                0.000    50.000 f  PS2_CLK (IN)
                         net (fo=0)                   0.000    50.000    PS2_CLK
    F4                   IBUF (Prop_ibuf_I_O)         0.427    50.427 f  PS2_CLK_IBUF_inst/O
                         net (fo=1, routed)           0.699    51.126    PS2_CLK_IBUF
    BUFGCTRL_X0Y16       BUFG (Prop_bufg_I_O)         0.029    51.155 f  PS2_CLK_IBUF_BUFG_inst/O
                         net (fo=40, routed)          0.872    52.027    PS2_CLK_IBUF_BUFG
    SLICE_X1Y85          FDCE                                         r  curr_byte_reg[1]/C  (IS_INVERTED)
                         clock pessimism             -0.502    51.524    
    SLICE_X1Y85          FDCE (Hold_fdce_C_D)         0.077    51.601    curr_byte_reg[1]
  -------------------------------------------------------------------
                         required time                        -51.601    
                         arrival time                          51.768    
  -------------------------------------------------------------------
                         slack                                  0.166    

Slack (MET) :             0.207ns  (arrival time - required time)
  Source:                 curr_byte_reg[7]/C
                            (falling edge-triggered cell FDCE clocked by PS2_CLK_pin  {rise@0.000ns fall@50.000ns period=100.000ns})
  Destination:            prev_byte_reg[7]/D
                            (falling edge-triggered cell FDCE clocked by PS2_CLK_pin  {rise@0.000ns fall@50.000ns period=100.000ns})
  Path Group:             PS2_CLK_pin
  Path Type:              Hold (Min at Fast Process Corner)
  Requirement:            0.000ns  (PS2_CLK_pin fall@50.000ns - PS2_CLK_pin fall@50.000ns)
  Data Path Delay:        0.299ns  (logic 0.146ns (48.801%)  route 0.153ns (51.200%))
  Logic Levels:           0  
  Clock Path Skew:        0.014ns (DCD - SCD - CPR)
    Destination Clock Delay (DCD):    2.026ns = ( 52.026 - 50.000 ) 
    Source Clock Delay      (SCD):    1.509ns = ( 51.509 - 50.000 ) 
    Clock Pessimism Removal (CPR):    0.502ns

    Location             Delay type                Incr(ns)  Path(ns)    Netlist Resource(s)
  -------------------------------------------------------------------    -------------------
                         (clock PS2_CLK_pin fall edge)
                                                     50.000    50.000 f  
    F4                                                0.000    50.000 f  PS2_CLK (IN)
                         net (fo=0)                   0.000    50.000    PS2_CLK
    F4                   IBUF (Prop_ibuf_I_O)         0.240    50.240 f  PS2_CLK_IBUF_inst/O
                         net (fo=1, routed)           0.644    50.884    PS2_CLK_IBUF
    BUFGCTRL_X0Y16       BUFG (Prop_bufg_I_O)         0.026    50.910 f  PS2_CLK_IBUF_BUFG_inst/O
                         net (fo=40, routed)          0.600    51.509    PS2_CLK_IBUF_BUFG
    SLICE_X1Y85          FDCE                                         r  curr_byte_reg[7]/C  (IS_INVERTED)
  -------------------------------------------------------------------    -------------------
    SLICE_X1Y85          FDCE (Prop_fdce_C_Q)         0.146    51.655 r  curr_byte_reg[7]/Q
                         net (fo=2, routed)           0.153    51.809    curr_byte[7]
    SLICE_X1Y84          FDCE                                         r  prev_byte_reg[7]/D
  -------------------------------------------------------------------    -------------------

                         (clock PS2_CLK_pin fall edge)
                                                     50.000    50.000 f  
    F4                                                0.000    50.000 f  PS2_CLK (IN)
                         net (fo=0)                   0.000    50.000    PS2_CLK
    F4                   IBUF (Prop_ibuf_I_O)         0.427    50.427 f  PS2_CLK_IBUF_inst/O
                         net (fo=1, routed)           0.699    51.126    PS2_CLK_IBUF
    BUFGCTRL_X0Y16       BUFG (Prop_bufg_I_O)         0.029    51.155 f  PS2_CLK_IBUF_BUFG_inst/O
                         net (fo=40, routed)          0.871    52.026    PS2_CLK_IBUF_BUFG
    SLICE_X1Y84          FDCE                                         r  prev_byte_reg[7]/C  (IS_INVERTED)
                         clock pessimism             -0.502    51.523    
    SLICE_X1Y84          FDCE (Hold_fdce_C_D)         0.078    51.601    prev_byte_reg[7]
  -------------------------------------------------------------------
                         required time                        -51.601    
                         arrival time                          51.809    
  -------------------------------------------------------------------
                         slack                                  0.207    

Slack (MET) :             0.210ns  (arrival time - required time)
  Source:                 FSM_onehot_sstate_reg[1]/C
                            (falling edge-triggered cell FDCE clocked by PS2_CLK_pin  {rise@0.000ns fall@50.000ns period=100.000ns})
  Destination:            FSM_onehot_sstate_reg[2]/D
                            (falling edge-triggered cell FDCE clocked by PS2_CLK_pin  {rise@0.000ns fall@50.000ns period=100.000ns})
  Path Group:             PS2_CLK_pin
  Path Type:              Hold (Min at Fast Process Corner)
  Requirement:            0.000ns  (PS2_CLK_pin fall@50.000ns - PS2_CLK_pin fall@50.000ns)
  Data Path Delay:        0.312ns  (logic 0.146ns (46.738%)  route 0.166ns (53.262%))
  Logic Levels:           0  
  Clock Path Skew:        0.013ns (DCD - SCD - CPR)
    Destination Clock Delay (DCD):    2.026ns = ( 52.026 - 50.000 ) 
    Source Clock Delay      (SCD):    1.509ns = ( 51.509 - 50.000 ) 
    Clock Pessimism Removal (CPR):    0.503ns

    Location             Delay type                Incr(ns)  Path(ns)    Netlist Resource(s)
  -------------------------------------------------------------------    -------------------
                         (clock PS2_CLK_pin fall edge)
                                                     50.000    50.000 f  
    F4                                                0.000    50.000 f  PS2_CLK (IN)
                         net (fo=0)                   0.000    50.000    PS2_CLK
    F4                   IBUF (Prop_ibuf_I_O)         0.240    50.240 f  PS2_CLK_IBUF_inst/O
                         net (fo=1, routed)           0.644    50.884    PS2_CLK_IBUF
    BUFGCTRL_X0Y16       BUFG (Prop_bufg_I_O)         0.026    50.910 f  PS2_CLK_IBUF_BUFG_inst/O
                         net (fo=40, routed)          0.600    51.509    PS2_CLK_IBUF_BUFG
    SLICE_X3Y84          FDCE                                         r  FSM_onehot_sstate_reg[1]/C  (IS_INVERTED)
  -------------------------------------------------------------------    -------------------
    SLICE_X3Y84          FDCE (Prop_fdce_C_Q)         0.146    51.655 r  FSM_onehot_sstate_reg[1]/Q
                         net (fo=3, routed)           0.166    51.822    FSM_onehot_sstate_reg_n_0_[1]
    SLICE_X2Y84          FDCE                                         r  FSM_onehot_sstate_reg[2]/D
  -------------------------------------------------------------------    -------------------

                         (clock PS2_CLK_pin fall edge)
                                                     50.000    50.000 f  
    F4                                                0.000    50.000 f  PS2_CLK (IN)
                         net (fo=0)                   0.000    50.000    PS2_CLK
    F4                   IBUF (Prop_ibuf_I_O)         0.427    50.427 f  PS2_CLK_IBUF_inst/O
                         net (fo=1, routed)           0.699    51.126    PS2_CLK_IBUF
    BUFGCTRL_X0Y16       BUFG (Prop_bufg_I_O)         0.029    51.155 f  PS2_CLK_IBUF_BUFG_inst/O
                         net (fo=40, routed)          0.871    52.026    PS2_CLK_IBUF_BUFG
    SLICE_X2Y84          FDCE                                         r  FSM_onehot_sstate_reg[2]/C  (IS_INVERTED)
                         clock pessimism             -0.503    51.522    
    SLICE_X2Y84          FDCE (Hold_fdce_C_D)         0.089    51.611    FSM_onehot_sstate_reg[2]
  -------------------------------------------------------------------
                         required time                        -51.611    
                         arrival time                          51.822    
  -------------------------------------------------------------------
                         slack                                  0.210    

Slack (MET) :             0.218ns  (arrival time - required time)
  Source:                 sreg_reg[3]/C
                            (falling edge-triggered cell FDCE clocked by PS2_CLK_pin  {rise@0.000ns fall@50.000ns period=100.000ns})
  Destination:            sreg_reg[2]/D
                            (falling edge-triggered cell FDCE clocked by PS2_CLK_pin  {rise@0.000ns fall@50.000ns period=100.000ns})
  Path Group:             PS2_CLK_pin
  Path Type:              Hold (Min at Fast Process Corner)
  Requirement:            0.000ns  (PS2_CLK_pin fall@50.000ns - PS2_CLK_pin fall@50.000ns)
  Data Path Delay:        0.272ns  (logic 0.146ns (53.609%)  route 0.126ns (46.392%))
  Logic Levels:           0  
  Clock Path Skew:        0.000ns (DCD - SCD - CPR)
    Destination Clock Delay (DCD):    2.027ns = ( 52.027 - 50.000 ) 
    Source Clock Delay      (SCD):    1.509ns = ( 51.509 - 50.000 ) 
    Clock Pessimism Removal (CPR):    0.517ns

    Location             Delay type                Incr(ns)  Path(ns)    Netlist Resource(s)
  -------------------------------------------------------------------    -------------------
                         (clock PS2_CLK_pin fall edge)
                                                     50.000    50.000 f  
    F4                                                0.000    50.000 f  PS2_CLK (IN)
                         net (fo=0)                   0.000    50.000    PS2_CLK
    F4                   IBUF (Prop_ibuf_I_O)         0.240    50.240 f  PS2_CLK_IBUF_inst/O
                         net (fo=1, routed)           0.644    50.884    PS2_CLK_IBUF
    BUFGCTRL_X0Y16       BUFG (Prop_bufg_I_O)         0.026    50.910 f  PS2_CLK_IBUF_BUFG_inst/O
                         net (fo=40, routed)          0.600    51.509    PS2_CLK_IBUF_BUFG
    SLICE_X3Y85          FDCE                                         r  sreg_reg[3]/C  (IS_INVERTED)
  -------------------------------------------------------------------    -------------------
    SLICE_X3Y85          FDCE (Prop_fdce_C_Q)         0.146    51.655 r  sreg_reg[3]/Q
                         net (fo=3, routed)           0.126    51.782    p_2_in
    SLICE_X3Y85          FDCE                                         r  sreg_reg[2]/D
  -------------------------------------------------------------------    -------------------

                         (clock PS2_CLK_pin fall edge)
                                                     50.000    50.000 f  
    F4                                                0.000    50.000 f  PS2_CLK (IN)
                         net (fo=0)                   0.000    50.000    PS2_CLK
    F4                   IBUF (Prop_ibuf_I_O)         0.427    50.427 f  PS2_CLK_IBUF_inst/O
                         net (fo=1, routed)           0.699    51.126    PS2_CLK_IBUF
    BUFGCTRL_X0Y16       BUFG (Prop_bufg_I_O)         0.029    51.155 f  PS2_CLK_IBUF_BUFG_inst/O
                         net (fo=40, routed)          0.872    52.027    PS2_CLK_IBUF_BUFG
    SLICE_X3Y85          FDCE                                         r  sreg_reg[2]/C  (IS_INVERTED)
                         clock pessimism             -0.517    51.509    
    SLICE_X3Y85          FDCE (Hold_fdce_C_D)         0.054    51.563    sreg_reg[2]
  -------------------------------------------------------------------
                         required time                        -51.563    
                         arrival time                          51.782    
  -------------------------------------------------------------------
                         slack                                  0.218    

Slack (MET) :             0.224ns  (arrival time - required time)
  Source:                 FSM_onehot_sstate_reg[5]/C
                            (falling edge-triggered cell FDCE clocked by PS2_CLK_pin  {rise@0.000ns fall@50.000ns period=100.000ns})
  Destination:            FSM_onehot_sstate_reg[6]/D
                            (falling edge-triggered cell FDCE clocked by PS2_CLK_pin  {rise@0.000ns fall@50.000ns period=100.000ns})
  Path Group:             PS2_CLK_pin
  Path Type:              Hold (Min at Fast Process Corner)
  Requirement:            0.000ns  (PS2_CLK_pin fall@50.000ns - PS2_CLK_pin fall@50.000ns)
  Data Path Delay:        0.288ns  (logic 0.167ns (57.978%)  route 0.121ns (42.023%))
  Logic Levels:           0  
  Clock Path Skew:        0.000ns (DCD - SCD - CPR)
    Destination Clock Delay (DCD):    2.026ns = ( 52.026 - 50.000 ) 
    Source Clock Delay      (SCD):    1.509ns = ( 51.509 - 50.000 ) 
    Clock Pessimism Removal (CPR):    0.516ns

    Location             Delay type                Incr(ns)  Path(ns)    Netlist Resource(s)
  -------------------------------------------------------------------    -------------------
                         (clock PS2_CLK_pin fall edge)
                                                     50.000    50.000 f  
    F4                                                0.000    50.000 f  PS2_CLK (IN)
                         net (fo=0)                   0.000    50.000    PS2_CLK
    F4                   IBUF (Prop_ibuf_I_O)         0.240    50.240 f  PS2_CLK_IBUF_inst/O
                         net (fo=1, routed)           0.644    50.884    PS2_CLK_IBUF
    BUFGCTRL_X0Y16       BUFG (Prop_bufg_I_O)         0.026    50.910 f  PS2_CLK_IBUF_BUFG_inst/O
                         net (fo=40, routed)          0.600    51.509    PS2_CLK_IBUF_BUFG
    SLICE_X2Y84          FDCE                                         r  FSM_onehot_sstate_reg[5]/C  (IS_INVERTED)
  -------------------------------------------------------------------    -------------------
    SLICE_X2Y84          FDCE (Prop_fdce_C_Q)         0.167    51.676 r  FSM_onehot_sstate_reg[5]/Q
                         net (fo=2, routed)           0.121    51.797    FSM_onehot_sstate_reg_n_0_[5]
    SLICE_X2Y84          FDCE                                         r  FSM_onehot_sstate_reg[6]/D
  -------------------------------------------------------------------    -------------------

                         (clock PS2_CLK_pin fall edge)
                                                     50.000    50.000 f  
    F4                                                0.000    50.000 f  PS2_CLK (IN)
                         net (fo=0)                   0.000    50.000    PS2_CLK
    F4                   IBUF (Prop_ibuf_I_O)         0.427    50.427 f  PS2_CLK_IBUF_inst/O
                         net (fo=1, routed)           0.699    51.126    PS2_CLK_IBUF
    BUFGCTRL_X0Y16       BUFG (Prop_bufg_I_O)         0.029    51.155 f  PS2_CLK_IBUF_BUFG_inst/O
                         net (fo=40, routed)          0.871    52.026    PS2_CLK_IBUF_BUFG
    SLICE_X2Y84          FDCE                                         r  FSM_onehot_sstate_reg[6]/C  (IS_INVERTED)
                         clock pessimism             -0.516    51.509    
    SLICE_X2Y84          FDCE (Hold_fdce_C_D)         0.064    51.573    FSM_onehot_sstate_reg[6]
  -------------------------------------------------------------------
                         required time                        -51.573    
                         arrival time                          51.797    
  -------------------------------------------------------------------
                         slack                                  0.224    

Slack (MET) :             0.229ns  (arrival time - required time)
  Source:                 FSM_onehot_sstate_reg[7]/C
                            (falling edge-triggered cell FDCE clocked by PS2_CLK_pin  {rise@0.000ns fall@50.000ns period=100.000ns})
  Destination:            FSM_onehot_sstate_reg[8]/D
                            (falling edge-triggered cell FDCE clocked by PS2_CLK_pin  {rise@0.000ns fall@50.000ns period=100.000ns})
  Path Group:             PS2_CLK_pin
  Path Type:              Hold (Min at Fast Process Corner)
  Requirement:            0.000ns  (PS2_CLK_pin fall@50.000ns - PS2_CLK_pin fall@50.000ns)
  Data Path Delay:        0.311ns  (logic 0.146ns (46.903%)  route 0.165ns (53.097%))
  Logic Levels:           0  
  Clock Path Skew:        0.000ns (DCD - SCD - CPR)
    Destination Clock Delay (DCD):    2.026ns = ( 52.026 - 50.000 ) 
    Source Clock Delay      (SCD):    1.509ns = ( 51.509 - 50.000 ) 
    Clock Pessimism Removal (CPR):    0.516ns

    Location             Delay type                Incr(ns)  Path(ns)    Netlist Resource(s)
  -------------------------------------------------------------------    -------------------
                         (clock PS2_CLK_pin fall edge)
                                                     50.000    50.000 f  
    F4                                                0.000    50.000 f  PS2_CLK (IN)
                         net (fo=0)                   0.000    50.000    PS2_CLK
    F4                   IBUF (Prop_ibuf_I_O)         0.240    50.240 f  PS2_CLK_IBUF_inst/O
                         net (fo=1, routed)           0.644    50.884    PS2_CLK_IBUF
    BUFGCTRL_X0Y16       BUFG (Prop_bufg_I_O)         0.026    50.910 f  PS2_CLK_IBUF_BUFG_inst/O
                         net (fo=40, routed)          0.600    51.509    PS2_CLK_IBUF_BUFG
    SLICE_X3Y84          FDCE                                         r  FSM_onehot_sstate_reg[7]/C  (IS_INVERTED)
  -------------------------------------------------------------------    -------------------
    SLICE_X3Y84          FDCE (Prop_fdce_C_Q)         0.146    51.655 r  FSM_onehot_sstate_reg[7]/Q
                         net (fo=3, routed)           0.165    51.821    FSM_onehot_sstate_reg_n_0_[7]
    SLICE_X3Y84          FDCE                                         r  FSM_onehot_sstate_reg[8]/D
  -------------------------------------------------------------------    -------------------

                         (clock PS2_CLK_pin fall edge)
                                                     50.000    50.000 f  
    F4                                                0.000    50.000 f  PS2_CLK (IN)
                         net (fo=0)                   0.000    50.000    PS2_CLK
    F4                   IBUF (Prop_ibuf_I_O)         0.427    50.427 f  PS2_CLK_IBUF_inst/O
                         net (fo=1, routed)           0.699    51.126    PS2_CLK_IBUF
    BUFGCTRL_X0Y16       BUFG (Prop_bufg_I_O)         0.029    51.155 f  PS2_CLK_IBUF_BUFG_inst/O
                         net (fo=40, routed)          0.871    52.026    PS2_CLK_IBUF_BUFG
    SLICE_X3Y84          FDCE                                         r  FSM_onehot_sstate_reg[8]/C  (IS_INVERTED)
                         clock pessimism             -0.516    51.509    
    SLICE_X3Y84          FDCE (Hold_fdce_C_D)         0.082    51.591    FSM_onehot_sstate_reg[8]
  -------------------------------------------------------------------
                         required time                        -51.591    
                         arrival time                          51.821    
  -------------------------------------------------------------------
                         slack                                  0.229    

Slack (MET) :             0.234ns  (arrival time - required time)
  Source:                 sreg_reg[4]/C
                            (falling edge-triggered cell FDCE clocked by PS2_CLK_pin  {rise@0.000ns fall@50.000ns period=100.000ns})
  Destination:            curr_byte_reg[4]/D
                            (falling edge-triggered cell FDCE clocked by PS2_CLK_pin  {rise@0.000ns fall@50.000ns period=100.000ns})
  Path Group:             PS2_CLK_pin
  Path Type:              Hold (Min at Fast Process Corner)
  Requirement:            0.000ns  (PS2_CLK_pin fall@50.000ns - PS2_CLK_pin fall@50.000ns)
  Data Path Delay:        0.268ns  (logic 0.133ns (49.592%)  route 0.135ns (50.409%))
  Logic Levels:           0  
  Clock Path Skew:        0.015ns (DCD - SCD - CPR)
    Destination Clock Delay (DCD):    2.027ns = ( 52.027 - 50.000 ) 
    Source Clock Delay      (SCD):    1.509ns = ( 51.509 - 50.000 ) 
    Clock Pessimism Removal (CPR):    0.502ns

    Location             Delay type                Incr(ns)  Path(ns)    Netlist Resource(s)
  -------------------------------------------------------------------    -------------------
                         (clock PS2_CLK_pin fall edge)
                                                     50.000    50.000 f  
    F4                                                0.000    50.000 f  PS2_CLK (IN)
                         net (fo=0)                   0.000    50.000    PS2_CLK
    F4                   IBUF (Prop_ibuf_I_O)         0.240    50.240 f  PS2_CLK_IBUF_inst/O
                         net (fo=1, routed)           0.644    50.884    PS2_CLK_IBUF
    BUFGCTRL_X0Y16       BUFG (Prop_bufg_I_O)         0.026    50.910 f  PS2_CLK_IBUF_BUFG_inst/O
                         net (fo=40, routed)          0.600    51.509    PS2_CLK_IBUF_BUFG
    SLICE_X3Y85          FDCE                                         r  sreg_reg[4]/C  (IS_INVERTED)
  -------------------------------------------------------------------    -------------------
    SLICE_X3Y85          FDCE (Prop_fdce_C_Q)         0.133    51.642 r  sreg_reg[4]/Q
                         net (fo=3, routed)           0.135    51.778    p_3_in
    SLICE_X1Y85          FDCE                                         r  curr_byte_reg[4]/D
  -------------------------------------------------------------------    -------------------

                         (clock PS2_CLK_pin fall edge)
                                                     50.000    50.000 f  
    F4                                                0.000    50.000 f  PS2_CLK (IN)
                         net (fo=0)                   0.000    50.000    PS2_CLK
    F4                   IBUF (Prop_ibuf_I_O)         0.427    50.427 f  PS2_CLK_IBUF_inst/O
                         net (fo=1, routed)           0.699    51.126    PS2_CLK_IBUF
    BUFGCTRL_X0Y16       BUFG (Prop_bufg_I_O)         0.029    51.155 f  PS2_CLK_IBUF_BUFG_inst/O
                         net (fo=40, routed)          0.872    52.027    PS2_CLK_IBUF_BUFG
    SLICE_X1Y85          FDCE                                         r  curr_byte_reg[4]/C  (IS_INVERTED)
                         clock pessimism             -0.502    51.524    
    SLICE_X1Y85          FDCE (Hold_fdce_C_D)         0.019    51.543    curr_byte_reg[4]
  -------------------------------------------------------------------
                         required time                        -51.543    
                         arrival time                          51.778    
  -------------------------------------------------------------------
                         slack                                  0.234    

Slack (MET) :             0.235ns  (arrival time - required time)
  Source:                 curr_byte_reg[4]/C
                            (falling edge-triggered cell FDCE clocked by PS2_CLK_pin  {rise@0.000ns fall@50.000ns period=100.000ns})
  Destination:            prev_byte_reg[4]/D
                            (falling edge-triggered cell FDCE clocked by PS2_CLK_pin  {rise@0.000ns fall@50.000ns period=100.000ns})
  Path Group:             PS2_CLK_pin
  Path Type:              Hold (Min at Fast Process Corner)
  Requirement:            0.000ns  (PS2_CLK_pin fall@50.000ns - PS2_CLK_pin fall@50.000ns)
  Data Path Delay:        0.325ns  (logic 0.146ns (44.880%)  route 0.179ns (55.120%))
  Logic Levels:           0  
  Clock Path Skew:        0.013ns (DCD - SCD - CPR)
    Destination Clock Delay (DCD):    2.027ns = ( 52.027 - 50.000 ) 
    Source Clock Delay      (SCD):    1.509ns = ( 51.509 - 50.000 ) 
    Clock Pessimism Removal (CPR):    0.504ns

    Location             Delay type                Incr(ns)  Path(ns)    Netlist Resource(s)
  -------------------------------------------------------------------    -------------------
                         (clock PS2_CLK_pin fall edge)
                                                     50.000    50.000 f  
    F4                                                0.000    50.000 f  PS2_CLK (IN)
                         net (fo=0)                   0.000    50.000    PS2_CLK
    F4                   IBUF (Prop_ibuf_I_O)         0.240    50.240 f  PS2_CLK_IBUF_inst/O
                         net (fo=1, routed)           0.644    50.884    PS2_CLK_IBUF
    BUFGCTRL_X0Y16       BUFG (Prop_bufg_I_O)         0.026    50.910 f  PS2_CLK_IBUF_BUFG_inst/O
                         net (fo=40, routed)          0.600    51.509    PS2_CLK_IBUF_BUFG
    SLICE_X1Y85          FDCE                                         r  curr_byte_reg[4]/C  (IS_INVERTED)
  -------------------------------------------------------------------    -------------------
    SLICE_X1Y85          FDCE (Prop_fdce_C_Q)         0.146    51.655 r  curr_byte_reg[4]/Q
                         net (fo=2, routed)           0.179    51.835    curr_byte[4]
    SLICE_X0Y85          FDCE                                         r  prev_byte_reg[4]/D
  -------------------------------------------------------------------    -------------------

                         (clock PS2_CLK_pin fall edge)
                                                     50.000    50.000 f  
    F4                                                0.000    50.000 f  PS2_CLK (IN)
                         net (fo=0)                   0.000    50.000    PS2_CLK
    F4                   IBUF (Prop_ibuf_I_O)         0.427    50.427 f  PS2_CLK_IBUF_inst/O
                         net (fo=1, routed)           0.699    51.126    PS2_CLK_IBUF
    BUFGCTRL_X0Y16       BUFG (Prop_bufg_I_O)         0.029    51.155 f  PS2_CLK_IBUF_BUFG_inst/O
                         net (fo=40, routed)          0.872    52.027    PS2_CLK_IBUF_BUFG
    SLICE_X0Y85          FDCE                                         r  prev_byte_reg[4]/C  (IS_INVERTED)
                         clock pessimism             -0.504    51.522    
    SLICE_X0Y85          FDCE (Hold_fdce_C_D)         0.077    51.599    prev_byte_reg[4]
  -------------------------------------------------------------------
                         required time                        -51.599    
                         arrival time                          51.835    
  -------------------------------------------------------------------
                         slack                                  0.235    

Slack (MET) :             0.238ns  (arrival time - required time)
  Source:                 sreg_reg[3]/C
                            (falling edge-triggered cell FDCE clocked by PS2_CLK_pin  {rise@0.000ns fall@50.000ns period=100.000ns})
  Destination:            curr_byte_reg[3]/D
                            (falling edge-triggered cell FDCE clocked by PS2_CLK_pin  {rise@0.000ns fall@50.000ns period=100.000ns})
  Path Group:             PS2_CLK_pin
  Path Type:              Hold (Min at Fast Process Corner)
  Requirement:            0.000ns  (PS2_CLK_pin fall@50.000ns - PS2_CLK_pin fall@50.000ns)
  Data Path Delay:        0.306ns  (logic 0.146ns (47.684%)  route 0.160ns (52.316%))
  Logic Levels:           0  
  Clock Path Skew:        0.014ns (DCD - SCD - CPR)
    Destination Clock Delay (DCD):    2.026ns = ( 52.026 - 50.000 ) 
    Source Clock Delay      (SCD):    1.509ns = ( 51.509 - 50.000 ) 
    Clock Pessimism Removal (CPR):    0.502ns

    Location             Delay type                Incr(ns)  Path(ns)    Netlist Resource(s)
  -------------------------------------------------------------------    -------------------
                         (clock PS2_CLK_pin fall edge)
                                                     50.000    50.000 f  
    F4                                                0.000    50.000 f  PS2_CLK (IN)
                         net (fo=0)                   0.000    50.000    PS2_CLK
    F4                   IBUF (Prop_ibuf_I_O)         0.240    50.240 f  PS2_CLK_IBUF_inst/O
                         net (fo=1, routed)           0.644    50.884    PS2_CLK_IBUF
    BUFGCTRL_X0Y16       BUFG (Prop_bufg_I_O)         0.026    50.910 f  PS2_CLK_IBUF_BUFG_inst/O
                         net (fo=40, routed)          0.600    51.509    PS2_CLK_IBUF_BUFG
    SLICE_X3Y85          FDCE                                         r  sreg_reg[3]/C  (IS_INVERTED)
  -------------------------------------------------------------------    -------------------
    SLICE_X3Y85          FDCE (Prop_fdce_C_Q)         0.146    51.655 r  sreg_reg[3]/Q
                         net (fo=3, routed)           0.160    51.816    p_2_in
    SLICE_X1Y84          FDCE                                         r  curr_byte_reg[3]/D
  -------------------------------------------------------------------    -------------------

                         (clock PS2_CLK_pin fall edge)
                                                     50.000    50.000 f  
    F4                                                0.000    50.000 f  PS2_CLK (IN)
                         net (fo=0)                   0.000    50.000    PS2_CLK
    F4                   IBUF (Prop_ibuf_I_O)         0.427    50.427 f  PS2_CLK_IBUF_inst/O
                         net (fo=1, routed)           0.699    51.126    PS2_CLK_IBUF
    BUFGCTRL_X0Y16       BUFG (Prop_bufg_I_O)         0.029    51.155 f  PS2_CLK_IBUF_BUFG_inst/O
                         net (fo=40, routed)          0.871    52.026    PS2_CLK_IBUF_BUFG
    SLICE_X1Y84          FDCE                                         r  curr_byte_reg[3]/C  (IS_INVERTED)
                         clock pessimism             -0.502    51.523    
    SLICE_X1Y84          FDCE (Hold_fdce_C_D)         0.054    51.577    curr_byte_reg[3]
  -------------------------------------------------------------------
                         required time                        -51.577    
                         arrival time                          51.816    
  -------------------------------------------------------------------
                         slack                                  0.238    





Pulse Width Checks
--------------------------------------------------------------------------------------
Clock Name:         PS2_CLK_pin
Waveform(ns):       { 0.000 50.000 }
Period(ns):         100.000
Sources:            { PS2_CLK }

Check Type        Corner  Lib Pin  Reference Pin  Required(ns)  Actual(ns)  Slack(ns)  Location        Pin
Min Period        n/a     BUFG/I   n/a            2.155         100.000     97.845     BUFGCTRL_X0Y16  PS2_CLK_IBUF_BUFG_inst/I
Min Period        n/a     FDPE/C   n/a            1.000         100.000     99.000     SLICE_X3Y84     FSM_onehot_sstate_reg[0]/C
Min Period        n/a     FDCE/C   n/a            1.000         100.000     99.000     SLICE_X3Y84     FSM_onehot_sstate_reg[10]/C
Min Period        n/a     FDCE/C   n/a            1.000         100.000     99.000     SLICE_X3Y84     FSM_onehot_sstate_reg[1]/C
Min Period        n/a     FDCE/C   n/a            1.000         100.000     99.000     SLICE_X2Y84     FSM_onehot_sstate_reg[2]/C
Min Period        n/a     FDCE/C   n/a            1.000         100.000     99.000     SLICE_X2Y84     FSM_onehot_sstate_reg[3]/C
Min Period        n/a     FDCE/C   n/a            1.000         100.000     99.000     SLICE_X2Y84     FSM_onehot_sstate_reg[4]/C
Min Period        n/a     FDCE/C   n/a            1.000         100.000     99.000     SLICE_X2Y84     FSM_onehot_sstate_reg[5]/C
Min Period        n/a     FDCE/C   n/a            1.000         100.000     99.000     SLICE_X2Y84     FSM_onehot_sstate_reg[6]/C
Min Period        n/a     FDCE/C   n/a            1.000         100.000     99.000     SLICE_X3Y84     FSM_onehot_sstate_reg[7]/C
Low Pulse Width   Slow    FDCE/C   n/a            0.500         50.000      49.500     SLICE_X4Y85     spar_reg/C
Low Pulse Width   Slow    FDPE/C   n/a            0.500         50.000      49.500     SLICE_X3Y84     FSM_onehot_sstate_reg[0]/C
Low Pulse Width   Fast    FDPE/C   n/a            0.500         50.000      49.500     SLICE_X3Y84     FSM_onehot_sstate_reg[0]/C
Low Pulse Width   Slow    FDCE/C   n/a            0.500         50.000      49.500     SLICE_X3Y84     FSM_onehot_sstate_reg[10]/C
Low Pulse Width   Fast    FDCE/C   n/a            0.500         50.000      49.500     SLICE_X3Y84     FSM_onehot_sstate_reg[10]/C
Low Pulse Width   Slow    FDCE/C   n/a            0.500         50.000      49.500     SLICE_X3Y84     FSM_onehot_sstate_reg[1]/C
Low Pulse Width   Fast    FDCE/C   n/a            0.500         50.000      49.500     SLICE_X3Y84     FSM_onehot_sstate_reg[1]/C
Low Pulse Width   Slow    FDCE/C   n/a            0.500         50.000      49.500     SLICE_X2Y84     FSM_onehot_sstate_reg[2]/C
Low Pulse Width   Fast    FDCE/C   n/a            0.500         50.000      49.500     SLICE_X2Y84     FSM_onehot_sstate_reg[2]/C
Low Pulse Width   Slow    FDCE/C   n/a            0.500         50.000      49.500     SLICE_X2Y84     FSM_onehot_sstate_reg[3]/C
High Pulse Width  Fast    FDCE/C   n/a            0.500         50.000      49.500     SLICE_X2Y85     curr_byte_reg[0]/C
High Pulse Width  Fast    FDCE/C   n/a            0.500         50.000      49.500     SLICE_X1Y85     curr_byte_reg[1]/C
High Pulse Width  Fast    FDCE/C   n/a            0.500         50.000      49.500     SLICE_X1Y85     curr_byte_reg[4]/C
High Pulse Width  Fast    FDCE/C   n/a            0.500         50.000      49.500     SLICE_X2Y85     curr_byte_reg[5]/C
High Pulse Width  Fast    FDCE/C   n/a            0.500         50.000      49.500     SLICE_X1Y85     curr_byte_reg[7]/C
High Pulse Width  Fast    FDCE/C   n/a            0.500         50.000      49.500     SLICE_X2Y85     curr_calc_par_reg/C
High Pulse Width  Fast    FDCE/C   n/a            0.500         50.000      49.500     SLICE_X2Y85     curr_par_reg/C
High Pulse Width  Fast    FDCE/C   n/a            0.500         50.000      49.500     SLICE_X0Y85     prev_byte_reg[0]/C
High Pulse Width  Fast    FDCE/C   n/a            0.500         50.000      49.500     SLICE_X0Y85     prev_byte_reg[1]/C
High Pulse Width  Fast    FDCE/C   n/a            0.500         50.000      49.500     SLICE_X0Y85     prev_byte_reg[4]/C



