#-----------------------------------------------------------
# Vivado v2019.1 (64-bit)
# SW Build 2552052 on Fri May 24 14:49:42 MDT 2019
# IP Build 2548770 on Fri May 24 18:01:18 MDT 2019
# Start of session at: Fri Sep 11 11:47:16 2026
# Process ID: 20744
# Current directory: C:/Users/DIEGO/Documents/Reconfig/Tutorials/Tutorial2
# Command line: vivado.exe -gui_launcher_event rodinguilauncherevent15800 C:\Users\DIEGO\Documents\Reconfig\Tutorials\Tutorial2\Tutorial2.xpr
# Log file: C:/Users/DIEGO/Documents/Reconfig/Tutorials/Tutorial2/vivado.log
# Journal file: C:/Users/DIEGO/Documents/Reconfig/Tutorials/Tutorial2\vivado.jou
#-----------------------------------------------------------sstart_guiopen_project C:/Users/DIEGO/Documents/Reconfig/Tutorials/Tutorial2/Tutorial2.xpr
SScanning sources...FFinished scanning sourcesIINFO: [IP_Flow 19-234] Refreshing IP repositories
INFO: [IP_Flow 19-1704] No user IP repositories specifiedIINFO: [IP_Flow 19-2313] Loaded Vivado IP repository 'D:/Vivado/2019.1/data/ip'.oopen_project: Time (s): cpu = 00:00:07 ; elapsed = 00:00:14 . Memory (MB): peak = 685.738 ; gain = 77.910uupdate_compile_order -fileset sources_1esynth_design -rtl -name rtl_1
Command: synth_design -rtl -name rtl_1
Starting synth_design
Using part: xc7k70tfbv676-1
Top: handshakeTop
INFO: [Device 21-403] Loading part xc7k70tfbv676-1
---------------------------------------------------------------------------------
Starting RTL Elaboration : Time (s): cpu = 00:00:02 ; elapsed = 00:00:03 . Memory (MB): peak = 1101.203 ; gain = 175.738
---------------------------------------------------------------------------------
INFO: [Synth 8-638] synthesizing module 'handshakeTop' [C:/Users/DIEGO/Documents/Reconfig/Tutorials/Tutorial2/Tutorial2.srcs/sources_1/new/handshakeTop.vhd:20]
INFO: [Synth 8-3491] module 'producer' declared at 'C:/Users/DIEGO/Documents/Reconfig/Tutorials/Tutorial2/Tutorial2.srcs/sources_1/new/producer.vhd:7' bound to instance 'prod' of component 'producer' [C:/Users/DIEGO/Documents/Reconfig/Tutorials/Tutorial2/Tutorial2.srcs/sources_1/new/handshakeTop.vhd:53]
INFO: [Synth 8-638] synthesizing module 'producer' [C:/Users/DIEGO/Documents/Reconfig/Tutorials/Tutorial2/Tutorial2.srcs/sources_1/new/producer.vhd:22]
INFO: [Synth 8-256] done synthesizing module 'producer' (1#1) [C:/Users/DIEGO/Documents/Reconfig/Tutorials/Tutorial2/Tutorial2.srcs/sources_1/new/producer.vhd:22]
INFO: [Synth 8-3491] module 'consumer' declared at 'C:/Users/DIEGO/Documents/Reconfig/Tutorials/Tutorial2/Tutorial2.srcs/sources_1/new/consumer.vhd:7' bound to instance 'cons' of component 'consumer' [C:/Users/DIEGO/Documents/Reconfig/Tutorials/Tutorial2/Tutorial2.srcs/sources_1/new/handshakeTop.vhd:63]
INFO: [Synth 8-638] synthesizing module 'consumer' [C:/Users/DIEGO/Documents/Reconfig/Tutorials/Tutorial2/Tutorial2.srcs/sources_1/new/consumer.vhd:21]
INFO: [Synth 8-256] done synthesizing module 'consumer' (2#1) [C:/Users/DIEGO/Documents/Reconfig/Tutorials/Tutorial2/Tutorial2.srcs/sources_1/new/consumer.vhd:21]
INFO: [Synth 8-256] done synthesizing module 'handshakeTop' (3#1) [C:/Users/DIEGO/Documents/Reconfig/Tutorials/Tutorial2/Tutorial2.srcs/sources_1/new/handshakeTop.vhd:20]
---------------------------------------------------------------------------------
Finished RTL Elaboration : Time (s): cpu = 00:00:03 ; elapsed = 00:00:04 . Memory (MB): peak = 1162.137 ; gain = 236.672
---------------------------------------------------------------------------------

Report Check Netlist: 
+------+------------------+-------+---------+-------+------------------+
|      |Item              |Errors |Warnings |Status |Description       |
+------+------------------+-------+---------+-------+------------------+
|1     |multi_driven_nets |      0|        0|Passed |Multi driven nets |
+------+------------------+-------+---------+-------+------------------+
---------------------------------------------------------------------------------
Start Handling Custom Attributes
---------------------------------------------------------------------------------
---------------------------------------------------------------------------------
Finished Handling Custom Attributes : Time (s): cpu = 00:00:03 ; elapsed = 00:00:05 . Memory (MB): peak = 1162.137 ; gain = 236.672
---------------------------------------------------------------------------------
---------------------------------------------------------------------------------
Finished RTL Optimization Phase 1 : Time (s): cpu = 00:00:03 ; elapsed = 00:00:05 . Memory (MB): peak = 1162.137 ; gain = 236.672
---------------------------------------------------------------------------------
INFO: [Project 1-570] Preparing netlist for logic optimization

Processing XDC Constraints
Initializing timing engine
Completed Processing XDC Constraints

INFO: [Opt 31-138] Pushed 0 inverter(s) to 0 load pin(s).
Netlist sorting complete. Time (s): cpu = 00:00:00 ; elapsed = 00:00:00 . Memory (MB): peak = 1263.641 ; gain = 0.000
INFO: [Project 1-111] Unisim Transformation Summary:
No Unisim elements were transformed.

RTL Elaboration Complete:  : Time (s): cpu = 00:00:09 ; elapsed = 00:00:09 . Memory (MB): peak = 1303.152 ; gain = 377.688
12 Infos, 0 Warnings, 0 Critical Warnings and 0 Errors encountered.
synth_design completed successfully
synth_design: Time (s): cpu = 00:00:13 ; elapsed = 00:00:15 . Memory (MB): peak = 1303.152 ; gain = 602.035
launch_simulation
INFO: [Vivado 12-5682] Launching behavioral simulation in 'C:/Users/DIEGO/Documents/Reconfig/Tutorials/Tutorial2/Tutorial2.sim/sim_1/behav/xsim'
INFO: [SIM-utils-51] Simulation object is 'sim_1'
INFO: [SIM-utils-54] Inspecting design source files for 'handshake_tb' in fileset 'sim_1'...
INFO: [USF-XSim-97] Finding global include files...
INFO: [USF-XSim-98] Fetching design files from 'sim_1'...
INFO: [USF-XSim-2] XSim::Compile design
INFO: [USF-XSim-61] Executing 'COMPILE and ANALYZE' step in 'C:/Users/DIEGO/Documents/Reconfig/Tutorials/Tutorial2/Tutorial2.sim/sim_1/behav/xsim'
"xvhdl --incr --relax -prj handshake_tb_vhdl.prj"
INFO: [VRFC 10-163] Analyzing VHDL file "C:/Users/DIEGO/Documents/Reconfig/Tutorials/Tutorial2/Tutorial2.srcs/sources_1/new/consumer.vhd" into library xil_defaultlib
INFO: [VRFC 10-3107] analyzing entity 'consumer'
INFO: [VRFC 10-163] Analyzing VHDL file "C:/Users/DIEGO/Documents/Reconfig/Tutorials/Tutorial2/Tutorial2.srcs/sources_1/new/handshakeTop.vhd" into library xil_defaultlib
INFO: [VRFC 10-3107] analyzing entity 'handshakeTop'
INFO: [VRFC 10-163] Analyzing VHDL file "C:/Users/DIEGO/Documents/Reconfig/Tutorials/Tutorial2/Tutorial2.srcs/sources_1/new/producer.vhd" into library xil_defaultlib
INFO: [VRFC 10-3107] analyzing entity 'producer'
INFO: [VRFC 10-163] Analyzing VHDL file "C:/Users/DIEGO/Documents/Reconfig/Tutorials/Tutorial2/Tutorial2.srcs/sim_1/new/handshake_tb.vhd" into library xil_defaultlib
INFO: [VRFC 10-3107] analyzing entity 'handshake_tb'
INFO: [USF-XSim-69] 'compile' step finished in '4' seconds
INFO: [USF-XSim-3] XSim::Elaborate design
INFO: [USF-XSim-61] Executing 'ELABORATE' step in 'C:/Users/DIEGO/Documents/Reconfig/Tutorials/Tutorial2/Tutorial2.sim/sim_1/behav/xsim'
"xelab -wto 3e653c4b8d294056816c25fc8e7137f8 --incr --debug typical --relax --mt 2 -L xil_defaultlib -L secureip --snapshot handshake_tb_behav xil_defaultlib.handshake_tb -log elaborate.log"
Vivado Simulator 2019.1
Copyright 1986-1999, 2001-2019 Xilinx, Inc. All Rights Reserved.
Running: D:/Vivado/2019.1/bin/unwrapped/win64.o/xelab.exe -wto 3e653c4b8d294056816c25fc8e7137f8 --incr --debug typical --relax --mt 2 -L xil_defaultlib -L secureip --snapshot handshake_tb_behav xil_defaultlib.handshake_tb -log elaborate.log 
Using 2 slave threads.
Starting static elaboration
Completed static elaboration
Starting simulation data flow analysis
Completed simulation data flow analysis
Time Resolution for simulation is 1ps
Compiling package std.standard
Compiling package std.textio
Compiling package ieee.std_logic_1164
Compiling package ieee.numeric_std
Compiling architecture behavioral of entity xil_defaultlib.producer [producer_default]
Compiling architecture behavioral of entity xil_defaultlib.consumer [consumer_default]
Compiling architecture behavioral of entity xil_defaultlib.handshakeTop [handshaketop_default]
Compiling architecture behavioral of entity xil_defaultlib.handshake_tb
Built simulation snapshot handshake_tb_behav

****** Webtalk v2019.1 (64-bit)
  **** SW Build 2552052 on Fri May 24 14:49:42 MDT 2019
  **** IP Build 2548770 on Fri May 24 18:01:18 MDT 2019
    ** Copyright 1986-2019 Xilinx, Inc. All Rights Reserved.

source C:/Users/DIEGO/Documents/Reconfig/Tutorials/Tutorial2/Tutorial2.sim/sim_1/behav/xsim/xsim.dir/handshake_tb_behav/webtalk/xsim_webtalk.tcl -notrace
INFO: [Common 17-206] Exiting Webtalk at Fri Sep 11 11:55:52 2026...
run_program: Time (s): cpu = 00:00:01 ; elapsed = 00:00:08 . Memory (MB): peak = 1303.152 ; gain = 0.000
INFO: [USF-XSim-69] 'elaborate' step finished in '8' seconds
INFO: [USF-XSim-4] XSim::Simulate design
INFO: [USF-XSim-61] Executing 'SIMULATE' step in 'C:/Users/DIEGO/Documents/Reconfig/Tutorials/Tutorial2/Tutorial2.sim/sim_1/behav/xsim'
INFO: [USF-XSim-98] *** Running xsim
   with args "handshake_tb_behav -key {Behavioral:sim_1:Functional:handshake_tb} -tclbatch {handshake_tb.tcl} -log {simulate.log}"
INFO: [USF-XSim-8] Loading simulator feature
Vivado Simulator 2019.1
Time resolution is 1 ps
source handshake_tb.tcl
# set curr_wave [current_wave_config]
# if { [string length $curr_wave] == 0 } {
#   if { [llength [get_objects]] > 0} {
#     add_wave /
#     set_property needs_save false [current_wave_config]
#   } else {
#      send_msg_id Add_Wave-1 WARNING "No top level signals found. Simulator will start without a wave window. If you want to open a wave window go to 'File->New Waveform Configuration' or type 'create_wave_config' in the TCL console."
#   }
# }
# run 1000ns
Failure: Simulation Finished
Time: 200 ns  Iteration: 0  Process: /handshake_tb/stim_proc  File: C:/Users/DIEGO/Documents/Reconfig/Tutorials/Tutorial2/Tutorial2.srcs/sim_1/new/handshake_tb.vhd
$finish called at time : 200 ns : File "C:/Users/DIEGO/Documents/Reconfig/Tutorials/Tutorial2/Tutorial2.srcs/sim_1/new/handshake_tb.vhd" Line 63
INFO: [USF-XSim-96] XSim completed. Design snapshot 'handshake_tb_behav' loaded.
INFO: [USF-XSim-97] XSim simulation ran for 1000ns
launch_simulation: Time (s): cpu = 00:00:05 ; elapsed = 00:00:15 . Memory (MB): peak = 1321.129 ; gain = 17.977
restart
INFO: [Simtcl 6-17] Simulation restarted
run all
Failure: Simulation Finished
Time: 200 ns  Iteration: 0  Process: /handshake_tb/stim_proc  File: C:/Users/DIEGO/Documents/Reconfig/Tutorials/Tutorial2/Tutorial2.srcs/sim_1/new/handshake_tb.vhd
$finish called at time : 200 ns : File "C:/Users/DIEGO/Documents/Reconfig/Tutorials/Tutorial2/Tutorial2.srcs/sim_1/new/handshake_tb.vhd" Line 63
launch_runs synth_1 -jobs 12
[Fri Sep 11 12:10:38 2026] Launched synth_1...
Run output will be captured here: C:/Users/DIEGO/Documents/Reconfig/Tutorials/Tutorial2/Tutorial2.runs/synth_1/runme.log
close_sim
INFO: [Simtcl 6-16] Simulation closed
INFO: [IP_Flow 19-1839] IP Catalog is up to date.
INFO: [IP_Flow 19-1839] IP Catalog is up to date.
INFO: [IP_Flow 19-1839] IP Catalog is up to date.
INFO: [IP_Flow 19-1839] IP Catalog is up to date.
INFO: [IP_Flow 19-1839] IP Catalog is up to date.
INFO: [IP_Flow 19-1839] IP Catalog is up to date.
INFO: [IP_Flow 19-1839] IP Catalog is up to date.
INFO: [IP_Flow 19-1839] IP Catalog is up to date.
INFO: [IP_Flow 19-1839] IP Catalog is up to date.
INFO: [IP_Flow 19-1839] IP Catalog is up to date.
INFO: [IP_Flow 19-1839] IP Catalog is up to date.
INFO: [IP_Flow 19-1839] IP Catalog is up to date.
INFO: [IP_Flow 19-1839] IP Catalog is up to date.
close_design
open_run synth_1 -name synth_1
Design is defaulting to impl run constrset: constrs_1
Design is defaulting to synth run part: xc7k70tfbv676-1
INFO: [Project 1-479] Netlist was created with Vivado 2019.1
INFO: [Project 1-570] Preparing netlist for logic optimization
INFO: [Opt 31-138] Pushed 0 inverter(s) to 0 load pin(s).
Netlist sorting complete. Time (s): cpu = 00:00:00 ; elapsed = 00:00:00 . Memory (MB): peak = 1361.863 ; gain = 0.000
INFO: [Project 1-111] Unisim Transformation Summary:
No Unisim elements were transformed.

synth_design -rtl -name rtl_1
Command: synth_design -rtl -name rtl_1
Starting synth_design
Using part: xc7k70tfbv676-1
Top: handshakeTop
---------------------------------------------------------------------------------
Starting RTL Elaboration : Time (s): cpu = 00:00:02 ; elapsed = 00:00:02 . Memory (MB): peak = 2158.988 ; gain = 43.387
---------------------------------------------------------------------------------
INFO: [Synth 8-638] synthesizing module 'handshakeTop' [C:/Users/DIEGO/Documents/Reconfig/Tutorials/Tutorial2/Tutorial2.srcs/sources_1/new/handshakeTop.vhd:20]
INFO: [Synth 8-3491] module 'producer' declared at 'C:/Users/DIEGO/Documents/Reconfig/Tutorials/Tutorial2/Tutorial2.srcs/sources_1/new/producer.vhd:7' bound to instance 'prod' of component 'producer' [C:/Users/DIEGO/Documents/Reconfig/Tutorials/Tutorial2/Tutorial2.srcs/sources_1/new/handshakeTop.vhd:53]
INFO: [Synth 8-638] synthesizing module 'producer' [C:/Users/DIEGO/Documents/Reconfig/Tutorials/Tutorial2/Tutorial2.srcs/sources_1/new/producer.vhd:22]
INFO: [Synth 8-256] done synthesizing module 'producer' (1#1) [C:/Users/DIEGO/Documents/Reconfig/Tutorials/Tutorial2/Tutorial2.srcs/sources_1/new/producer.vhd:22]
INFO: [Synth 8-3491] module 'consumer' declared at 'C:/Users/DIEGO/Documents/Reconfig/Tutorials/Tutorial2/Tutorial2.srcs/sources_1/new/consumer.vhd:7' bound to instance 'cons' of component 'consumer' [C:/Users/DIEGO/Documents/Reconfig/Tutorials/Tutorial2/Tutorial2.srcs/sources_1/new/handshakeTop.vhd:63]
INFO: [Synth 8-638] synthesizing module 'consumer' [C:/Users/DIEGO/Documents/Reconfig/Tutorials/Tutorial2/Tutorial2.srcs/sources_1/new/consumer.vhd:21]
INFO: [Synth 8-256] done synthesizing module 'consumer' (2#1) [C:/Users/DIEGO/Documents/Reconfig/Tutorials/Tutorial2/Tutorial2.srcs/sources_1/new/consumer.vhd:21]
INFO: [Synth 8-256] done synthesizing module 'handshakeTop' (3#1) [C:/Users/DIEGO/Documents/Reconfig/Tutorials/Tutorial2/Tutorial2.srcs/sources_1/new/handshakeTop.vhd:20]
---------------------------------------------------------------------------------
Finished RTL Elaboration : Time (s): cpu = 00:00:03 ; elapsed = 00:00:03 . Memory (MB): peak = 2189.961 ; gain = 74.359
---------------------------------------------------------------------------------

Report Check Netlist: 
+------+------------------+-------+---------+-------+------------------+
|      |Item              |Errors |Warnings |Status |Description       |
+------+------------------+-------+---------+-------+------------------+
|1     |multi_driven_nets |      0|        0|Passed |Multi driven nets |
+------+------------------+-------+---------+-------+------------------+
---------------------------------------------------------------------------------
Start Handling Custom Attributes
---------------------------------------------------------------------------------
---------------------------------------------------------------------------------
Finished Handling Custom Attributes : Time (s): cpu = 00:00:03 ; elapsed = 00:00:03 . Memory (MB): peak = 2213.852 ; gain = 98.250
---------------------------------------------------------------------------------
---------------------------------------------------------------------------------
Finished RTL Optimization Phase 1 : Time (s): cpu = 00:00:03 ; elapsed = 00:00:03 . Memory (MB): peak = 2213.852 ; gain = 98.250
---------------------------------------------------------------------------------
INFO: [Project 1-570] Preparing netlist for logic optimization

Processing XDC Constraints
Initializing timing engine
Completed Processing XDC Constraints

INFO: [Opt 31-138] Pushed 0 inverter(s) to 0 load pin(s).
Netlist sorting complete. Time (s): cpu = 00:00:00 ; elapsed = 00:00:00 . Memory (MB): peak = 2328.465 ; gain = 0.000
INFO: [Project 1-111] Unisim Transformation Summary:
No Unisim elements were transformed.

RTL Elaboration Complete:  : Time (s): cpu = 00:00:05 ; elapsed = 00:00:04 . Memory (MB): peak = 2328.465 ; gain = 212.863
11 Infos, 0 Warnings, 0 Critical Warnings and 0 Errors encountered.
synth_design completed successfully
current_design synth_1
current_design rtl_1
current_design synth_1
WARNING: [filemgmt 56-199] Attempt to get parsing info during refresh. "On-the-fly" syntax checking information may be incorrect. [C:/Users/DIEGO/Documents/Reconfig/Tutorials/Tutorial2/Tutorial2.srcs/sources_1/new/producer.vhd:]
WARNING: [filemgmt 56-199] Attempt to get parsing info during refresh. "On-the-fly" syntax checking information may be incorrect. [C:/Users/DIEGO/Documents/Reconfig/Tutorials/Tutorial2/Tutorial2.srcs/sources_1/new/consumer.vhd:]
WARNING: [filemgmt 56-199] Attempt to get parsing info during refresh. "On-the-fly" syntax checking information may be incorrect. [C:/Users/DIEGO/Documents/Reconfig/Tutorials/Tutorial2/Tutorial2.srcs/sim_1/new/handshake_tb.vhd:]
WARNING: [filemgmt 56-199] Attempt to get parsing info during refresh. "On-the-fly" syntax checking information may be incorrect. [C:/Users/DIEGO/Documents/Reconfig/Tutorials/Tutorial2/Tutorial2.srcs/sources_1/new/producer.vhd:]
WARNING: [filemgmt 56-199] Attempt to get parsing info during refresh. "On-the-fly" syntax checking information may be incorrect. [C:/Users/DIEGO/Documents/Reconfig/Tutorials/Tutorial2/Tutorial2.srcs/sources_1/new/consumer.vhd:]
WARNING: [filemgmt 56-199] Attempt to get parsing info during refresh. "On-the-fly" syntax checking information may be incorrect. [C:/Users/DIEGO/Documents/Reconfig/Tutorials/Tutorial2/Tutorial2.srcs/sim_1/new/handshake_tb.vhd:]
ERROR: [Common 17-180] Spawn failed: No error
set_property STEPS.SYNTH_DESIGN.ARGS.FSM_EXTRACTION one_hot [get_runs synth_1]
close_design
close_design
reset_run synth_1
launch_runs synth_1 -jobs 12
[Fri Sep 11 14:09:48 2026] Launched synth_1...
Run output will be captured here: C:/Users/DIEGO/Documents/Reconfig/Tutorials/Tutorial2/Tutorial2.runs/synth_1/runme.log
open_run synth_1 -name synth_1
Design is defaulting to impl run constrset: constrs_1
Design is defaulting to synth run part: xc7k70tfbv676-1
INFO: [Project 1-479] Netlist was created with Vivado 2019.1
INFO: [Project 1-570] Preparing netlist for logic optimization
INFO: [Opt 31-138] Pushed 0 inverter(s) to 0 load pin(s).
Netlist sorting complete. Time (s): cpu = 00:00:00 ; elapsed = 00:00:00 . Memory (MB): peak = 2450.215 ; gain = 0.000
INFO: [Project 1-111] Unisim Transformation Summary:
No Unisim elements were transformed.

close_design
set_property STEPS.SYNTH_DESIGN.ARGS.FSM_EXTRACTION sequential [get_runs synth_1]
reset_run synth_1
launch_runs synth_1 -jobs 12
[Fri Sep 11 14:15:55 2026] Launched synth_1...
Run output will be captured here: C:/Users/DIEGO/Documents/Reconfig/Tutorials/Tutorial2/Tutorial2.runs/synth_1/runme.log
open_run synth_1 -name synth_1
Design is defaulting to impl run constrset: constrs_1
Design is defaulting to synth run part: xc7k70tfbv676-1
INFO: [Project 1-479] Netlist was created with Vivado 2019.1
INFO: [Project 1-570] Preparing netlist for logic optimization
INFO: [Opt 31-138] Pushed 0 inverter(s) to 0 load pin(s).
Netlist sorting complete. Time (s): cpu = 00:00:00 ; elapsed = 00:00:00 . Memory (MB): peak = 2450.215 ; gain = 0.000
INFO: [Project 1-111] Unisim Transformation Summary:
No Unisim elements were transformed.

launch_simulation -mode post-synthesis -type functional
INFO: [Vivado 12-5682] Launching post-synthesis functional simulation in 'C:/Users/DIEGO/Documents/Reconfig/Tutorials/Tutorial2/Tutorial2.sim/sim_1/synth/func/xsim'
INFO: [SIM-utils-51] Simulation object is 'sim_1'
INFO: [SIM-utils-24] Writing simulation netlist file for design 'synth_1'...
INFO: [SIM-utils-26] write_vhdl -mode funcsim -nolib -force -file "C:/Users/DIEGO/Documents/Reconfig/Tutorials/Tutorial2/Tutorial2.sim/sim_1/synth/func/xsim/handshake_tb_func_synth.vhd"
INFO: [SIM-utils-36] Netlist generated:C:/Users/DIEGO/Documents/Reconfig/Tutorials/Tutorial2/Tutorial2.sim/sim_1/synth/func/xsim/handshake_tb_func_synth.vhd
INFO: [SIM-utils-54] Inspecting design source files for 'handshake_tb' in fileset 'sim_1'...
INFO: [USF-XSim-2] XSim::Compile design
INFO: [USF-XSim-61] Executing 'COMPILE and ANALYZE' step in 'C:/Users/DIEGO/Documents/Reconfig/Tutorials/Tutorial2/Tutorial2.sim/sim_1/synth/func/xsim'
"xvhdl --incr --relax -prj handshake_tb_vhdl.prj"
INFO: [VRFC 10-163] Analyzing VHDL file "C:/Users/DIEGO/Documents/Reconfig/Tutorials/Tutorial2/Tutorial2.sim/sim_1/synth/func/xsim/handshake_tb_func_synth.vhd" into library xil_defaultlib
INFO: [VRFC 10-3107] analyzing entity 'consumer'
INFO: [VRFC 10-3107] analyzing entity 'producer'
INFO: [VRFC 10-3107] analyzing entity 'handshakeTop'
INFO: [VRFC 10-163] Analyzing VHDL file "C:/Users/DIEGO/Documents/Reconfig/Tutorials/Tutorial2/Tutorial2.srcs/sim_1/new/handshake_tb.vhd" into library xil_defaultlib
INFO: [VRFC 10-3107] analyzing entity 'handshake_tb'
INFO: [USF-XSim-69] 'compile' step finished in '4' seconds
INFO: [USF-XSim-3] XSim::Elaborate design
INFO: [USF-XSim-61] Executing 'ELABORATE' step in 'C:/Users/DIEGO/Documents/Reconfig/Tutorials/Tutorial2/Tutorial2.sim/sim_1/synth/func/xsim'
"xelab -wto 3e653c4b8d294056816c25fc8e7137f8 --incr --debug typical --relax --mt 2 -L xil_defaultlib -L secureip --snapshot handshake_tb_func_synth xil_defaultlib.handshake_tb -log elaborate.log"
Vivado Simulator 2019.1
Copyright 1986-1999, 2001-2019 Xilinx, Inc. All Rights Reserved.
Running: D:/Vivado/2019.1/bin/unwrapped/win64.o/xelab.exe -wto 3e653c4b8d294056816c25fc8e7137f8 --incr --debug typical --relax --mt 2 -L xil_defaultlib -L secureip --snapshot handshake_tb_func_synth xil_defaultlib.handshake_tb -log elaborate.log 
Using 2 slave threads.
Starting static elaboration
Completed static elaboration
Starting simulation data flow analysis
Completed simulation data flow analysis
Time Resolution for simulation is 1ps
Compiling package std.standard
Compiling package std.textio
Compiling package ieee.std_logic_1164
Compiling package ieee.numeric_std
Compiling package unisim.vcomponents
Compiling package ieee.vital_timing
Compiling package ieee.vital_primitives
Compiling package unisim.vpkg
Compiling architecture lut3_v of entity unisim.LUT3 [\LUT3(init="00000110")(0,7)\]
Compiling architecture lut4_v of entity unisim.LUT4 [\LUT4(init="0100000000000100")(0...]
Compiling architecture fdre_v of entity unisim.FDRE [fdre_default]
Compiling architecture lut2_v of entity unisim.LUT2 [\LUT2(init="0010")(0,3)\]
Compiling architecture structure of entity xil_defaultlib.consumer [consumer_default]
Compiling architecture bufg_v of entity unisim.BUFG [bufg_default]
Compiling architecture ibuf_v of entity unisim.IBUF [\IBUF(1,9)(1,1)(1,4)(1,7)\]
Compiling architecture obuf_v of entity unisim.OBUF [\OBUF(1,9)(1,7)(1,4)\]
Compiling architecture lut5_v of entity unisim.LUT5 [\LUT5(init="11001110110011101100...]
Compiling architecture lut4_v of entity unisim.LUT4 [\LUT4(init="1110111011100010")(0...]
Compiling architecture structure of entity xil_defaultlib.producer [producer_default]
Compiling architecture structure of entity xil_defaultlib.handshakeTop [handshaketop_default]
Compiling architecture behavioral of entity xil_defaultlib.handshake_tb
Built simulation snapshot handshake_tb_func_synth

****** Webtalk v2019.1 (64-bit)
  **** SW Build 2552052 on Fri May 24 14:49:42 MDT 2019
  **** IP Build 2548770 on Fri May 24 18:01:18 MDT 2019
    ** Copyright 1986-2019 Xilinx, Inc. All Rights Reserved.

source C:/Users/DIEGO/Documents/Reconfig/Tutorials/Tutorial2/Tutorial2.sim/sim_1/synth/func/xsim/xsim.dir/handshake_tb_func_synth/webtalk/xsim_webtalk.tcl -notrace
INFO: [Common 17-206] Exiting Webtalk at Fri Sep 11 14:23:29 2026...
run_program: Time (s): cpu = 00:00:00 ; elapsed = 00:00:05 . Memory (MB): peak = 2450.215 ; gain = 0.000
INFO: [USF-XSim-69] 'elaborate' step finished in '5' seconds
INFO: [USF-XSim-4] XSim::Simulate design
INFO: [USF-XSim-61] Executing 'SIMULATE' step in 'C:/Users/DIEGO/Documents/Reconfig/Tutorials/Tutorial2/Tutorial2.sim/sim_1/synth/func/xsim'
INFO: [USF-XSim-98] *** Running xsim
   with args "handshake_tb_func_synth -key {Post-Synthesis:sim_1:Functional:handshake_tb} -tclbatch {handshake_tb.tcl} -log {simulate.log}"
INFO: [USF-XSim-8] Loading simulator feature
Vivado Simulator 2019.1
Time resolution is 1 ps
source handshake_tb.tcl
# set curr_wave [current_wave_config]
# if { [string length $curr_wave] == 0 } {
#   if { [llength [get_objects]] > 0} {
#     add_wave /
#     set_property needs_save false [current_wave_config]
#   } else {
#      send_msg_id Add_Wave-1 WARNING "No top level signals found. Simulator will start without a wave window. If you want to open a wave window go to 'File->New Waveform Configuration' or type 'create_wave_config' in the TCL console."
#   }
# }
# run 1000ns
Failure: Simulation Finished
Time: 200 ns  Iteration: 0  Process: /handshake_tb/stim_proc  File: C:/Users/DIEGO/Documents/Reconfig/Tutorials/Tutorial2/Tutorial2.srcs/sim_1/new/handshake_tb.vhd
$finish called at time : 200 ns : File "C:/Users/DIEGO/Documents/Reconfig/Tutorials/Tutorial2/Tutorial2.srcs/sim_1/new/handshake_tb.vhd" Line 63
INFO: [USF-XSim-96] XSim completed. Design snapshot 'handshake_tb_func_synth' loaded.
INFO: [USF-XSim-97] XSim simulation ran for 1000ns
launch_simulation: Time (s): cpu = 00:00:03 ; elapsed = 00:00:11 . Memory (MB): peak = 2450.215 ; gain = 0.000
restart
INFO: [Simtcl 6-17] Simulation restarted
run all
Failure: Simulation Finished
Time: 200 ns  Iteration: 0  Process: /handshake_tb/stim_proc  File: C:/Users/DIEGO/Documents/Reconfig/Tutorials/Tutorial2/Tutorial2.srcs/sim_1/new/handshake_tb.vhd
$finish called at time : 200 ns : File "C:/Users/DIEGO/Documents/Reconfig/Tutorials/Tutorial2/Tutorial2.srcs/sim_1/new/handshake_tb.vhd" Line 63
restart
INFO: [Simtcl 6-17] Simulation restarted
run all
Failure: Simulation Finished
Time: 200 ns  Iteration: 0  Process: /handshake_tb/stim_proc  File: C:/Users/DIEGO/Documents/Reconfig/Tutorials/Tutorial2/Tutorial2.srcs/sim_1/new/handshake_tb.vhd
$finish called at time : 200 ns : File "C:/Users/DIEGO/Documents/Reconfig/Tutorials/Tutorial2/Tutorial2.srcs/sim_1/new/handshake_tb.vhd" Line 63
close_sim
INFO: [Simtcl 6-16] Simulation closed
close_design
set_property STEPS.SYNTH_DESIGN.ARGS.FSM_EXTRACTION one_hot [get_runs synth_1]
reset_run synth_1
launch_runs synth_1 -jobs 12
[Fri Sep 11 14:30:15 2026] Launched synth_1...
Run output will be captured here: C:/Users/DIEGO/Documents/Reconfig/Tutorials/Tutorial2/Tutorial2.runs/synth_1/runme.log
open_run synth_1 -name synth_1
Design is defaulting to impl run constrset: constrs_1
Design is defaulting to synth run part: xc7k70tfbv676-1
INFO: [Project 1-479] Netlist was created with Vivado 2019.1
INFO: [Project 1-570] Preparing netlist for logic optimization
INFO: [Opt 31-138] Pushed 0 inverter(s) to 0 load pin(s).
Netlist sorting complete. Time (s): cpu = 00:00:00 ; elapsed = 00:00:00 . Memory (MB): peak = 2509.863 ; gain = 0.000
INFO: [Project 1-111] Unisim Transformation Summary:
No Unisim elements were transformed.

launch_simulation -mode post-synthesis -type functional
INFO: [Vivado 12-5682] Launching post-synthesis functional simulation in 'C:/Users/DIEGO/Documents/Reconfig/Tutorials/Tutorial2/Tutorial2.sim/sim_1/synth/func/xsim'
INFO: [SIM-utils-51] Simulation object is 'sim_1'
INFO: [SIM-utils-24] Writing simulation netlist file for design 'synth_1'...
INFO: [SIM-utils-26] write_vhdl -mode funcsim -nolib -force -file "C:/Users/DIEGO/Documents/Reconfig/Tutorials/Tutorial2/Tutorial2.sim/sim_1/synth/func/xsim/handshake_tb_func_synth.vhd"
INFO: [SIM-utils-36] Netlist generated:C:/Users/DIEGO/Documents/Reconfig/Tutorials/Tutorial2/Tutorial2.sim/sim_1/synth/func/xsim/handshake_tb_func_synth.vhd
INFO: [SIM-utils-54] Inspecting design source files for 'handshake_tb' in fileset 'sim_1'...
INFO: [USF-XSim-2] XSim::Compile design
INFO: [USF-XSim-61] Executing 'COMPILE and ANALYZE' step in 'C:/Users/DIEGO/Documents/Reconfig/Tutorials/Tutorial2/Tutorial2.sim/sim_1/synth/func/xsim'
"xvhdl --incr --relax -prj handshake_tb_vhdl.prj"
INFO: [VRFC 10-163] Analyzing VHDL file "C:/Users/DIEGO/Documents/Reconfig/Tutorials/Tutorial2/Tutorial2.sim/sim_1/synth/func/xsim/handshake_tb_func_synth.vhd" into library xil_defaultlib
INFO: [VRFC 10-3107] analyzing entity 'consumer'
INFO: [VRFC 10-3107] analyzing entity 'producer'
INFO: [VRFC 10-3107] analyzing entity 'handshakeTop'
INFO: [USF-XSim-69] 'compile' step finished in '1' seconds
INFO: [USF-XSim-3] XSim::Elaborate design
INFO: [USF-XSim-61] Executing 'ELABORATE' step in 'C:/Users/DIEGO/Documents/Reconfig/Tutorials/Tutorial2/Tutorial2.sim/sim_1/synth/func/xsim'
"xelab -wto 3e653c4b8d294056816c25fc8e7137f8 --incr --debug typical --relax --mt 2 -L xil_defaultlib -L secureip --snapshot handshake_tb_func_synth xil_defaultlib.handshake_tb -log elaborate.log"
Vivado Simulator 2019.1
Copyright 1986-1999, 2001-2019 Xilinx, Inc. All Rights Reserved.
Running: D:/Vivado/2019.1/bin/unwrapped/win64.o/xelab.exe -wto 3e653c4b8d294056816c25fc8e7137f8 --incr --debug typical --relax --mt 2 -L xil_defaultlib -L secureip --snapshot handshake_tb_func_synth xil_defaultlib.handshake_tb -log elaborate.log 
Using 2 slave threads.
Starting static elaboration
Completed static elaboration
Starting simulation data flow analysis
Completed simulation data flow analysis
Time Resolution for simulation is 1ps
Compiling package std.standard
Compiling package std.textio
Compiling package ieee.std_logic_1164
Compiling package ieee.numeric_std
Compiling package unisim.vcomponents
Compiling package ieee.vital_timing
Compiling package ieee.vital_primitives
Compiling package unisim.vpkg
Compiling architecture lut4_v of entity unisim.LUT4 [\LUT4(init="1111111010101010")(0...]
Compiling architecture lut4_v of entity unisim.LUT4 [\LUT4(init="0000001100000010")(0...]
Compiling architecture lut3_v of entity unisim.LUT3 [\LUT3(init="10101000")(0,7)\]
Compiling architecture fdse_v of entity unisim.FDSE [fdse_default]
Compiling architecture fdre_v of entity unisim.FDRE [fdre_default]
Compiling architecture structure of entity xil_defaultlib.consumer [consumer_default]
Compiling architecture bufg_v of entity unisim.BUFG [bufg_default]
Compiling architecture ibuf_v of entity unisim.IBUF [\IBUF(1,9)(1,1)(1,4)(1,7)\]
Compiling architecture obuf_v of entity unisim.OBUF [\OBUF(1,9)(1,7)(1,4)\]
Compiling architecture lut4_v of entity unisim.LUT4 [\LUT4(init="1111010001000100")(0...]
Compiling architecture lut4_v of entity unisim.LUT4 [\LUT4(init="1111100010001000")(0...]
Compiling architecture lut2_v of entity unisim.LUT2 [\LUT2(init="0010")(0,3)\]
Compiling architecture lut3_v of entity unisim.LUT3 [\LUT3(init="10111010")(0,7)\]
Compiling architecture structure of entity xil_defaultlib.producer [producer_default]
Compiling architecture structure of entity xil_defaultlib.handshakeTop [handshaketop_default]
Compiling architecture behavioral of entity xil_defaultlib.handshake_tb
Built simulation snapshot handshake_tb_func_synth
INFO: [USF-XSim-69] 'elaborate' step finished in '3' seconds
INFO: [USF-XSim-4] XSim::Simulate design
INFO: [USF-XSim-61] Executing 'SIMULATE' step in 'C:/Users/DIEGO/Documents/Reconfig/Tutorials/Tutorial2/Tutorial2.sim/sim_1/synth/func/xsim'
INFO: [USF-XSim-98] *** Running xsim
   with args "handshake_tb_func_synth -key {Post-Synthesis:sim_1:Functional:handshake_tb} -tclbatch {handshake_tb.tcl} -log {simulate.log}"
INFO: [USF-XSim-8] Loading simulator feature
Vivado Simulator 2019.1
Time resolution is 1 ps
source handshake_tb.tcl
# set curr_wave [current_wave_config]
# if { [string length $curr_wave] == 0 } {
#   if { [llength [get_objects]] > 0} {
#     add_wave /
#     set_property needs_save false [current_wave_config]
#   } else {
#      send_msg_id Add_Wave-1 WARNING "No top level signals found. Simulator will start without a wave window. If you want to open a wave window go to 'File->New Waveform Configuration' or type 'create_wave_config' in the TCL console."
#   }
# }
# run 1000ns
Failure: Simulation Finished
Time: 200 ns  Iteration: 0  Process: /handshake_tb/stim_proc  File: C:/Users/DIEGO/Documents/Reconfig/Tutorials/Tutorial2/Tutorial2.srcs/sim_1/new/handshake_tb.vhd
$finish called at time : 200 ns : File "C:/Users/DIEGO/Documents/Reconfig/Tutorials/Tutorial2/Tutorial2.srcs/sim_1/new/handshake_tb.vhd" Line 63
INFO: [USF-XSim-96] XSim completed. Design snapshot 'handshake_tb_func_synth' loaded.
INFO: [USF-XSim-97] XSim simulation ran for 1000ns
launch_simulation: Time (s): cpu = 00:00:02 ; elapsed = 00:00:07 . Memory (MB): peak = 2509.863 ; gain = 0.000
restart
INFO: [Simtcl 6-17] Simulation restarted
run all
Failure: Simulation Finished
Time: 200 ns  Iteration: 0  Process: /handshake_tb/stim_proc  File: C:/Users/DIEGO/Documents/Reconfig/Tutorials/Tutorial2/Tutorial2.srcs/sim_1/new/handshake_tb.vhd
$finish called at time : 200 ns : File "C:/Users/DIEGO/Documents/Reconfig/Tutorials/Tutorial2/Tutorial2.srcs/sim_1/new/handshake_tb.vhd" Line 63
close_sim
INFO: [Simtcl 6-16] Simulation closed
set_property STEPS.SYNTH_DESIGN.ARGS.FSM_EXTRACTION auto [get_runs synth_1]
close_design
synth_design -rtl -name rtl_1
Command: synth_design -rtl -name rtl_1
Starting synth_design
Using part: xc7k70tfbv676-1
Top: handshakeTop
---------------------------------------------------------------------------------
Starting RTL Elaboration : Time (s): cpu = 00:00:02 ; elapsed = 00:00:02 . Memory (MB): peak = 2515.434 ; gain = 0.000
---------------------------------------------------------------------------------
INFO: [Synth 8-638] synthesizing module 'handshakeTop' [C:/Users/DIEGO/Documents/Reconfig/Tutorials/Tutorial2/Tutorial2.srcs/sources_1/new/handshakeTop.vhd:20]
INFO: [Synth 8-3491] module 'producer' declared at 'C:/Users/DIEGO/Documents/Reconfig/Tutorials/Tutorial2/Tutorial2.srcs/sources_1/new/producer.vhd:7' bound to instance 'prod' of component 'producer' [C:/Users/DIEGO/Documents/Reconfig/Tutorials/Tutorial2/Tutorial2.srcs/sources_1/new/handshakeTop.vhd:53]
INFO: [Synth 8-638] synthesizing module 'producer' [C:/Users/DIEGO/Documents/Reconfig/Tutorials/Tutorial2/Tutorial2.srcs/sources_1/new/producer.vhd:22]
INFO: [Synth 8-256] done synthesizing module 'producer' (1#1) [C:/Users/DIEGO/Documents/Reconfig/Tutorials/Tutorial2/Tutorial2.srcs/sources_1/new/producer.vhd:22]
INFO: [Synth 8-3491] module 'consumer' declared at 'C:/Users/DIEGO/Documents/Reconfig/Tutorials/Tutorial2/Tutorial2.srcs/sources_1/new/consumer.vhd:7' bound to instance 'cons' of component 'consumer' [C:/Users/DIEGO/Documents/Reconfig/Tutorials/Tutorial2/Tutorial2.srcs/sources_1/new/handshakeTop.vhd:63]
INFO: [Synth 8-638] synthesizing module 'consumer' [C:/Users/DIEGO/Documents/Reconfig/Tutorials/Tutorial2/Tutorial2.srcs/sources_1/new/consumer.vhd:21]
INFO: [Synth 8-256] done synthesizing module 'consumer' (2#1) [C:/Users/DIEGO/Documents/Reconfig/Tutorials/Tutorial2/Tutorial2.srcs/sources_1/new/consumer.vhd:21]
INFO: [Synth 8-256] done synthesizing module 'handshakeTop' (3#1) [C:/Users/DIEGO/Documents/Reconfig/Tutorials/Tutorial2/Tutorial2.srcs/sources_1/new/handshakeTop.vhd:20]
---------------------------------------------------------------------------------
Finished RTL Elaboration : Time (s): cpu = 00:00:03 ; elapsed = 00:00:03 . Memory (MB): peak = 2515.434 ; gain = 0.000
---------------------------------------------------------------------------------

Report Check Netlist: 
+------+------------------+-------+---------+-------+------------------+
|      |Item              |Errors |Warnings |Status |Description       |
+------+------------------+-------+---------+-------+------------------+
|1     |multi_driven_nets |      0|        0|Passed |Multi driven nets |
+------+------------------+-------+---------+-------+------------------+
---------------------------------------------------------------------------------
Start Handling Custom Attributes
---------------------------------------------------------------------------------
---------------------------------------------------------------------------------
Finished Handling Custom Attributes : Time (s): cpu = 00:00:03 ; elapsed = 00:00:03 . Memory (MB): peak = 2515.434 ; gain = 0.000
---------------------------------------------------------------------------------
---------------------------------------------------------------------------------
Finished RTL Optimization Phase 1 : Time (s): cpu = 00:00:03 ; elapsed = 00:00:03 . Memory (MB): peak = 2515.434 ; gain = 0.000
---------------------------------------------------------------------------------
INFO: [Project 1-570] Preparing netlist for logic optimization

Processing XDC Constraints
Initializing timing engine
Completed Processing XDC Constraints

INFO: [Opt 31-138] Pushed 0 inverter(s) to 0 load pin(s).
Netlist sorting complete. Time (s): cpu = 00:00:00 ; elapsed = 00:00:00 . Memory (MB): peak = 2601.410 ; gain = 0.000
INFO: [Project 1-111] Unisim Transformation Summary:
No Unisim elements were transformed.

RTL Elaboration Complete:  : Time (s): cpu = 00:00:05 ; elapsed = 00:00:04 . Memory (MB): peak = 2601.410 ; gain = 85.977
11 Infos, 0 Warnings, 0 Critical Warnings and 0 Errors encountered.
synth_design completed successfully
exit
INFO: [Common 17-206] Exiting Vivado at Fri Sep 11 19:52:27 2026...
