#-----------------------------------------------------------
# Vivado v2019.1 (64-bit)
# SW Build 2552052 on Fri May 24 14:49:42 MDT 2019
# IP Build 2548770 on Fri May 24 18:01:18 MDT 2019
# Start of session at: Tue Sep 22 02:49:21 2026
# Process ID: 25520
# Current directory: C:/Users/DIEGO/Documents/Reconfig/Labs/Lab1/Part4
# Command line: vivado.exe -gui_launcher_event rodinguilauncherevent23420 C:\Users\DIEGO\Documents\Reconfig\Labs\Lab1\Part4\project_1.xpr
# Log file: C:/Users/DIEGO/Documents/Reconfig/Labs/Lab1/Part4/vivado.log
# Journal file: C:/Users/DIEGO/Documents/Reconfig/Labs/Lab1/Part4\vivado.jou
#-----------------------------------------------------------
start_gui
open_project C:/Users/DIEGO/Documents/Reconfig/Labs/Lab1/Part4/project_1.xpr
Scanning sources...
Finished scanning sources
INFO: [IP_Flow 19-234] Refreshing IP repositories
INFO: [IP_Flow 19-1704] No user IP repositories specified
INFO: [IP_Flow 19-2313] Loaded Vivado IP repository 'D:/Vivado/2019.1/data/ip'.
update_compile_order -fileset sources_1
exit
INFO: [Common 17-206] Exiting Vivado at Tue Sep 22 02:50:38 2026...
