Copyright 1986-2019 Xilinx, Inc. All Rights Reserved.
-----------------------------------------------------------------------------------------------------------------------------------------------------------------------------------------------------------
| Tool Version : Vivado v.2019.1 (win64) Build 2552052 Fri May 24 14:49:42 MDT 2019
| Date         : Fri Sep 18 03:50:48 2026
| Host         : DESKTOP-RDVBQR0 running 64-bit major release  (build 9200)
| Command      : report_timing_summary -max_paths 10 -file ps2_keyboard_timing_summary_routed.rpt -pb ps2_keyboard_timing_summary_routed.pb -rpx ps2_keyboard_timing_summary_routed.rpx -warn_on_violation
| Design       : ps2_keyboard
| Device       : 7a100t-csg324
| Speed File   : -1  PRODUCTION 1.23 2018-06-13
-----------------------------------------------------------------------------------------------------------------------------------------------------------------------------------------------------------

Timing Summary Report

------------------------------------------------------------------------------------------------
| Timer Settings
| --------------
------------------------------------------------------------------------------------------------

  Enable Multi Corner Analysis               :  Yes
  Enable Pessimism Removal                   :  Yes
  Pessimism Removal Resolution               :  Nearest Common Node
  Enable Input Delay Default Clock           :  No
  Enable Preset / Clear Arcs                 :  No
  Disable Flight Delays                      :  No
  Ignore I/O Paths                           :  No
  Timing Early Launch at Borrowing Latches   :  No
  Borrow Time for Max Delay Exceptions       :  Yes

  Corner  Analyze    Analyze    
  Name    Max Paths  Min Paths  
  ------  ---------  ---------  
  Slow    Yes        Yes        
  Fast    Yes        Yes        



check_timing report

Table of Contents
-----------------
1. checking no_clock
2. checking constant_clock
3. checking pulse_width_clock
4. checking unconstrained_internal_endpoints
5. checking no_input_delay
6. checking no_output_delay
7. checking multiple_clock
8. checking generated_clocks
9. checking loops
10. checking partial_input_delay
11. checking partial_output_delay
12. checking latch_loops

1. checking no_clock
--------------------
 There are 0 register/latch pins with no clock.


2. checking constant_clock
--------------------------
 There are 0 register/latch pins with constant_clock.


3. checking pulse_width_clock
-----------------------------
 There are 0 register/latch pins which need pulse_width check


4. checking unconstrained_internal_endpoints
--------------------------------------------
 There are 0 pins that are not constrained for maximum delay.

 There are 0 pins that are not constrained for maximum delay due to constant clock.


5. checking no_input_delay
--------------------------
 There are 2 input ports with no input delay specified. (HIGH)

 There are 0 input ports with no input delay but user has a false path constraint.


6. checking no_output_delay
---------------------------
 There are 10 ports with no output delay specified. (HIGH)

 There are 0 ports with no output delay but user has a false path constraint

 There are 0 ports with no output delay but with a timing clock defined on it or propagating through it


7. checking multiple_clock
--------------------------
 There are 0 register/latch pins with multiple clocks.


8. checking generated_clocks
----------------------------
 There are 0 generated clocks that are not connected to a clock source.


9. checking loops
-----------------
 There are 0 combinational loops in the design.


10. checking partial_input_delay
--------------------------------
 There are 0 input ports with partial input delay specified.


11. checking partial_output_delay
---------------------------------
 There are 0 ports with partial output delay specified.


12. checking latch_loops
------------------------
 There are 0 combinational latch loops in the design through latch input



------------------------------------------------------------------------------------------------
| Design Timing Summary
| ---------------------
------------------------------------------------------------------------------------------------

    WNS(ns)      TNS(ns)  TNS Failing Endpoints  TNS Total Endpoints      WHS(ns)      THS(ns)  THS Failing Endpoints  THS Total Endpoints     WPWS(ns)     TPWS(ns)  TPWS Failing Endpoints  TPWS Total Endpoints  
    -------      -------  ---------------------  -------------------      -------      -------  ---------------------  -------------------     --------     --------  ----------------------  --------------------  
     96.852        0.000                      0                   72        0.166        0.000                      0                   72       49.500        0.000                       0                    38  


All user specified timing constraints are met.


------------------------------------------------------------------------------------------------
| Clock Summary
| -------------
------------------------------------------------------------------------------------------------

Clock        Waveform(ns)         Period(ns)      Frequency(MHz)
-----        ------------         ----------      --------------
PS2_CLK_pin  {0.000 50.000}       100.000         10.000          


------------------------------------------------------------------------------------------------
| Intra Clock Table
| -----------------
------------------------------------------------------------------------------------------------

Clock             WNS(ns)      TNS(ns)  TNS Failing Endpoints  TNS Total Endpoints      WHS(ns)      THS(ns)  THS Failing Endpoints  THS Total Endpoints     WPWS(ns)     TPWS(ns)  TPWS Failing Endpoints  TPWS Total Endpoints  
-----             -------      -------  ---------------------  -------------------      -------      -------  ---------------------  -------------------     --------     --------  ----------------------  --------------------  
PS2_CLK_pin        96.852        0.000                      0                   72        0.166        0.000                      0                   72       49.500        0.000                       0                    38  


------------------------------------------------------------------------------------------------
| Inter Clock Table
| -----------------
------------------------------------------------------------------------------------------------

From Clock    To Clock          WNS(ns)      TNS(ns)  TNS Failing Endpoints  TNS Total Endpoints      WHS(ns)      THS(ns)  THS Failing Endpoints  THS Total Endpoints  
----------    --------          -------      -------  ---------------------  -------------------      -------      -------  ---------------------  -------------------  


------------------------------------------------------------------------------------------------
| Other Path Groups Table
| -----------------------
------------------------------------------------------------------------------------------------

Path Group    From Clock    To Clock          WNS(ns)      TNS(ns)  TNS Failing Endpoints  TNS Total Endpoints      WHS(ns)      THS(ns)  THS Failing Endpoints  THS Total Endpoints  
----------    ----------    --------          -------      -------  ---------------------  -------------------      -------      -------  ---------------------  -------------------  


------------------------------------------------------------------------------------------------
| Timing Details
| --------------
------------------------------------------------------------------------------------------------


---------------------------------------------------------------------------------------------------
From Clock:  PS2_CLK_pin
  To Clock:  PS2_CLK_pin

Setup :            0  Failing Endpoints,  Worst Slack       96.852ns,  Total Violation        0.000ns
Hold  :            0  Failing Endpoints,  Worst Slack        0.166ns,  Total Violation        0.000ns
PW    :            0  Failing Endpoints,  Worst Slack       49.500ns,  Total Violation        0.000ns
---------------------------------------------------------------------------------------------------


Max Delay Paths
--------------------------------------------------------------------------------------
Slack (MET) :             96.852ns  (required time - arrival time)
  Source:                 FSM_onehot_sstate_reg[1]/C
                            (falling edge-triggered cell FDCE clocked by PS2_CLK_pin  {rise@0.000ns fall@50.000ns period=100.000ns})
  Destination:            FSM_onehot_sstate_reg[0]/CE
                            (falling edge-triggered cell FDPE clocked by PS2_CLK_pin  {rise@0.000ns fall@50.000ns period=100.000ns})
  Path Group:             PS2_CLK_pin
  Path Type:              Setup (Max at Slow Process Corner)
  Requirement:            100.000ns  (PS2_CLK_pin fall@150.000ns - PS2_CLK_pin fall@50.000ns)
  Data Path Delay:        2.911ns  (logic 0.707ns (24.287%)  route 2.204ns (75.713%))
  Logic Levels:           2  (LUT5=2)
  Clock Path Skew:        0.000ns (DCD - SCD + CPR)
    Destination Clock Delay (DCD):    5.011ns = ( 155.011 - 150.000 ) 
    Source Clock Delay      (SCD):    5.310ns = ( 55.310 - 50.000 ) 
    Clock Pessimism Removal (CPR):    0.299ns
  Clock Uncertainty:      0.035ns  ((TSJ^2 + TIJ^2)^1/2 + DJ) / 2 + PE
    Total System Jitter     (TSJ):    0.071ns
    Total Input Jitter      (TIJ):    0.000ns
    Discrete Jitter          (DJ):    0.000ns
    Phase Error              (PE):    0.000ns

    Location             Delay type                Incr(ns)  Path(ns)    Netlist Resource(s)
  -------------------------------------------------------------------    -------------------
                         (clock PS2_CLK_pin fall edge)
                                                     50.000    50.000 f  
    F4                                                0.000    50.000 f  PS2_CLK (IN)
                         net (fo=0)                   0.000    50.000    PS2_CLK
    F4                   IBUF (Prop_ibuf_I_O)         1.472    51.472 f  PS2_CLK_IBUF_inst/O
                         net (fo=1, routed)           2.025    53.496    PS2_CLK_IBUF
    BUFGCTRL_X0Y16       BUFG (Prop_bufg_I_O)         0.096    53.592 f  PS2_CLK_IBUF_BUFG_inst/O
                         net (fo=37, routed)          1.717    55.310    PS2_CLK_IBUF_BUFG
    SLICE_X3Y83          FDCE                                         r  FSM_onehot_sstate_reg[1]/C  (IS_INVERTED)
  -------------------------------------------------------------------    -------------------
    SLICE_X3Y83          FDCE (Prop_fdce_C_Q)         0.459    55.769 r  FSM_onehot_sstate_reg[1]/Q
                         net (fo=11, routed)          1.124    56.893    srd
    SLICE_X2Y83          LUT5 (Prop_lut5_I0_O)        0.124    57.017 r  FSM_onehot_sstate[3]_i_2/O
                         net (fo=1, routed)           0.701    57.718    FSM_onehot_sstate[3]_i_2_n_0
    SLICE_X3Y83          LUT5 (Prop_lut5_I4_O)        0.124    57.842 r  FSM_onehot_sstate[3]_i_1/O
                         net (fo=4, routed)           0.378    58.221    FSM_onehot_sstate[3]_i_1_n_0
    SLICE_X3Y83          FDPE                                         r  FSM_onehot_sstate_reg[0]/CE
  -------------------------------------------------------------------    -------------------

                         (clock PS2_CLK_pin fall edge)
                                                    150.000   150.000 f  
    F4                                                0.000   150.000 f  PS2_CLK (IN)
                         net (fo=0)                   0.000   150.000    PS2_CLK
    F4                   IBUF (Prop_ibuf_I_O)         1.401   151.401 f  PS2_CLK_IBUF_inst/O
                         net (fo=1, routed)           1.920   153.321    PS2_CLK_IBUF
    BUFGCTRL_X0Y16       BUFG (Prop_bufg_I_O)         0.091   153.412 f  PS2_CLK_IBUF_BUFG_inst/O
                         net (fo=37, routed)          1.598   155.011    PS2_CLK_IBUF_BUFG
    SLICE_X3Y83          FDPE                                         r  FSM_onehot_sstate_reg[0]/C  (IS_INVERTED)
                         clock pessimism              0.299   155.310    
                         clock uncertainty           -0.035   155.274    
    SLICE_X3Y83          FDPE (Setup_fdpe_C_CE)      -0.202   155.072    FSM_onehot_sstate_reg[0]
  -------------------------------------------------------------------
                         required time                        155.072    
                         arrival time                         -58.221    
  -------------------------------------------------------------------
                         slack                                 96.852    

Slack (MET) :             96.852ns  (required time - arrival time)
  Source:                 FSM_onehot_sstate_reg[1]/C
                            (falling edge-triggered cell FDCE clocked by PS2_CLK_pin  {rise@0.000ns fall@50.000ns period=100.000ns})
  Destination:            FSM_onehot_sstate_reg[1]/CE
                            (falling edge-triggered cell FDCE clocked by PS2_CLK_pin  {rise@0.000ns fall@50.000ns period=100.000ns})
  Path Group:             PS2_CLK_pin
  Path Type:              Setup (Max at Slow Process Corner)
  Requirement:            100.000ns  (PS2_CLK_pin fall@150.000ns - PS2_CLK_pin fall@50.000ns)
  Data Path Delay:        2.911ns  (logic 0.707ns (24.287%)  route 2.204ns (75.713%))
  Logic Levels:           2  (LUT5=2)
  Clock Path Skew:        0.000ns (DCD - SCD + CPR)
    Destination Clock Delay (DCD):    5.011ns = ( 155.011 - 150.000 ) 
    Source Clock Delay      (SCD):    5.310ns = ( 55.310 - 50.000 ) 
    Clock Pessimism Removal (CPR):    0.299ns
  Clock Uncertainty:      0.035ns  ((TSJ^2 + TIJ^2)^1/2 + DJ) / 2 + PE
    Total System Jitter     (TSJ):    0.071ns
    Total Input Jitter      (TIJ):    0.000ns
    Discrete Jitter          (DJ):    0.000ns
    Phase Error              (PE):    0.000ns

    Location             Delay type                Incr(ns)  Path(ns)    Netlist Resource(s)
  -------------------------------------------------------------------    -------------------
                         (clock PS2_CLK_pin fall edge)
                                                     50.000    50.000 f  
    F4                                                0.000    50.000 f  PS2_CLK (IN)
                         net (fo=0)                   0.000    50.000    PS2_CLK
    F4                   IBUF (Prop_ibuf_I_O)         1.472    51.472 f  PS2_CLK_IBUF_inst/O
                         net (fo=1, routed)           2.025    53.496    PS2_CLK_IBUF
    BUFGCTRL_X0Y16       BUFG (Prop_bufg_I_O)         0.096    53.592 f  PS2_CLK_IBUF_BUFG_inst/O
                         net (fo=37, routed)          1.717    55.310    PS2_CLK_IBUF_BUFG
    SLICE_X3Y83          FDCE                                         r  FSM_onehot_sstate_reg[1]/C  (IS_INVERTED)
  -------------------------------------------------------------------    -------------------
    SLICE_X3Y83          FDCE (Prop_fdce_C_Q)         0.459    55.769 r  FSM_onehot_sstate_reg[1]/Q
                         net (fo=11, routed)          1.124    56.893    srd
    SLICE_X2Y83          LUT5 (Prop_lut5_I0_O)        0.124    57.017 r  FSM_onehot_sstate[3]_i_2/O
                         net (fo=1, routed)           0.701    57.718    FSM_onehot_sstate[3]_i_2_n_0
    SLICE_X3Y83          LUT5 (Prop_lut5_I4_O)        0.124    57.842 r  FSM_onehot_sstate[3]_i_1/O
                         net (fo=4, routed)           0.378    58.221    FSM_onehot_sstate[3]_i_1_n_0
    SLICE_X3Y83          FDCE                                         r  FSM_onehot_sstate_reg[1]/CE
  -------------------------------------------------------------------    -------------------

                         (clock PS2_CLK_pin fall edge)
                                                    150.000   150.000 f  
    F4                                                0.000   150.000 f  PS2_CLK (IN)
                         net (fo=0)                   0.000   150.000    PS2_CLK
    F4                   IBUF (Prop_ibuf_I_O)         1.401   151.401 f  PS2_CLK_IBUF_inst/O
                         net (fo=1, routed)           1.920   153.321    PS2_CLK_IBUF
    BUFGCTRL_X0Y16       BUFG (Prop_bufg_I_O)         0.091   153.412 f  PS2_CLK_IBUF_BUFG_inst/O
                         net (fo=37, routed)          1.598   155.011    PS2_CLK_IBUF_BUFG
    SLICE_X3Y83          FDCE                                         r  FSM_onehot_sstate_reg[1]/C  (IS_INVERTED)
                         clock pessimism              0.299   155.310    
                         clock uncertainty           -0.035   155.274    
    SLICE_X3Y83          FDCE (Setup_fdce_C_CE)      -0.202   155.072    FSM_onehot_sstate_reg[1]
  -------------------------------------------------------------------
                         required time                        155.072    
                         arrival time                         -58.221    
  -------------------------------------------------------------------
                         slack                                 96.852    

Slack (MET) :             96.852ns  (required time - arrival time)
  Source:                 FSM_onehot_sstate_reg[1]/C
                            (falling edge-triggered cell FDCE clocked by PS2_CLK_pin  {rise@0.000ns fall@50.000ns period=100.000ns})
  Destination:            FSM_onehot_sstate_reg[2]/CE
                            (falling edge-triggered cell FDCE clocked by PS2_CLK_pin  {rise@0.000ns fall@50.000ns period=100.000ns})
  Path Group:             PS2_CLK_pin
  Path Type:              Setup (Max at Slow Process Corner)
  Requirement:            100.000ns  (PS2_CLK_pin fall@150.000ns - PS2_CLK_pin fall@50.000ns)
  Data Path Delay:        2.911ns  (logic 0.707ns (24.287%)  route 2.204ns (75.713%))
  Logic Levels:           2  (LUT5=2)
  Clock Path Skew:        0.000ns (DCD - SCD + CPR)
    Destination Clock Delay (DCD):    5.011ns = ( 155.011 - 150.000 ) 
    Source Clock Delay      (SCD):    5.310ns = ( 55.310 - 50.000 ) 
    Clock Pessimism Removal (CPR):    0.299ns
  Clock Uncertainty:      0.035ns  ((TSJ^2 + TIJ^2)^1/2 + DJ) / 2 + PE
    Total System Jitter     (TSJ):    0.071ns
    Total Input Jitter      (TIJ):    0.000ns
    Discrete Jitter          (DJ):    0.000ns
    Phase Error              (PE):    0.000ns

    Location             Delay type                Incr(ns)  Path(ns)    Netlist Resource(s)
  -------------------------------------------------------------------    -------------------
                         (clock PS2_CLK_pin fall edge)
                                                     50.000    50.000 f  
    F4                                                0.000    50.000 f  PS2_CLK (IN)
                         net (fo=0)                   0.000    50.000    PS2_CLK
    F4                   IBUF (Prop_ibuf_I_O)         1.472    51.472 f  PS2_CLK_IBUF_inst/O
                         net (fo=1, routed)           2.025    53.496    PS2_CLK_IBUF
    BUFGCTRL_X0Y16       BUFG (Prop_bufg_I_O)         0.096    53.592 f  PS2_CLK_IBUF_BUFG_inst/O
                         net (fo=37, routed)          1.717    55.310    PS2_CLK_IBUF_BUFG
    SLICE_X3Y83          FDCE                                         r  FSM_onehot_sstate_reg[1]/C  (IS_INVERTED)
  -------------------------------------------------------------------    -------------------
    SLICE_X3Y83          FDCE (Prop_fdce_C_Q)         0.459    55.769 r  FSM_onehot_sstate_reg[1]/Q
                         net (fo=11, routed)          1.124    56.893    srd
    SLICE_X2Y83          LUT5 (Prop_lut5_I0_O)        0.124    57.017 r  FSM_onehot_sstate[3]_i_2/O
                         net (fo=1, routed)           0.701    57.718    FSM_onehot_sstate[3]_i_2_n_0
    SLICE_X3Y83          LUT5 (Prop_lut5_I4_O)        0.124    57.842 r  FSM_onehot_sstate[3]_i_1/O
                         net (fo=4, routed)           0.378    58.221    FSM_onehot_sstate[3]_i_1_n_0
    SLICE_X3Y83          FDCE                                         r  FSM_onehot_sstate_reg[2]/CE
  -------------------------------------------------------------------    -------------------

                         (clock PS2_CLK_pin fall edge)
                                                    150.000   150.000 f  
    F4                                                0.000   150.000 f  PS2_CLK (IN)
                         net (fo=0)                   0.000   150.000    PS2_CLK
    F4                   IBUF (Prop_ibuf_I_O)         1.401   151.401 f  PS2_CLK_IBUF_inst/O
                         net (fo=1, routed)           1.920   153.321    PS2_CLK_IBUF
    BUFGCTRL_X0Y16       BUFG (Prop_bufg_I_O)         0.091   153.412 f  PS2_CLK_IBUF_BUFG_inst/O
                         net (fo=37, routed)          1.598   155.011    PS2_CLK_IBUF_BUFG
    SLICE_X3Y83          FDCE                                         r  FSM_onehot_sstate_reg[2]/C  (IS_INVERTED)
                         clock pessimism              0.299   155.310    
                         clock uncertainty           -0.035   155.274    
    SLICE_X3Y83          FDCE (Setup_fdce_C_CE)      -0.202   155.072    FSM_onehot_sstate_reg[2]
  -------------------------------------------------------------------
                         required time                        155.072    
                         arrival time                         -58.221    
  -------------------------------------------------------------------
                         slack                                 96.852    

Slack (MET) :             96.852ns  (required time - arrival time)
  Source:                 FSM_onehot_sstate_reg[1]/C
                            (falling edge-triggered cell FDCE clocked by PS2_CLK_pin  {rise@0.000ns fall@50.000ns period=100.000ns})
  Destination:            FSM_onehot_sstate_reg[3]/CE
                            (falling edge-triggered cell FDCE clocked by PS2_CLK_pin  {rise@0.000ns fall@50.000ns period=100.000ns})
  Path Group:             PS2_CLK_pin
  Path Type:              Setup (Max at Slow Process Corner)
  Requirement:            100.000ns  (PS2_CLK_pin fall@150.000ns - PS2_CLK_pin fall@50.000ns)
  Data Path Delay:        2.911ns  (logic 0.707ns (24.287%)  route 2.204ns (75.713%))
  Logic Levels:           2  (LUT5=2)
  Clock Path Skew:        0.000ns (DCD - SCD + CPR)
    Destination Clock Delay (DCD):    5.011ns = ( 155.011 - 150.000 ) 
    Source Clock Delay      (SCD):    5.310ns = ( 55.310 - 50.000 ) 
    Clock Pessimism Removal (CPR):    0.299ns
  Clock Uncertainty:      0.035ns  ((TSJ^2 + TIJ^2)^1/2 + DJ) / 2 + PE
    Total System Jitter     (TSJ):    0.071ns
    Total Input Jitter      (TIJ):    0.000ns
    Discrete Jitter          (DJ):    0.000ns
    Phase Error              (PE):    0.000ns

    Location             Delay type                Incr(ns)  Path(ns)    Netlist Resource(s)
  -------------------------------------------------------------------    -------------------
                         (clock PS2_CLK_pin fall edge)
                                                     50.000    50.000 f  
    F4                                                0.000    50.000 f  PS2_CLK (IN)
                         net (fo=0)                   0.000    50.000    PS2_CLK
    F4                   IBUF (Prop_ibuf_I_O)         1.472    51.472 f  PS2_CLK_IBUF_inst/O
                         net (fo=1, routed)           2.025    53.496    PS2_CLK_IBUF
    BUFGCTRL_X0Y16       BUFG (Prop_bufg_I_O)         0.096    53.592 f  PS2_CLK_IBUF_BUFG_inst/O
                         net (fo=37, routed)          1.717    55.310    PS2_CLK_IBUF_BUFG
    SLICE_X3Y83          FDCE                                         r  FSM_onehot_sstate_reg[1]/C  (IS_INVERTED)
  -------------------------------------------------------------------    -------------------
    SLICE_X3Y83          FDCE (Prop_fdce_C_Q)         0.459    55.769 r  FSM_onehot_sstate_reg[1]/Q
                         net (fo=11, routed)          1.124    56.893    srd
    SLICE_X2Y83          LUT5 (Prop_lut5_I0_O)        0.124    57.017 r  FSM_onehot_sstate[3]_i_2/O
                         net (fo=1, routed)           0.701    57.718    FSM_onehot_sstate[3]_i_2_n_0
    SLICE_X3Y83          LUT5 (Prop_lut5_I4_O)        0.124    57.842 r  FSM_onehot_sstate[3]_i_1/O
                         net (fo=4, routed)           0.378    58.221    FSM_onehot_sstate[3]_i_1_n_0
    SLICE_X3Y83          FDCE                                         r  FSM_onehot_sstate_reg[3]/CE
  -------------------------------------------------------------------    -------------------

                         (clock PS2_CLK_pin fall edge)
                                                    150.000   150.000 f  
    F4                                                0.000   150.000 f  PS2_CLK (IN)
                         net (fo=0)                   0.000   150.000    PS2_CLK
    F4                   IBUF (Prop_ibuf_I_O)         1.401   151.401 f  PS2_CLK_IBUF_inst/O
                         net (fo=1, routed)           1.920   153.321    PS2_CLK_IBUF
    BUFGCTRL_X0Y16       BUFG (Prop_bufg_I_O)         0.091   153.412 f  PS2_CLK_IBUF_BUFG_inst/O
                         net (fo=37, routed)          1.598   155.011    PS2_CLK_IBUF_BUFG
    SLICE_X3Y83          FDCE                                         r  FSM_onehot_sstate_reg[3]/C  (IS_INVERTED)
                         clock pessimism              0.299   155.310    
                         clock uncertainty           -0.035   155.274    
    SLICE_X3Y83          FDCE (Setup_fdce_C_CE)      -0.202   155.072    FSM_onehot_sstate_reg[3]
  -------------------------------------------------------------------
                         required time                        155.072    
                         arrival time                         -58.221    
  -------------------------------------------------------------------
                         slack                                 96.852    

Slack (MET) :             98.115ns  (required time - arrival time)
  Source:                 FSM_onehot_sstate_reg[0]/C
                            (falling edge-triggered cell FDPE clocked by PS2_CLK_pin  {rise@0.000ns fall@50.000ns period=100.000ns})
  Destination:            count_reg[0]/CE
                            (falling edge-triggered cell FDCE clocked by PS2_CLK_pin  {rise@0.000ns fall@50.000ns period=100.000ns})
  Path Group:             PS2_CLK_pin
  Path Type:              Setup (Max at Slow Process Corner)
  Requirement:            100.000ns  (PS2_CLK_pin fall@150.000ns - PS2_CLK_pin fall@50.000ns)
  Data Path Delay:        1.663ns  (logic 0.583ns (35.050%)  route 1.080ns (64.950%))
  Logic Levels:           1  (LUT2=1)
  Clock Path Skew:        -0.022ns (DCD - SCD + CPR)
    Destination Clock Delay (DCD):    5.011ns = ( 155.011 - 150.000 ) 
    Source Clock Delay      (SCD):    5.310ns = ( 55.310 - 50.000 ) 
    Clock Pessimism Removal (CPR):    0.277ns
  Clock Uncertainty:      0.035ns  ((TSJ^2 + TIJ^2)^1/2 + DJ) / 2 + PE
    Total System Jitter     (TSJ):    0.071ns
    Total Input Jitter      (TIJ):    0.000ns
    Discrete Jitter          (DJ):    0.000ns
    Phase Error              (PE):    0.000ns

    Location             Delay type                Incr(ns)  Path(ns)    Netlist Resource(s)
  -------------------------------------------------------------------    -------------------
                         (clock PS2_CLK_pin fall edge)
                                                     50.000    50.000 f  
    F4                                                0.000    50.000 f  PS2_CLK (IN)
                         net (fo=0)                   0.000    50.000    PS2_CLK
    F4                   IBUF (Prop_ibuf_I_O)         1.472    51.472 f  PS2_CLK_IBUF_inst/O
                         net (fo=1, routed)           2.025    53.496    PS2_CLK_IBUF
    BUFGCTRL_X0Y16       BUFG (Prop_bufg_I_O)         0.096    53.592 f  PS2_CLK_IBUF_BUFG_inst/O
                         net (fo=37, routed)          1.717    55.310    PS2_CLK_IBUF_BUFG
    SLICE_X3Y83          FDPE                                         r  FSM_onehot_sstate_reg[0]/C  (IS_INVERTED)
  -------------------------------------------------------------------    -------------------
    SLICE_X3Y83          FDPE (Prop_fdpe_C_Q)         0.459    55.769 r  FSM_onehot_sstate_reg[0]/Q
                         net (fo=7, routed)           0.701    56.470    FSM_onehot_sstate_reg_n_0_[0]
    SLICE_X2Y83          LUT2 (Prop_lut2_I0_O)        0.124    56.594 r  count[3]_i_1/O
                         net (fo=4, routed)           0.379    56.973    count
    SLICE_X2Y83          FDCE                                         r  count_reg[0]/CE
  -------------------------------------------------------------------    -------------------

                         (clock PS2_CLK_pin fall edge)
                                                    150.000   150.000 f  
    F4                                                0.000   150.000 f  PS2_CLK (IN)
                         net (fo=0)                   0.000   150.000    PS2_CLK
    F4                   IBUF (Prop_ibuf_I_O)         1.401   151.401 f  PS2_CLK_IBUF_inst/O
                         net (fo=1, routed)           1.920   153.321    PS2_CLK_IBUF
    BUFGCTRL_X0Y16       BUFG (Prop_bufg_I_O)         0.091   153.412 f  PS2_CLK_IBUF_BUFG_inst/O
                         net (fo=37, routed)          1.598   155.011    PS2_CLK_IBUF_BUFG
    SLICE_X2Y83          FDCE                                         r  count_reg[0]/C  (IS_INVERTED)
                         clock pessimism              0.277   155.288    
                         clock uncertainty           -0.035   155.252    
    SLICE_X2Y83          FDCE (Setup_fdce_C_CE)      -0.164   155.088    count_reg[0]
  -------------------------------------------------------------------
                         required time                        155.088    
                         arrival time                         -56.973    
  -------------------------------------------------------------------
                         slack                                 98.115    

Slack (MET) :             98.115ns  (required time - arrival time)
  Source:                 FSM_onehot_sstate_reg[0]/C
                            (falling edge-triggered cell FDPE clocked by PS2_CLK_pin  {rise@0.000ns fall@50.000ns period=100.000ns})
  Destination:            count_reg[1]/CE
                            (falling edge-triggered cell FDCE clocked by PS2_CLK_pin  {rise@0.000ns fall@50.000ns period=100.000ns})
  Path Group:             PS2_CLK_pin
  Path Type:              Setup (Max at Slow Process Corner)
  Requirement:            100.000ns  (PS2_CLK_pin fall@150.000ns - PS2_CLK_pin fall@50.000ns)
  Data Path Delay:        1.663ns  (logic 0.583ns (35.050%)  route 1.080ns (64.950%))
  Logic Levels:           1  (LUT2=1)
  Clock Path Skew:        -0.022ns (DCD - SCD + CPR)
    Destination Clock Delay (DCD):    5.011ns = ( 155.011 - 150.000 ) 
    Source Clock Delay      (SCD):    5.310ns = ( 55.310 - 50.000 ) 
    Clock Pessimism Removal (CPR):    0.277ns
  Clock Uncertainty:      0.035ns  ((TSJ^2 + TIJ^2)^1/2 + DJ) / 2 + PE
    Total System Jitter     (TSJ):    0.071ns
    Total Input Jitter      (TIJ):    0.000ns
    Discrete Jitter          (DJ):    0.000ns
    Phase Error              (PE):    0.000ns

    Location             Delay type                Incr(ns)  Path(ns)    Netlist Resource(s)
  -------------------------------------------------------------------    -------------------
                         (clock PS2_CLK_pin fall edge)
                                                     50.000    50.000 f  
    F4                                                0.000    50.000 f  PS2_CLK (IN)
                         net (fo=0)                   0.000    50.000    PS2_CLK
    F4                   IBUF (Prop_ibuf_I_O)         1.472    51.472 f  PS2_CLK_IBUF_inst/O
                         net (fo=1, routed)           2.025    53.496    PS2_CLK_IBUF
    BUFGCTRL_X0Y16       BUFG (Prop_bufg_I_O)         0.096    53.592 f  PS2_CLK_IBUF_BUFG_inst/O
                         net (fo=37, routed)          1.717    55.310    PS2_CLK_IBUF_BUFG
    SLICE_X3Y83          FDPE                                         r  FSM_onehot_sstate_reg[0]/C  (IS_INVERTED)
  -------------------------------------------------------------------    -------------------
    SLICE_X3Y83          FDPE (Prop_fdpe_C_Q)         0.459    55.769 r  FSM_onehot_sstate_reg[0]/Q
                         net (fo=7, routed)           0.701    56.470    FSM_onehot_sstate_reg_n_0_[0]
    SLICE_X2Y83          LUT2 (Prop_lut2_I0_O)        0.124    56.594 r  count[3]_i_1/O
                         net (fo=4, routed)           0.379    56.973    count
    SLICE_X2Y83          FDCE                                         r  count_reg[1]/CE
  -------------------------------------------------------------------    -------------------

                         (clock PS2_CLK_pin fall edge)
                                                    150.000   150.000 f  
    F4                                                0.000   150.000 f  PS2_CLK (IN)
                         net (fo=0)                   0.000   150.000    PS2_CLK
    F4                   IBUF (Prop_ibuf_I_O)         1.401   151.401 f  PS2_CLK_IBUF_inst/O
                         net (fo=1, routed)           1.920   153.321    PS2_CLK_IBUF
    BUFGCTRL_X0Y16       BUFG (Prop_bufg_I_O)         0.091   153.412 f  PS2_CLK_IBUF_BUFG_inst/O
                         net (fo=37, routed)          1.598   155.011    PS2_CLK_IBUF_BUFG
    SLICE_X2Y83          FDCE                                         r  count_reg[1]/C  (IS_INVERTED)
                         clock pessimism              0.277   155.288    
                         clock uncertainty           -0.035   155.252    
    SLICE_X2Y83          FDCE (Setup_fdce_C_CE)      -0.164   155.088    count_reg[1]
  -------------------------------------------------------------------
                         required time                        155.088    
                         arrival time                         -56.973    
  -------------------------------------------------------------------
                         slack                                 98.115    

Slack (MET) :             98.115ns  (required time - arrival time)
  Source:                 FSM_onehot_sstate_reg[0]/C
                            (falling edge-triggered cell FDPE clocked by PS2_CLK_pin  {rise@0.000ns fall@50.000ns period=100.000ns})
  Destination:            count_reg[2]/CE
                            (falling edge-triggered cell FDCE clocked by PS2_CLK_pin  {rise@0.000ns fall@50.000ns period=100.000ns})
  Path Group:             PS2_CLK_pin
  Path Type:              Setup (Max at Slow Process Corner)
  Requirement:            100.000ns  (PS2_CLK_pin fall@150.000ns - PS2_CLK_pin fall@50.000ns)
  Data Path Delay:        1.663ns  (logic 0.583ns (35.050%)  route 1.080ns (64.950%))
  Logic Levels:           1  (LUT2=1)
  Clock Path Skew:        -0.022ns (DCD - SCD + CPR)
    Destination Clock Delay (DCD):    5.011ns = ( 155.011 - 150.000 ) 
    Source Clock Delay      (SCD):    5.310ns = ( 55.310 - 50.000 ) 
    Clock Pessimism Removal (CPR):    0.277ns
  Clock Uncertainty:      0.035ns  ((TSJ^2 + TIJ^2)^1/2 + DJ) / 2 + PE
    Total System Jitter     (TSJ):    0.071ns
    Total Input Jitter      (TIJ):    0.000ns
    Discrete Jitter          (DJ):    0.000ns
    Phase Error              (PE):    0.000ns

    Location             Delay type                Incr(ns)  Path(ns)    Netlist Resource(s)
  -------------------------------------------------------------------    -------------------
                         (clock PS2_CLK_pin fall edge)
                                                     50.000    50.000 f  
    F4                                                0.000    50.000 f  PS2_CLK (IN)
                         net (fo=0)                   0.000    50.000    PS2_CLK
    F4                   IBUF (Prop_ibuf_I_O)         1.472    51.472 f  PS2_CLK_IBUF_inst/O
                         net (fo=1, routed)           2.025    53.496    PS2_CLK_IBUF
    BUFGCTRL_X0Y16       BUFG (Prop_bufg_I_O)         0.096    53.592 f  PS2_CLK_IBUF_BUFG_inst/O
                         net (fo=37, routed)          1.717    55.310    PS2_CLK_IBUF_BUFG
    SLICE_X3Y83          FDPE                                         r  FSM_onehot_sstate_reg[0]/C  (IS_INVERTED)
  -------------------------------------------------------------------    -------------------
    SLICE_X3Y83          FDPE (Prop_fdpe_C_Q)         0.459    55.769 r  FSM_onehot_sstate_reg[0]/Q
                         net (fo=7, routed)           0.701    56.470    FSM_onehot_sstate_reg_n_0_[0]
    SLICE_X2Y83          LUT2 (Prop_lut2_I0_O)        0.124    56.594 r  count[3]_i_1/O
                         net (fo=4, routed)           0.379    56.973    count
    SLICE_X2Y83          FDCE                                         r  count_reg[2]/CE
  -------------------------------------------------------------------    -------------------

                         (clock PS2_CLK_pin fall edge)
                                                    150.000   150.000 f  
    F4                                                0.000   150.000 f  PS2_CLK (IN)
                         net (fo=0)                   0.000   150.000    PS2_CLK
    F4                   IBUF (Prop_ibuf_I_O)         1.401   151.401 f  PS2_CLK_IBUF_inst/O
                         net (fo=1, routed)           1.920   153.321    PS2_CLK_IBUF
    BUFGCTRL_X0Y16       BUFG (Prop_bufg_I_O)         0.091   153.412 f  PS2_CLK_IBUF_BUFG_inst/O
                         net (fo=37, routed)          1.598   155.011    PS2_CLK_IBUF_BUFG
    SLICE_X2Y83          FDCE                                         r  count_reg[2]/C  (IS_INVERTED)
                         clock pessimism              0.277   155.288    
                         clock uncertainty           -0.035   155.252    
    SLICE_X2Y83          FDCE (Setup_fdce_C_CE)      -0.164   155.088    count_reg[2]
  -------------------------------------------------------------------
                         required time                        155.088    
                         arrival time                         -56.973    
  -------------------------------------------------------------------
                         slack                                 98.115    

Slack (MET) :             98.115ns  (required time - arrival time)
  Source:                 FSM_onehot_sstate_reg[0]/C
                            (falling edge-triggered cell FDPE clocked by PS2_CLK_pin  {rise@0.000ns fall@50.000ns period=100.000ns})
  Destination:            count_reg[3]/CE
                            (falling edge-triggered cell FDCE clocked by PS2_CLK_pin  {rise@0.000ns fall@50.000ns period=100.000ns})
  Path Group:             PS2_CLK_pin
  Path Type:              Setup (Max at Slow Process Corner)
  Requirement:            100.000ns  (PS2_CLK_pin fall@150.000ns - PS2_CLK_pin fall@50.000ns)
  Data Path Delay:        1.663ns  (logic 0.583ns (35.050%)  route 1.080ns (64.950%))
  Logic Levels:           1  (LUT2=1)
  Clock Path Skew:        -0.022ns (DCD - SCD + CPR)
    Destination Clock Delay (DCD):    5.011ns = ( 155.011 - 150.000 ) 
    Source Clock Delay      (SCD):    5.310ns = ( 55.310 - 50.000 ) 
    Clock Pessimism Removal (CPR):    0.277ns
  Clock Uncertainty:      0.035ns  ((TSJ^2 + TIJ^2)^1/2 + DJ) / 2 + PE
    Total System Jitter     (TSJ):    0.071ns
    Total Input Jitter      (TIJ):    0.000ns
    Discrete Jitter          (DJ):    0.000ns
    Phase Error              (PE):    0.000ns

    Location             Delay type                Incr(ns)  Path(ns)    Netlist Resource(s)
  -------------------------------------------------------------------    -------------------
                         (clock PS2_CLK_pin fall edge)
                                                     50.000    50.000 f  
    F4                                                0.000    50.000 f  PS2_CLK (IN)
                         net (fo=0)                   0.000    50.000    PS2_CLK
    F4                   IBUF (Prop_ibuf_I_O)         1.472    51.472 f  PS2_CLK_IBUF_inst/O
                         net (fo=1, routed)           2.025    53.496    PS2_CLK_IBUF
    BUFGCTRL_X0Y16       BUFG (Prop_bufg_I_O)         0.096    53.592 f  PS2_CLK_IBUF_BUFG_inst/O
                         net (fo=37, routed)          1.717    55.310    PS2_CLK_IBUF_BUFG
    SLICE_X3Y83          FDPE                                         r  FSM_onehot_sstate_reg[0]/C  (IS_INVERTED)
  -------------------------------------------------------------------    -------------------
    SLICE_X3Y83          FDPE (Prop_fdpe_C_Q)         0.459    55.769 r  FSM_onehot_sstate_reg[0]/Q
                         net (fo=7, routed)           0.701    56.470    FSM_onehot_sstate_reg_n_0_[0]
    SLICE_X2Y83          LUT2 (Prop_lut2_I0_O)        0.124    56.594 r  count[3]_i_1/O
                         net (fo=4, routed)           0.379    56.973    count
    SLICE_X2Y83          FDCE                                         r  count_reg[3]/CE
  -------------------------------------------------------------------    -------------------

                         (clock PS2_CLK_pin fall edge)
                                                    150.000   150.000 f  
    F4                                                0.000   150.000 f  PS2_CLK (IN)
                         net (fo=0)                   0.000   150.000    PS2_CLK
    F4                   IBUF (Prop_ibuf_I_O)         1.401   151.401 f  PS2_CLK_IBUF_inst/O
                         net (fo=1, routed)           1.920   153.321    PS2_CLK_IBUF
    BUFGCTRL_X0Y16       BUFG (Prop_bufg_I_O)         0.091   153.412 f  PS2_CLK_IBUF_BUFG_inst/O
                         net (fo=37, routed)          1.598   155.011    PS2_CLK_IBUF_BUFG
    SLICE_X2Y83          FDCE                                         r  count_reg[3]/C  (IS_INVERTED)
                         clock pessimism              0.277   155.288    
                         clock uncertainty           -0.035   155.252    
    SLICE_X2Y83          FDCE (Setup_fdce_C_CE)      -0.164   155.088    count_reg[3]
  -------------------------------------------------------------------
                         required time                        155.088    
                         arrival time                         -56.973    
  -------------------------------------------------------------------
                         slack                                 98.115    

Slack (MET) :             98.135ns  (required time - arrival time)
  Source:                 FSM_onehot_sstate_reg[0]/C
                            (falling edge-triggered cell FDPE clocked by PS2_CLK_pin  {rise@0.000ns fall@50.000ns period=100.000ns})
  Destination:            count_reg[0]/D
                            (falling edge-triggered cell FDCE clocked by PS2_CLK_pin  {rise@0.000ns fall@50.000ns period=100.000ns})
  Path Group:             PS2_CLK_pin
  Path Type:              Setup (Max at Slow Process Corner)
  Requirement:            100.000ns  (PS2_CLK_pin fall@150.000ns - PS2_CLK_pin fall@50.000ns)
  Data Path Delay:        1.889ns  (logic 0.583ns (30.856%)  route 1.306ns (69.144%))
  Logic Levels:           1  (LUT2=1)
  Clock Path Skew:        -0.022ns (DCD - SCD + CPR)
    Destination Clock Delay (DCD):    5.011ns = ( 155.011 - 150.000 ) 
    Source Clock Delay      (SCD):    5.310ns = ( 55.310 - 50.000 ) 
    Clock Pessimism Removal (CPR):    0.277ns
  Clock Uncertainty:      0.035ns  ((TSJ^2 + TIJ^2)^1/2 + DJ) / 2 + PE
    Total System Jitter     (TSJ):    0.071ns
    Total Input Jitter      (TIJ):    0.000ns
    Discrete Jitter          (DJ):    0.000ns
    Phase Error              (PE):    0.000ns

    Location             Delay type                Incr(ns)  Path(ns)    Netlist Resource(s)
  -------------------------------------------------------------------    -------------------
                         (clock PS2_CLK_pin fall edge)
                                                     50.000    50.000 f  
    F4                                                0.000    50.000 f  PS2_CLK (IN)
                         net (fo=0)                   0.000    50.000    PS2_CLK
    F4                   IBUF (Prop_ibuf_I_O)         1.472    51.472 f  PS2_CLK_IBUF_inst/O
                         net (fo=1, routed)           2.025    53.496    PS2_CLK_IBUF
    BUFGCTRL_X0Y16       BUFG (Prop_bufg_I_O)         0.096    53.592 f  PS2_CLK_IBUF_BUFG_inst/O
                         net (fo=37, routed)          1.717    55.310    PS2_CLK_IBUF_BUFG
    SLICE_X3Y83          FDPE                                         r  FSM_onehot_sstate_reg[0]/C  (IS_INVERTED)
  -------------------------------------------------------------------    -------------------
    SLICE_X3Y83          FDPE (Prop_fdpe_C_Q)         0.459    55.769 f  FSM_onehot_sstate_reg[0]/Q
                         net (fo=7, routed)           1.306    57.075    FSM_onehot_sstate_reg_n_0_[0]
    SLICE_X2Y83          LUT2 (Prop_lut2_I0_O)        0.124    57.199 r  count[0]_i_1/O
                         net (fo=1, routed)           0.000    57.199    count[0]_i_1_n_0
    SLICE_X2Y83          FDCE                                         r  count_reg[0]/D
  -------------------------------------------------------------------    -------------------

                         (clock PS2_CLK_pin fall edge)
                                                    150.000   150.000 f  
    F4                                                0.000   150.000 f  PS2_CLK (IN)
                         net (fo=0)                   0.000   150.000    PS2_CLK
    F4                   IBUF (Prop_ibuf_I_O)         1.401   151.401 f  PS2_CLK_IBUF_inst/O
                         net (fo=1, routed)           1.920   153.321    PS2_CLK_IBUF
    BUFGCTRL_X0Y16       BUFG (Prop_bufg_I_O)         0.091   153.412 f  PS2_CLK_IBUF_BUFG_inst/O
                         net (fo=37, routed)          1.598   155.011    PS2_CLK_IBUF_BUFG
    SLICE_X2Y83          FDCE                                         r  count_reg[0]/C  (IS_INVERTED)
                         clock pessimism              0.277   155.288    
                         clock uncertainty           -0.035   155.252    
    SLICE_X2Y83          FDCE (Setup_fdce_C_D)        0.082   155.334    count_reg[0]
  -------------------------------------------------------------------
                         required time                        155.334    
                         arrival time                         -57.199    
  -------------------------------------------------------------------
                         slack                                 98.135    

Slack (MET) :             98.150ns  (required time - arrival time)
  Source:                 FSM_onehot_sstate_reg[0]/C
                            (falling edge-triggered cell FDPE clocked by PS2_CLK_pin  {rise@0.000ns fall@50.000ns period=100.000ns})
  Destination:            count_reg[1]/D
                            (falling edge-triggered cell FDCE clocked by PS2_CLK_pin  {rise@0.000ns fall@50.000ns period=100.000ns})
  Path Group:             PS2_CLK_pin
  Path Type:              Setup (Max at Slow Process Corner)
  Requirement:            100.000ns  (PS2_CLK_pin fall@150.000ns - PS2_CLK_pin fall@50.000ns)
  Data Path Delay:        1.915ns  (logic 0.609ns (31.795%)  route 1.306ns (68.205%))
  Logic Levels:           1  (LUT3=1)
  Clock Path Skew:        -0.022ns (DCD - SCD + CPR)
    Destination Clock Delay (DCD):    5.011ns = ( 155.011 - 150.000 ) 
    Source Clock Delay      (SCD):    5.310ns = ( 55.310 - 50.000 ) 
    Clock Pessimism Removal (CPR):    0.277ns
  Clock Uncertainty:      0.035ns  ((TSJ^2 + TIJ^2)^1/2 + DJ) / 2 + PE
    Total System Jitter     (TSJ):    0.071ns
    Total Input Jitter      (TIJ):    0.000ns
    Discrete Jitter          (DJ):    0.000ns
    Phase Error              (PE):    0.000ns

    Location             Delay type                Incr(ns)  Path(ns)    Netlist Resource(s)
  -------------------------------------------------------------------    -------------------
                         (clock PS2_CLK_pin fall edge)
                                                     50.000    50.000 f  
    F4                                                0.000    50.000 f  PS2_CLK (IN)
                         net (fo=0)                   0.000    50.000    PS2_CLK
    F4                   IBUF (Prop_ibuf_I_O)         1.472    51.472 f  PS2_CLK_IBUF_inst/O
                         net (fo=1, routed)           2.025    53.496    PS2_CLK_IBUF
    BUFGCTRL_X0Y16       BUFG (Prop_bufg_I_O)         0.096    53.592 f  PS2_CLK_IBUF_BUFG_inst/O
                         net (fo=37, routed)          1.717    55.310    PS2_CLK_IBUF_BUFG
    SLICE_X3Y83          FDPE                                         r  FSM_onehot_sstate_reg[0]/C  (IS_INVERTED)
  -------------------------------------------------------------------    -------------------
    SLICE_X3Y83          FDPE (Prop_fdpe_C_Q)         0.459    55.769 f  FSM_onehot_sstate_reg[0]/Q
                         net (fo=7, routed)           1.306    57.075    FSM_onehot_sstate_reg_n_0_[0]
    SLICE_X2Y83          LUT3 (Prop_lut3_I2_O)        0.150    57.225 r  count[1]_i_1/O
                         net (fo=1, routed)           0.000    57.225    count[1]_i_1_n_0
    SLICE_X2Y83          FDCE                                         r  count_reg[1]/D
  -------------------------------------------------------------------    -------------------

                         (clock PS2_CLK_pin fall edge)
                                                    150.000   150.000 f  
    F4                                                0.000   150.000 f  PS2_CLK (IN)
                         net (fo=0)                   0.000   150.000    PS2_CLK
    F4                   IBUF (Prop_ibuf_I_O)         1.401   151.401 f  PS2_CLK_IBUF_inst/O
                         net (fo=1, routed)           1.920   153.321    PS2_CLK_IBUF
    BUFGCTRL_X0Y16       BUFG (Prop_bufg_I_O)         0.091   153.412 f  PS2_CLK_IBUF_BUFG_inst/O
                         net (fo=37, routed)          1.598   155.011    PS2_CLK_IBUF_BUFG
    SLICE_X2Y83          FDCE                                         r  count_reg[1]/C  (IS_INVERTED)
                         clock pessimism              0.277   155.288    
                         clock uncertainty           -0.035   155.252    
    SLICE_X2Y83          FDCE (Setup_fdce_C_D)        0.123   155.375    count_reg[1]
  -------------------------------------------------------------------
                         required time                        155.375    
                         arrival time                         -57.225    
  -------------------------------------------------------------------
                         slack                                 98.150    





Min Delay Paths
--------------------------------------------------------------------------------------
Slack (MET) :             0.166ns  (arrival time - required time)
  Source:                 sreg_reg[7]/C
                            (falling edge-triggered cell FDCE clocked by PS2_CLK_pin  {rise@0.000ns fall@50.000ns period=100.000ns})
  Destination:            sreg_reg[6]/D
                            (falling edge-triggered cell FDCE clocked by PS2_CLK_pin  {rise@0.000ns fall@50.000ns period=100.000ns})
  Path Group:             PS2_CLK_pin
  Path Type:              Hold (Min at Fast Process Corner)
  Requirement:            0.000ns  (PS2_CLK_pin fall@50.000ns - PS2_CLK_pin fall@50.000ns)
  Data Path Delay:        0.257ns  (logic 0.146ns (56.726%)  route 0.111ns (43.274%))
  Logic Levels:           0  
  Clock Path Skew:        0.014ns (DCD - SCD - CPR)
    Destination Clock Delay (DCD):    2.026ns = ( 52.026 - 50.000 ) 
    Source Clock Delay      (SCD):    1.509ns = ( 51.509 - 50.000 ) 
    Clock Pessimism Removal (CPR):    0.502ns

    Location             Delay type                Incr(ns)  Path(ns)    Netlist Resource(s)
  -------------------------------------------------------------------    -------------------
                         (clock PS2_CLK_pin fall edge)
                                                     50.000    50.000 f  
    F4                                                0.000    50.000 f  PS2_CLK (IN)
                         net (fo=0)                   0.000    50.000    PS2_CLK
    F4                   IBUF (Prop_ibuf_I_O)         0.240    50.240 f  PS2_CLK_IBUF_inst/O
                         net (fo=1, routed)           0.644    50.884    PS2_CLK_IBUF
    BUFGCTRL_X0Y16       BUFG (Prop_bufg_I_O)         0.026    50.910 f  PS2_CLK_IBUF_BUFG_inst/O
                         net (fo=37, routed)          0.600    51.509    PS2_CLK_IBUF_BUFG
    SLICE_X3Y85          FDCE                                         r  sreg_reg[7]/C  (IS_INVERTED)
  -------------------------------------------------------------------    -------------------
    SLICE_X3Y85          FDCE (Prop_fdce_C_Q)         0.146    51.655 r  sreg_reg[7]/Q
                         net (fo=3, routed)           0.111    51.767    sreg_reg_n_0_[7]
    SLICE_X1Y84          FDCE                                         r  sreg_reg[6]/D
  -------------------------------------------------------------------    -------------------

                         (clock PS2_CLK_pin fall edge)
                                                     50.000    50.000 f  
    F4                                                0.000    50.000 f  PS2_CLK (IN)
                         net (fo=0)                   0.000    50.000    PS2_CLK
    F4                   IBUF (Prop_ibuf_I_O)         0.427    50.427 f  PS2_CLK_IBUF_inst/O
                         net (fo=1, routed)           0.699    51.126    PS2_CLK_IBUF
    BUFGCTRL_X0Y16       BUFG (Prop_bufg_I_O)         0.029    51.155 f  PS2_CLK_IBUF_BUFG_inst/O
                         net (fo=37, routed)          0.871    52.026    PS2_CLK_IBUF_BUFG
    SLICE_X1Y84          FDCE                                         r  sreg_reg[6]/C  (IS_INVERTED)
                         clock pessimism             -0.502    51.523    
    SLICE_X1Y84          FDCE (Hold_fdce_C_D)         0.077    51.600    sreg_reg[6]
  -------------------------------------------------------------------
                         required time                        -51.600    
                         arrival time                          51.767    
  -------------------------------------------------------------------
                         slack                                  0.166    

Slack (MET) :             0.178ns  (arrival time - required time)
  Source:                 curr_byte_reg[4]/C
                            (falling edge-triggered cell FDCE clocked by PS2_CLK_pin  {rise@0.000ns fall@50.000ns period=100.000ns})
  Destination:            prev_byte_reg[4]/D
                            (falling edge-triggered cell FDCE clocked by PS2_CLK_pin  {rise@0.000ns fall@50.000ns period=100.000ns})
  Path Group:             PS2_CLK_pin
  Path Type:              Hold (Min at Fast Process Corner)
  Requirement:            0.000ns  (PS2_CLK_pin fall@50.000ns - PS2_CLK_pin fall@50.000ns)
  Data Path Delay:        0.235ns  (logic 0.167ns (71.054%)  route 0.068ns (28.946%))
  Logic Levels:           0  
  Clock Path Skew:        0.000ns (DCD - SCD - CPR)
    Destination Clock Delay (DCD):    2.026ns = ( 52.026 - 50.000 ) 
    Source Clock Delay      (SCD):    1.509ns = ( 51.509 - 50.000 ) 
    Clock Pessimism Removal (CPR):    0.516ns

    Location             Delay type                Incr(ns)  Path(ns)    Netlist Resource(s)
  -------------------------------------------------------------------    -------------------
                         (clock PS2_CLK_pin fall edge)
                                                     50.000    50.000 f  
    F4                                                0.000    50.000 f  PS2_CLK (IN)
                         net (fo=0)                   0.000    50.000    PS2_CLK
    F4                   IBUF (Prop_ibuf_I_O)         0.240    50.240 f  PS2_CLK_IBUF_inst/O
                         net (fo=1, routed)           0.644    50.884    PS2_CLK_IBUF
    BUFGCTRL_X0Y16       BUFG (Prop_bufg_I_O)         0.026    50.910 f  PS2_CLK_IBUF_BUFG_inst/O
                         net (fo=37, routed)          0.600    51.509    PS2_CLK_IBUF_BUFG
    SLICE_X2Y84          FDCE                                         r  curr_byte_reg[4]/C  (IS_INVERTED)
  -------------------------------------------------------------------    -------------------
    SLICE_X2Y84          FDCE (Prop_fdce_C_Q)         0.167    51.676 r  curr_byte_reg[4]/Q
                         net (fo=2, routed)           0.068    51.744    curr_byte[4]
    SLICE_X2Y84          FDCE                                         r  prev_byte_reg[4]/D
  -------------------------------------------------------------------    -------------------

                         (clock PS2_CLK_pin fall edge)
                                                     50.000    50.000 f  
    F4                                                0.000    50.000 f  PS2_CLK (IN)
                         net (fo=0)                   0.000    50.000    PS2_CLK
    F4                   IBUF (Prop_ibuf_I_O)         0.427    50.427 f  PS2_CLK_IBUF_inst/O
                         net (fo=1, routed)           0.699    51.126    PS2_CLK_IBUF
    BUFGCTRL_X0Y16       BUFG (Prop_bufg_I_O)         0.029    51.155 f  PS2_CLK_IBUF_BUFG_inst/O
                         net (fo=37, routed)          0.871    52.026    PS2_CLK_IBUF_BUFG
    SLICE_X2Y84          FDCE                                         r  prev_byte_reg[4]/C  (IS_INVERTED)
                         clock pessimism             -0.516    51.509    
    SLICE_X2Y84          FDCE (Hold_fdce_C_D)         0.057    51.566    prev_byte_reg[4]
  -------------------------------------------------------------------
                         required time                        -51.566    
                         arrival time                          51.744    
  -------------------------------------------------------------------
                         slack                                  0.178    

Slack (MET) :             0.194ns  (arrival time - required time)
  Source:                 curr_byte_reg[6]/C
                            (falling edge-triggered cell FDCE clocked by PS2_CLK_pin  {rise@0.000ns fall@50.000ns period=100.000ns})
  Destination:            prev_byte_reg[6]/D
                            (falling edge-triggered cell FDCE clocked by PS2_CLK_pin  {rise@0.000ns fall@50.000ns period=100.000ns})
  Path Group:             PS2_CLK_pin
  Path Type:              Hold (Min at Fast Process Corner)
  Requirement:            0.000ns  (PS2_CLK_pin fall@50.000ns - PS2_CLK_pin fall@50.000ns)
  Data Path Delay:        0.271ns  (logic 0.146ns (53.937%)  route 0.125ns (46.063%))
  Logic Levels:           0  
  Clock Path Skew:        0.000ns (DCD - SCD - CPR)
    Destination Clock Delay (DCD):    2.026ns = ( 52.026 - 50.000 ) 
    Source Clock Delay      (SCD):    1.509ns = ( 51.509 - 50.000 ) 
    Clock Pessimism Removal (CPR):    0.516ns

    Location             Delay type                Incr(ns)  Path(ns)    Netlist Resource(s)
  -------------------------------------------------------------------    -------------------
                         (clock PS2_CLK_pin fall edge)
                                                     50.000    50.000 f  
    F4                                                0.000    50.000 f  PS2_CLK (IN)
                         net (fo=0)                   0.000    50.000    PS2_CLK
    F4                   IBUF (Prop_ibuf_I_O)         0.240    50.240 f  PS2_CLK_IBUF_inst/O
                         net (fo=1, routed)           0.644    50.884    PS2_CLK_IBUF
    BUFGCTRL_X0Y16       BUFG (Prop_bufg_I_O)         0.026    50.910 f  PS2_CLK_IBUF_BUFG_inst/O
                         net (fo=37, routed)          0.600    51.509    PS2_CLK_IBUF_BUFG
    SLICE_X0Y84          FDCE                                         r  curr_byte_reg[6]/C  (IS_INVERTED)
  -------------------------------------------------------------------    -------------------
    SLICE_X0Y84          FDCE (Prop_fdce_C_Q)         0.146    51.655 r  curr_byte_reg[6]/Q
                         net (fo=2, routed)           0.125    51.780    curr_byte[6]
    SLICE_X0Y84          FDCE                                         r  prev_byte_reg[6]/D
  -------------------------------------------------------------------    -------------------

                         (clock PS2_CLK_pin fall edge)
                                                     50.000    50.000 f  
    F4                                                0.000    50.000 f  PS2_CLK (IN)
                         net (fo=0)                   0.000    50.000    PS2_CLK
    F4                   IBUF (Prop_ibuf_I_O)         0.427    50.427 f  PS2_CLK_IBUF_inst/O
                         net (fo=1, routed)           0.699    51.126    PS2_CLK_IBUF
    BUFGCTRL_X0Y16       BUFG (Prop_bufg_I_O)         0.029    51.155 f  PS2_CLK_IBUF_BUFG_inst/O
                         net (fo=37, routed)          0.871    52.026    PS2_CLK_IBUF_BUFG
    SLICE_X0Y84          FDCE                                         r  prev_byte_reg[6]/C  (IS_INVERTED)
                         clock pessimism             -0.516    51.509    
    SLICE_X0Y84          FDCE (Hold_fdce_C_D)         0.077    51.586    prev_byte_reg[6]
  -------------------------------------------------------------------
                         required time                        -51.586    
                         arrival time                          51.780    
  -------------------------------------------------------------------
                         slack                                  0.194    

Slack (MET) :             0.195ns  (arrival time - required time)
  Source:                 sreg_reg[2]/C
                            (falling edge-triggered cell FDCE clocked by PS2_CLK_pin  {rise@0.000ns fall@50.000ns period=100.000ns})
  Destination:            curr_byte_reg[2]/D
                            (falling edge-triggered cell FDCE clocked by PS2_CLK_pin  {rise@0.000ns fall@50.000ns period=100.000ns})
  Path Group:             PS2_CLK_pin
  Path Type:              Hold (Min at Fast Process Corner)
  Requirement:            0.000ns  (PS2_CLK_pin fall@50.000ns - PS2_CLK_pin fall@50.000ns)
  Data Path Delay:        0.266ns  (logic 0.146ns (54.904%)  route 0.120ns (45.096%))
  Logic Levels:           0  
  Clock Path Skew:        0.015ns (DCD - SCD - CPR)
    Destination Clock Delay (DCD):    2.027ns = ( 52.027 - 50.000 ) 
    Source Clock Delay      (SCD):    1.509ns = ( 51.509 - 50.000 ) 
    Clock Pessimism Removal (CPR):    0.502ns

    Location             Delay type                Incr(ns)  Path(ns)    Netlist Resource(s)
  -------------------------------------------------------------------    -------------------
                         (clock PS2_CLK_pin fall edge)
                                                     50.000    50.000 f  
    F4                                                0.000    50.000 f  PS2_CLK (IN)
                         net (fo=0)                   0.000    50.000    PS2_CLK
    F4                   IBUF (Prop_ibuf_I_O)         0.240    50.240 f  PS2_CLK_IBUF_inst/O
                         net (fo=1, routed)           0.644    50.884    PS2_CLK_IBUF
    BUFGCTRL_X0Y16       BUFG (Prop_bufg_I_O)         0.026    50.910 f  PS2_CLK_IBUF_BUFG_inst/O
                         net (fo=37, routed)          0.600    51.509    PS2_CLK_IBUF_BUFG
    SLICE_X1Y85          FDCE                                         r  sreg_reg[2]/C  (IS_INVERTED)
  -------------------------------------------------------------------    -------------------
    SLICE_X1Y85          FDCE (Prop_fdce_C_Q)         0.146    51.655 r  sreg_reg[2]/Q
                         net (fo=3, routed)           0.120    51.775    sreg_reg_n_0_[2]
    SLICE_X2Y85          FDCE                                         r  curr_byte_reg[2]/D
  -------------------------------------------------------------------    -------------------

                         (clock PS2_CLK_pin fall edge)
                                                     50.000    50.000 f  
    F4                                                0.000    50.000 f  PS2_CLK (IN)
                         net (fo=0)                   0.000    50.000    PS2_CLK
    F4                   IBUF (Prop_ibuf_I_O)         0.427    50.427 f  PS2_CLK_IBUF_inst/O
                         net (fo=1, routed)           0.699    51.126    PS2_CLK_IBUF
    BUFGCTRL_X0Y16       BUFG (Prop_bufg_I_O)         0.029    51.155 f  PS2_CLK_IBUF_BUFG_inst/O
                         net (fo=37, routed)          0.872    52.027    PS2_CLK_IBUF_BUFG
    SLICE_X2Y85          FDCE                                         r  curr_byte_reg[2]/C  (IS_INVERTED)
                         clock pessimism             -0.502    51.524    
    SLICE_X2Y85          FDCE (Hold_fdce_C_D)         0.056    51.580    curr_byte_reg[2]
  -------------------------------------------------------------------
                         required time                        -51.580    
                         arrival time                          51.775    
  -------------------------------------------------------------------
                         slack                                  0.195    

Slack (MET) :             0.227ns  (arrival time - required time)
  Source:                 sreg_reg[4]/C
                            (falling edge-triggered cell FDCE clocked by PS2_CLK_pin  {rise@0.000ns fall@50.000ns period=100.000ns})
  Destination:            curr_byte_reg[4]/D
                            (falling edge-triggered cell FDCE clocked by PS2_CLK_pin  {rise@0.000ns fall@50.000ns period=100.000ns})
  Path Group:             PS2_CLK_pin
  Path Type:              Hold (Min at Fast Process Corner)
  Requirement:            0.000ns  (PS2_CLK_pin fall@50.000ns - PS2_CLK_pin fall@50.000ns)
  Data Path Delay:        0.267ns  (logic 0.133ns (49.884%)  route 0.134ns (50.116%))
  Logic Levels:           0  
  Clock Path Skew:        0.014ns (DCD - SCD - CPR)
    Destination Clock Delay (DCD):    2.026ns = ( 52.026 - 50.000 ) 
    Source Clock Delay      (SCD):    1.509ns = ( 51.509 - 50.000 ) 
    Clock Pessimism Removal (CPR):    0.502ns

    Location             Delay type                Incr(ns)  Path(ns)    Netlist Resource(s)
  -------------------------------------------------------------------    -------------------
                         (clock PS2_CLK_pin fall edge)
                                                     50.000    50.000 f  
    F4                                                0.000    50.000 f  PS2_CLK (IN)
                         net (fo=0)                   0.000    50.000    PS2_CLK
    F4                   IBUF (Prop_ibuf_I_O)         0.240    50.240 f  PS2_CLK_IBUF_inst/O
                         net (fo=1, routed)           0.644    50.884    PS2_CLK_IBUF
    BUFGCTRL_X0Y16       BUFG (Prop_bufg_I_O)         0.026    50.910 f  PS2_CLK_IBUF_BUFG_inst/O
                         net (fo=37, routed)          0.600    51.509    PS2_CLK_IBUF_BUFG
    SLICE_X1Y85          FDCE                                         r  sreg_reg[4]/C  (IS_INVERTED)
  -------------------------------------------------------------------    -------------------
    SLICE_X1Y85          FDCE (Prop_fdce_C_Q)         0.133    51.642 r  sreg_reg[4]/Q
                         net (fo=3, routed)           0.134    51.776    p_3_in
    SLICE_X2Y84          FDCE                                         r  curr_byte_reg[4]/D
  -------------------------------------------------------------------    -------------------

                         (clock PS2_CLK_pin fall edge)
                                                     50.000    50.000 f  
    F4                                                0.000    50.000 f  PS2_CLK (IN)
                         net (fo=0)                   0.000    50.000    PS2_CLK
    F4                   IBUF (Prop_ibuf_I_O)         0.427    50.427 f  PS2_CLK_IBUF_inst/O
                         net (fo=1, routed)           0.699    51.126    PS2_CLK_IBUF
    BUFGCTRL_X0Y16       BUFG (Prop_bufg_I_O)         0.029    51.155 f  PS2_CLK_IBUF_BUFG_inst/O
                         net (fo=37, routed)          0.871    52.026    PS2_CLK_IBUF_BUFG
    SLICE_X2Y84          FDCE                                         r  curr_byte_reg[4]/C  (IS_INVERTED)
                         clock pessimism             -0.502    51.523    
    SLICE_X2Y84          FDCE (Hold_fdce_C_D)         0.026    51.549    curr_byte_reg[4]
  -------------------------------------------------------------------
                         required time                        -51.549    
                         arrival time                          51.776    
  -------------------------------------------------------------------
                         slack                                  0.227    

Slack (MET) :             0.239ns  (arrival time - required time)
  Source:                 sreg_reg[5]/C
                            (falling edge-triggered cell FDCE clocked by PS2_CLK_pin  {rise@0.000ns fall@50.000ns period=100.000ns})
  Destination:            curr_byte_reg[5]/D
                            (falling edge-triggered cell FDCE clocked by PS2_CLK_pin  {rise@0.000ns fall@50.000ns period=100.000ns})
  Path Group:             PS2_CLK_pin
  Path Type:              Hold (Min at Fast Process Corner)
  Requirement:            0.000ns  (PS2_CLK_pin fall@50.000ns - PS2_CLK_pin fall@50.000ns)
  Data Path Delay:        0.272ns  (logic 0.133ns (48.868%)  route 0.139ns (51.132%))
  Logic Levels:           0  
  Clock Path Skew:        0.013ns (DCD - SCD - CPR)
    Destination Clock Delay (DCD):    2.027ns = ( 52.027 - 50.000 ) 
    Source Clock Delay      (SCD):    1.509ns = ( 51.509 - 50.000 ) 
    Clock Pessimism Removal (CPR):    0.504ns

    Location             Delay type                Incr(ns)  Path(ns)    Netlist Resource(s)
  -------------------------------------------------------------------    -------------------
                         (clock PS2_CLK_pin fall edge)
                                                     50.000    50.000 f  
    F4                                                0.000    50.000 f  PS2_CLK (IN)
                         net (fo=0)                   0.000    50.000    PS2_CLK
    F4                   IBUF (Prop_ibuf_I_O)         0.240    50.240 f  PS2_CLK_IBUF_inst/O
                         net (fo=1, routed)           0.644    50.884    PS2_CLK_IBUF
    BUFGCTRL_X0Y16       BUFG (Prop_bufg_I_O)         0.026    50.910 f  PS2_CLK_IBUF_BUFG_inst/O
                         net (fo=37, routed)          0.600    51.509    PS2_CLK_IBUF_BUFG
    SLICE_X1Y85          FDCE                                         r  sreg_reg[5]/C  (IS_INVERTED)
  -------------------------------------------------------------------    -------------------
    SLICE_X1Y85          FDCE (Prop_fdce_C_Q)         0.133    51.642 r  sreg_reg[5]/Q
                         net (fo=3, routed)           0.139    51.782    p_4_in
    SLICE_X0Y85          FDCE                                         r  curr_byte_reg[5]/D
  -------------------------------------------------------------------    -------------------

                         (clock PS2_CLK_pin fall edge)
                                                     50.000    50.000 f  
    F4                                                0.000    50.000 f  PS2_CLK (IN)
                         net (fo=0)                   0.000    50.000    PS2_CLK
    F4                   IBUF (Prop_ibuf_I_O)         0.427    50.427 f  PS2_CLK_IBUF_inst/O
                         net (fo=1, routed)           0.699    51.126    PS2_CLK_IBUF
    BUFGCTRL_X0Y16       BUFG (Prop_bufg_I_O)         0.029    51.155 f  PS2_CLK_IBUF_BUFG_inst/O
                         net (fo=37, routed)          0.872    52.027    PS2_CLK_IBUF_BUFG
    SLICE_X0Y85          FDCE                                         r  curr_byte_reg[5]/C  (IS_INVERTED)
                         clock pessimism             -0.504    51.522    
    SLICE_X0Y85          FDCE (Hold_fdce_C_D)         0.020    51.542    curr_byte_reg[5]
  -------------------------------------------------------------------
                         required time                        -51.542    
                         arrival time                          51.782    
  -------------------------------------------------------------------
                         slack                                  0.239    

Slack (MET) :             0.250ns  (arrival time - required time)
  Source:                 count_reg[0]/C
                            (falling edge-triggered cell FDCE clocked by PS2_CLK_pin  {rise@0.000ns fall@50.000ns period=100.000ns})
  Destination:            count_reg[3]/D
                            (falling edge-triggered cell FDCE clocked by PS2_CLK_pin  {rise@0.000ns fall@50.000ns period=100.000ns})
  Path Group:             PS2_CLK_pin
  Path Type:              Hold (Min at Fast Process Corner)
  Requirement:            0.000ns  (PS2_CLK_pin fall@50.000ns - PS2_CLK_pin fall@50.000ns)
  Data Path Delay:        0.385ns  (logic 0.210ns (54.512%)  route 0.175ns (45.489%))
  Logic Levels:           1  (LUT5=1)
  Clock Path Skew:        0.000ns (DCD - SCD - CPR)
    Destination Clock Delay (DCD):    2.025ns = ( 52.025 - 50.000 ) 
    Source Clock Delay      (SCD):    1.508ns = ( 51.508 - 50.000 ) 
    Clock Pessimism Removal (CPR):    0.516ns

    Location             Delay type                Incr(ns)  Path(ns)    Netlist Resource(s)
  -------------------------------------------------------------------    -------------------
                         (clock PS2_CLK_pin fall edge)
                                                     50.000    50.000 f  
    F4                                                0.000    50.000 f  PS2_CLK (IN)
                         net (fo=0)                   0.000    50.000    PS2_CLK
    F4                   IBUF (Prop_ibuf_I_O)         0.240    50.240 f  PS2_CLK_IBUF_inst/O
                         net (fo=1, routed)           0.644    50.884    PS2_CLK_IBUF
    BUFGCTRL_X0Y16       BUFG (Prop_bufg_I_O)         0.026    50.910 f  PS2_CLK_IBUF_BUFG_inst/O
                         net (fo=37, routed)          0.599    51.508    PS2_CLK_IBUF_BUFG
    SLICE_X2Y83          FDCE                                         r  count_reg[0]/C  (IS_INVERTED)
  -------------------------------------------------------------------    -------------------
    SLICE_X2Y83          FDCE (Prop_fdce_C_Q)         0.167    51.675 r  count_reg[0]/Q
                         net (fo=5, routed)           0.175    51.851    count_reg_n_0_[0]
    SLICE_X2Y83          LUT5 (Prop_lut5_I3_O)        0.043    51.894 r  count[3]_i_2/O
                         net (fo=1, routed)           0.000    51.894    count[3]_i_2_n_0
    SLICE_X2Y83          FDCE                                         r  count_reg[3]/D
  -------------------------------------------------------------------    -------------------

                         (clock PS2_CLK_pin fall edge)
                                                     50.000    50.000 f  
    F4                                                0.000    50.000 f  PS2_CLK (IN)
                         net (fo=0)                   0.000    50.000    PS2_CLK
    F4                   IBUF (Prop_ibuf_I_O)         0.427    50.427 f  PS2_CLK_IBUF_inst/O
                         net (fo=1, routed)           0.699    51.126    PS2_CLK_IBUF
    BUFGCTRL_X0Y16       BUFG (Prop_bufg_I_O)         0.029    51.155 f  PS2_CLK_IBUF_BUFG_inst/O
                         net (fo=37, routed)          0.870    52.025    PS2_CLK_IBUF_BUFG
    SLICE_X2Y83          FDCE                                         r  count_reg[3]/C  (IS_INVERTED)
                         clock pessimism             -0.516    51.508    
    SLICE_X2Y83          FDCE (Hold_fdce_C_D)         0.135    51.643    count_reg[3]
  -------------------------------------------------------------------
                         required time                        -51.643    
                         arrival time                          51.894    
  -------------------------------------------------------------------
                         slack                                  0.250    

Slack (MET) :             0.251ns  (arrival time - required time)
  Source:                 curr_byte_reg[1]/C
                            (falling edge-triggered cell FDCE clocked by PS2_CLK_pin  {rise@0.000ns fall@50.000ns period=100.000ns})
  Destination:            prev_byte_reg[1]/D
                            (falling edge-triggered cell FDCE clocked by PS2_CLK_pin  {rise@0.000ns fall@50.000ns period=100.000ns})
  Path Group:             PS2_CLK_pin
  Path Type:              Hold (Min at Fast Process Corner)
  Requirement:            0.000ns  (PS2_CLK_pin fall@50.000ns - PS2_CLK_pin fall@50.000ns)
  Data Path Delay:        0.267ns  (logic 0.151ns (56.547%)  route 0.116ns (43.453%))
  Logic Levels:           0  
  Clock Path Skew:        0.015ns (DCD - SCD - CPR)
    Destination Clock Delay (DCD):    2.027ns = ( 52.027 - 50.000 ) 
    Source Clock Delay      (SCD):    1.509ns = ( 51.509 - 50.000 ) 
    Clock Pessimism Removal (CPR):    0.502ns

    Location             Delay type                Incr(ns)  Path(ns)    Netlist Resource(s)
  -------------------------------------------------------------------    -------------------
                         (clock PS2_CLK_pin fall edge)
                                                     50.000    50.000 f  
    F4                                                0.000    50.000 f  PS2_CLK (IN)
                         net (fo=0)                   0.000    50.000    PS2_CLK
    F4                   IBUF (Prop_ibuf_I_O)         0.240    50.240 f  PS2_CLK_IBUF_inst/O
                         net (fo=1, routed)           0.644    50.884    PS2_CLK_IBUF
    BUFGCTRL_X0Y16       BUFG (Prop_bufg_I_O)         0.026    50.910 f  PS2_CLK_IBUF_BUFG_inst/O
                         net (fo=37, routed)          0.600    51.509    PS2_CLK_IBUF_BUFG
    SLICE_X2Y85          FDCE                                         r  curr_byte_reg[1]/C  (IS_INVERTED)
  -------------------------------------------------------------------    -------------------
    SLICE_X2Y85          FDCE (Prop_fdce_C_Q)         0.151    51.660 r  curr_byte_reg[1]/Q
                         net (fo=2, routed)           0.116    51.776    curr_byte[1]
    SLICE_X0Y85          FDCE                                         r  prev_byte_reg[1]/D
  -------------------------------------------------------------------    -------------------

                         (clock PS2_CLK_pin fall edge)
                                                     50.000    50.000 f  
    F4                                                0.000    50.000 f  PS2_CLK (IN)
                         net (fo=0)                   0.000    50.000    PS2_CLK
    F4                   IBUF (Prop_ibuf_I_O)         0.427    50.427 f  PS2_CLK_IBUF_inst/O
                         net (fo=1, routed)           0.699    51.126    PS2_CLK_IBUF
    BUFGCTRL_X0Y16       BUFG (Prop_bufg_I_O)         0.029    51.155 f  PS2_CLK_IBUF_BUFG_inst/O
                         net (fo=37, routed)          0.872    52.027    PS2_CLK_IBUF_BUFG
    SLICE_X0Y85          FDCE                                         r  prev_byte_reg[1]/C  (IS_INVERTED)
                         clock pessimism             -0.502    51.524    
    SLICE_X0Y85          FDCE (Hold_fdce_C_D)         0.001    51.525    prev_byte_reg[1]
  -------------------------------------------------------------------
                         required time                        -51.525    
                         arrival time                          51.776    
  -------------------------------------------------------------------
                         slack                                  0.251    

Slack (MET) :             0.252ns  (arrival time - required time)
  Source:                 sreg_reg[3]/C
                            (falling edge-triggered cell FDCE clocked by PS2_CLK_pin  {rise@0.000ns fall@50.000ns period=100.000ns})
  Destination:            curr_byte_reg[3]/D
                            (falling edge-triggered cell FDCE clocked by PS2_CLK_pin  {rise@0.000ns fall@50.000ns period=100.000ns})
  Path Group:             PS2_CLK_pin
  Path Type:              Hold (Min at Fast Process Corner)
  Requirement:            0.000ns  (PS2_CLK_pin fall@50.000ns - PS2_CLK_pin fall@50.000ns)
  Data Path Delay:        0.329ns  (logic 0.146ns (44.366%)  route 0.183ns (55.633%))
  Logic Levels:           0  
  Clock Path Skew:        0.014ns (DCD - SCD - CPR)
    Destination Clock Delay (DCD):    2.026ns = ( 52.026 - 50.000 ) 
    Source Clock Delay      (SCD):    1.509ns = ( 51.509 - 50.000 ) 
    Clock Pessimism Removal (CPR):    0.502ns

    Location             Delay type                Incr(ns)  Path(ns)    Netlist Resource(s)
  -------------------------------------------------------------------    -------------------
                         (clock PS2_CLK_pin fall edge)
                                                     50.000    50.000 f  
    F4                                                0.000    50.000 f  PS2_CLK (IN)
                         net (fo=0)                   0.000    50.000    PS2_CLK
    F4                   IBUF (Prop_ibuf_I_O)         0.240    50.240 f  PS2_CLK_IBUF_inst/O
                         net (fo=1, routed)           0.644    50.884    PS2_CLK_IBUF
    BUFGCTRL_X0Y16       BUFG (Prop_bufg_I_O)         0.026    50.910 f  PS2_CLK_IBUF_BUFG_inst/O
                         net (fo=37, routed)          0.600    51.509    PS2_CLK_IBUF_BUFG
    SLICE_X1Y85          FDCE                                         r  sreg_reg[3]/C  (IS_INVERTED)
  -------------------------------------------------------------------    -------------------
    SLICE_X1Y85          FDCE (Prop_fdce_C_Q)         0.146    51.655 r  sreg_reg[3]/Q
                         net (fo=3, routed)           0.183    51.839    p_2_in
    SLICE_X2Y84          FDCE                                         r  curr_byte_reg[3]/D
  -------------------------------------------------------------------    -------------------

                         (clock PS2_CLK_pin fall edge)
                                                     50.000    50.000 f  
    F4                                                0.000    50.000 f  PS2_CLK (IN)
                         net (fo=0)                   0.000    50.000    PS2_CLK
    F4                   IBUF (Prop_ibuf_I_O)         0.427    50.427 f  PS2_CLK_IBUF_inst/O
                         net (fo=1, routed)           0.699    51.126    PS2_CLK_IBUF
    BUFGCTRL_X0Y16       BUFG (Prop_bufg_I_O)         0.029    51.155 f  PS2_CLK_IBUF_BUFG_inst/O
                         net (fo=37, routed)          0.871    52.026    PS2_CLK_IBUF_BUFG
    SLICE_X2Y84          FDCE                                         r  curr_byte_reg[3]/C  (IS_INVERTED)
                         clock pessimism             -0.502    51.523    
    SLICE_X2Y84          FDCE (Hold_fdce_C_D)         0.063    51.586    curr_byte_reg[3]
  -------------------------------------------------------------------
                         required time                        -51.586    
                         arrival time                          51.838    
  -------------------------------------------------------------------
                         slack                                  0.252    

Slack (MET) :             0.252ns  (arrival time - required time)
  Source:                 spar_reg/C
                            (falling edge-triggered cell FDCE clocked by PS2_CLK_pin  {rise@0.000ns fall@50.000ns period=100.000ns})
  Destination:            curr_par_reg/D
                            (falling edge-triggered cell FDCE clocked by PS2_CLK_pin  {rise@0.000ns fall@50.000ns period=100.000ns})
  Path Group:             PS2_CLK_pin
  Path Type:              Hold (Min at Fast Process Corner)
  Requirement:            0.000ns  (PS2_CLK_pin fall@50.000ns - PS2_CLK_pin fall@50.000ns)
  Data Path Delay:        0.345ns  (logic 0.146ns (42.297%)  route 0.199ns (57.704%))
  Logic Levels:           0  
  Clock Path Skew:        0.013ns (DCD - SCD - CPR)
    Destination Clock Delay (DCD):    2.026ns = ( 52.026 - 50.000 ) 
    Source Clock Delay      (SCD):    1.509ns = ( 51.509 - 50.000 ) 
    Clock Pessimism Removal (CPR):    0.503ns

    Location             Delay type                Incr(ns)  Path(ns)    Netlist Resource(s)
  -------------------------------------------------------------------    -------------------
                         (clock PS2_CLK_pin fall edge)
                                                     50.000    50.000 f  
    F4                                                0.000    50.000 f  PS2_CLK (IN)
                         net (fo=0)                   0.000    50.000    PS2_CLK
    F4                   IBUF (Prop_ibuf_I_O)         0.240    50.240 f  PS2_CLK_IBUF_inst/O
                         net (fo=1, routed)           0.644    50.884    PS2_CLK_IBUF
    BUFGCTRL_X0Y16       BUFG (Prop_bufg_I_O)         0.026    50.910 f  PS2_CLK_IBUF_BUFG_inst/O
                         net (fo=37, routed)          0.600    51.509    PS2_CLK_IBUF_BUFG
    SLICE_X3Y84          FDCE                                         r  spar_reg/C  (IS_INVERTED)
  -------------------------------------------------------------------    -------------------
    SLICE_X3Y84          FDCE (Prop_fdce_C_Q)         0.146    51.655 r  spar_reg/Q
                         net (fo=1, routed)           0.199    51.855    spar
    SLICE_X2Y84          FDCE                                         r  curr_par_reg/D
  -------------------------------------------------------------------    -------------------

                         (clock PS2_CLK_pin fall edge)
                                                     50.000    50.000 f  
    F4                                                0.000    50.000 f  PS2_CLK (IN)
                         net (fo=0)                   0.000    50.000    PS2_CLK
    F4                   IBUF (Prop_ibuf_I_O)         0.427    50.427 f  PS2_CLK_IBUF_inst/O
                         net (fo=1, routed)           0.699    51.126    PS2_CLK_IBUF
    BUFGCTRL_X0Y16       BUFG (Prop_bufg_I_O)         0.029    51.155 f  PS2_CLK_IBUF_BUFG_inst/O
                         net (fo=37, routed)          0.871    52.026    PS2_CLK_IBUF_BUFG
    SLICE_X2Y84          FDCE                                         r  curr_par_reg/C  (IS_INVERTED)
                         clock pessimism             -0.503    51.522    
    SLICE_X2Y84          FDCE (Hold_fdce_C_D)         0.080    51.602    curr_par_reg
  -------------------------------------------------------------------
                         required time                        -51.602    
                         arrival time                          51.855    
  -------------------------------------------------------------------
                         slack                                  0.252    





Pulse Width Checks
--------------------------------------------------------------------------------------
Clock Name:         PS2_CLK_pin
Waveform(ns):       { 0.000 50.000 }
Period(ns):         100.000
Sources:            { PS2_CLK }

Check Type        Corner  Lib Pin  Reference Pin  Required(ns)  Actual(ns)  Slack(ns)  Location        Pin
Min Period        n/a     BUFG/I   n/a            2.155         100.000     97.845     BUFGCTRL_X0Y16  PS2_CLK_IBUF_BUFG_inst/I
Min Period        n/a     FDPE/C   n/a            1.000         100.000     99.000     SLICE_X3Y83     FSM_onehot_sstate_reg[0]/C
Min Period        n/a     FDCE/C   n/a            1.000         100.000     99.000     SLICE_X3Y83     FSM_onehot_sstate_reg[1]/C
Min Period        n/a     FDCE/C   n/a            1.000         100.000     99.000     SLICE_X3Y83     FSM_onehot_sstate_reg[2]/C
Min Period        n/a     FDCE/C   n/a            1.000         100.000     99.000     SLICE_X3Y83     FSM_onehot_sstate_reg[3]/C
Min Period        n/a     FDCE/C   n/a            1.000         100.000     99.000     SLICE_X2Y83     count_reg[0]/C
Min Period        n/a     FDCE/C   n/a            1.000         100.000     99.000     SLICE_X2Y83     count_reg[1]/C
Min Period        n/a     FDCE/C   n/a            1.000         100.000     99.000     SLICE_X2Y83     count_reg[2]/C
Min Period        n/a     FDCE/C   n/a            1.000         100.000     99.000     SLICE_X2Y83     count_reg[3]/C
Min Period        n/a     FDCE/C   n/a            1.000         100.000     99.000     SLICE_X0Y85     curr_byte_reg[0]/C
Low Pulse Width   Slow    FDPE/C   n/a            0.500         50.000      49.500     SLICE_X3Y83     FSM_onehot_sstate_reg[0]/C
Low Pulse Width   Slow    FDCE/C   n/a            0.500         50.000      49.500     SLICE_X3Y83     FSM_onehot_sstate_reg[1]/C
Low Pulse Width   Slow    FDCE/C   n/a            0.500         50.000      49.500     SLICE_X3Y83     FSM_onehot_sstate_reg[2]/C
Low Pulse Width   Slow    FDCE/C   n/a            0.500         50.000      49.500     SLICE_X3Y83     FSM_onehot_sstate_reg[3]/C
Low Pulse Width   Slow    FDCE/C   n/a            0.500         50.000      49.500     SLICE_X2Y83     count_reg[0]/C
Low Pulse Width   Slow    FDCE/C   n/a            0.500         50.000      49.500     SLICE_X2Y83     count_reg[1]/C
Low Pulse Width   Slow    FDCE/C   n/a            0.500         50.000      49.500     SLICE_X2Y83     count_reg[2]/C
Low Pulse Width   Slow    FDCE/C   n/a            0.500         50.000      49.500     SLICE_X2Y83     count_reg[3]/C
Low Pulse Width   Fast    FDPE/C   n/a            0.500         50.000      49.500     SLICE_X3Y83     FSM_onehot_sstate_reg[0]/C
Low Pulse Width   Fast    FDCE/C   n/a            0.500         50.000      49.500     SLICE_X3Y83     FSM_onehot_sstate_reg[1]/C
High Pulse Width  Fast    FDPE/C   n/a            0.500         50.000      49.500     SLICE_X3Y83     FSM_onehot_sstate_reg[0]/C
High Pulse Width  Fast    FDCE/C   n/a            0.500         50.000      49.500     SLICE_X3Y83     FSM_onehot_sstate_reg[1]/C
High Pulse Width  Fast    FDCE/C   n/a            0.500         50.000      49.500     SLICE_X3Y83     FSM_onehot_sstate_reg[2]/C
High Pulse Width  Fast    FDCE/C   n/a            0.500         50.000      49.500     SLICE_X3Y83     FSM_onehot_sstate_reg[3]/C
High Pulse Width  Fast    FDCE/C   n/a            0.500         50.000      49.500     SLICE_X2Y83     count_reg[0]/C
High Pulse Width  Fast    FDCE/C   n/a            0.500         50.000      49.500     SLICE_X2Y83     count_reg[1]/C
High Pulse Width  Fast    FDCE/C   n/a            0.500         50.000      49.500     SLICE_X2Y83     count_reg[2]/C
High Pulse Width  Fast    FDCE/C   n/a            0.500         50.000      49.500     SLICE_X2Y83     count_reg[3]/C
High Pulse Width  Fast    FDCE/C   n/a            0.500         50.000      49.500     SLICE_X0Y85     curr_byte_reg[0]/C
High Pulse Width  Fast    FDCE/C   n/a            0.500         50.000      49.500     SLICE_X2Y85     curr_byte_reg[1]/C



