#-----------------------------------------------------------
# Vivado v2019.1 (64-bit)
# SW Build 2552052 on Fri May 24 14:49:42 MDT 2019
# IP Build 2548770 on Fri May 24 18:01:18 MDT 2019
# Start of session at: Mon Aug 31 17:31:11 2026
# Process ID: 10080
# Current directory: C:/Users/diego/Documents/Reconfig/Tutorial1
# Command line: vivado.exe -gui_launcher_event rodinguilauncherevent23320 C:\Users\diego\Documents\Reconfig\Tutorial1\Tutorial1.xpr
# Log file: C:/Users/diego/Documents/Reconfig/Tutorial1/vivado.log
# Journal file: C:/Users/diego/Documents/Reconfig/Tutorial1\vivado.jou
#-----------------------------------------------------------
start_gui
open_project C:/Users/diego/Documents/Reconfig/Tutorial1/Tutorial1.xpr
CRITICAL WARNING: [Project 1-19] Could not find the file 'C:/Users/diego/Documents/Reconfig/Tutorial1/Tutorial1.sim/sim_1/behav/xsim/simulation_waveform.tcl'.
Scanning sources...
Finished scanning sources
WARNING: [Project 1-509] GeneratedRun file for 'synth_1' not found
WARNING: [Project 1-509] GeneratedRun file for 'impl_1' not found
INFO: [IP_Flow 19-234] Refreshing IP repositories
INFO: [IP_Flow 19-1704] No user IP repositories specified
INFO: [IP_Flow 19-2313] Loaded Vivado IP repository 'C:/Xilinx/Vivado/2019.1/data/ip'.
open_project: Time (s): cpu = 00:00:25 ; elapsed = 00:00:10 . Memory (MB): peak = 788.789 ; gain = 157.164
update_compile_order -fileset sources_1
remove_files  -fileset sim_1 C:/Users/diego/Documents/Reconfig/Tutorial1/Tutorial1.sim/sim_1/behav/xsim/simulation_waveform.tcl
launch_simulation
INFO: [Vivado 12-5682] Launching behavioral simulation in 'C:/Users/diego/Documents/Reconfig/Tutorial1/Tutorial1.sim/sim_1/behav/xsim'
INFO: [SIM-utils-51] Simulation object is 'sim_1'
INFO: [SIM-utils-54] Inspecting design source files for 'XilinxIntro_tb' in fileset 'sim_1'...
INFO: [USF-XSim-97] Finding global include files...
INFO: [USF-XSim-98] Fetching design files from 'sim_1'...
INFO: [USF-XSim-2] XSim::Compile design
INFO: [USF-XSim-61] Executing 'COMPILE and ANALYZE' step in 'C:/Users/diego/Documents/Reconfig/Tutorial1/Tutorial1.sim/sim_1/behav/xsim'
"xvhdl --incr --relax -prj XilinxIntro_tb_vhdl.prj"
INFO: [VRFC 10-163] Analyzing VHDL file "C:/Users/diego/Documents/Reconfig/Tutorial1/Tutorial1.srcs/sources_1/new/XilinxIntro.vhd" into library xil_defaultlib
INFO: [VRFC 10-3107] analyzing entity 'XilinxIntro'
INFO: [VRFC 10-163] Analyzing VHDL file "C:/Users/diego/Documents/Reconfig/Tutorial1/Tutorial1.srcs/sim_1/new/XilinxIntro_tb.vhd" into library xil_defaultlib
INFO: [VRFC 10-3107] analyzing entity 'XilinxIntro_tb'
INFO: [USF-XSim-69] 'compile' step finished in '4' seconds
INFO: [USF-XSim-3] XSim::Elaborate design
INFO: [USF-XSim-61] Executing 'ELABORATE' step in 'C:/Users/diego/Documents/Reconfig/Tutorial1/Tutorial1.sim/sim_1/behav/xsim'
"xelab -wto af30ff9d3a74489993153d32242859d8 --incr --debug typical --relax --mt 2 -L xil_defaultlib -L secureip --snapshot XilinxIntro_tb_behav xil_defaultlib.XilinxIntro_tb -log elaborate.log"
Vivado Simulator 2019.1
Copyright 1986-1999, 2001-2019 Xilinx, Inc. All Rights Reserved.
Running: C:/Xilinx/Vivado/2019.1/bin/unwrapped/win64.o/xelab.exe -wto af30ff9d3a74489993153d32242859d8 --incr --debug typical --relax --mt 2 -L xil_defaultlib -L secureip --snapshot XilinxIntro_tb_behav xil_defaultlib.XilinxIntro_tb -log elaborate.log 
Using 2 slave threads.
Starting static elaboration
Completed static elaboration
Starting simulation data flow analysis
Completed simulation data flow analysis
Time Resolution for simulation is 1ps
Compiling package std.standard
Compiling package std.textio
Compiling package ieee.std_logic_1164
Compiling package ieee.numeric_std
Compiling architecture behavioral of entity xil_defaultlib.XilinxIntro [xilinxintro_default]
Compiling architecture behavioral of entity xil_defaultlib.xilinxintro_tb
Built simulation snapshot XilinxIntro_tb_behav

****** Webtalk v2019.1 (64-bit)
  **** SW Build 2552052 on Fri May 24 14:49:42 MDT 2019
  **** IP Build 2548770 on Fri May 24 18:01:18 MDT 2019
    ** Copyright 1986-2019 Xilinx, Inc. All Rights Reserved.

source C:/Users/diego/Documents/Reconfig/Tutorial1/Tutorial1.sim/sim_1/behav/xsim/xsim.dir/XilinxIntro_tb_behav/webtalk/xsim_webtalk.tcl -notrace
INFO: [Common 17-206] Exiting Webtalk at Mon Aug 31 17:32:26 2026...
run_program: Time (s): cpu = 00:00:01 ; elapsed = 00:00:10 . Memory (MB): peak = 797.816 ; gain = 0.000
INFO: [USF-XSim-69] 'elaborate' step finished in '10' seconds
INFO: [USF-XSim-4] XSim::Simulate design
INFO: [USF-XSim-61] Executing 'SIMULATE' step in 'C:/Users/diego/Documents/Reconfig/Tutorial1/Tutorial1.sim/sim_1/behav/xsim'
INFO: [USF-XSim-98] *** Running xsim
   with args "XilinxIntro_tb_behav -key {Behavioral:sim_1:Functional:XilinxIntro_tb} -tclbatch {XilinxIntro_tb.tcl} -log {simulate.log}"
INFO: [USF-XSim-8] Loading simulator feature
Vivado Simulator 2019.1
Time resolution is 1 ps
source XilinxIntro_tb.tcl
# set curr_wave [current_wave_config]
# if { [string length $curr_wave] == 0 } {
#   if { [llength [get_objects]] > 0} {
#     add_wave /
#     set_property needs_save false [current_wave_config]
#   } else {
#      send_msg_id Add_Wave-1 WARNING "No top level signals found. Simulator will start without a wave window. If you want to open a wave window go to 'File->New Waveform Configuration' or type 'create_wave_config' in the TCL console."
#   }
# }
# run 1000ns
xsim: Time (s): cpu = 00:00:13 ; elapsed = 00:00:05 . Memory (MB): peak = 798.102 ; gain = 0.285
INFO: [USF-XSim-96] XSim completed. Design snapshot 'XilinxIntro_tb_behav' loaded.
INFO: [USF-XSim-97] XSim simulation ran for 1000ns
launch_simulation: Time (s): cpu = 00:00:16 ; elapsed = 00:00:21 . Memory (MB): peak = 798.102 ; gain = 0.285
close_sim
INFO: [Simtcl 6-16] Simulation closed
close_sim: Time (s): cpu = 00:00:06 ; elapsed = 00:00:08 . Memory (MB): peak = 798.582 ; gain = 0.480
set_property SOURCE_SET sources_1 [get_filesets sim_1]
add_files -fileset sim_1 -norecurse C:/Users/diego/Documents/Reconfig/Tutorial1/Tutorial1.srcs/sim_1/new/simulation_waveform.tcl
launch_simulation
INFO: [Vivado 12-5682] Launching behavioral simulation in 'C:/Users/diego/Documents/Reconfig/Tutorial1/Tutorial1.sim/sim_1/behav/xsim'
INFO: [SIM-utils-51] Simulation object is 'sim_1'
INFO: [SIM-utils-54] Inspecting design source files for 'XilinxIntro_tb' in fileset 'sim_1'...
INFO: [SIM-utils-43] Exported 'C:/Users/diego/Documents/Reconfig/Tutorial1/Tutorial1.sim/sim_1/behav/xsim/simulation_waveform.tcl'
INFO: [USF-XSim-97] Finding global include files...
INFO: [USF-XSim-98] Fetching design files from 'sim_1'...
INFO: [USF-XSim-2] XSim::Compile design
INFO: [USF-XSim-61] Executing 'COMPILE and ANALYZE' step in 'C:/Users/diego/Documents/Reconfig/Tutorial1/Tutorial1.sim/sim_1/behav/xsim'
"xvhdl --incr --relax -prj XilinxIntro_tb_vhdl.prj"
INFO: [USF-XSim-69] 'compile' step finished in '3' seconds
INFO: [USF-XSim-3] XSim::Elaborate design
INFO: [USF-XSim-61] Executing 'ELABORATE' step in 'C:/Users/diego/Documents/Reconfig/Tutorial1/Tutorial1.sim/sim_1/behav/xsim'
"xelab -wto af30ff9d3a74489993153d32242859d8 --incr --debug typical --relax --mt 2 -L xil_defaultlib -L secureip --snapshot XilinxIntro_tb_behav xil_defaultlib.XilinxIntro_tb -log elaborate.log"
Vivado Simulator 2019.1
Copyright 1986-1999, 2001-2019 Xilinx, Inc. All Rights Reserved.
Running: C:/Xilinx/Vivado/2019.1/bin/unwrapped/win64.o/xelab.exe -wto af30ff9d3a74489993153d32242859d8 --incr --debug typical --relax --mt 2 -L xil_defaultlib -L secureip --snapshot XilinxIntro_tb_behav xil_defaultlib.XilinxIntro_tb -log elaborate.log 
Using 2 slave threads.
Starting static elaboration
Completed static elaboration
INFO: [XSIM 43-4323] No Change in HDL. Linking previously generated obj files to create kernel
INFO: [USF-XSim-69] 'elaborate' step finished in '4' seconds
INFO: [USF-XSim-4] XSim::Simulate design
INFO: [USF-XSim-61] Executing 'SIMULATE' step in 'C:/Users/diego/Documents/Reconfig/Tutorial1/Tutorial1.sim/sim_1/behav/xsim'
INFO: [USF-XSim-98] *** Running xsim
   with args "XilinxIntro_tb_behav -key {Behavioral:sim_1:Functional:XilinxIntro_tb} -tclbatch {XilinxIntro_tb.tcl} -log {simulate.log}"
INFO: [USF-XSim-8] Loading simulator feature
Vivado Simulator 2019.1
Time resolution is 1 ps
source XilinxIntro_tb.tcl
# set curr_wave [current_wave_config]
# if { [string length $curr_wave] == 0 } {
#   if { [llength [get_objects]] > 0} {
#     add_wave /
#     set_property needs_save false [current_wave_config]
#   } else {
#      send_msg_id Add_Wave-1 WARNING "No top level signals found. Simulator will start without a wave window. If you want to open a wave window go to 'File->New Waveform Configuration' or type 'create_wave_config' in the TCL console."
#   }
# }
# run 1000ns
# source -notrace {../../../../Tutorial1.srcs/sim_1/new/simulation_waveform.tcl}
INFO: [Simtcl 6-17] Simulation restarted
restart: Time (s): cpu = 00:00:06 ; elapsed = 00:00:10 . Memory (MB): peak = 811.977 ; gain = 0.000
ERROR: [Wavedata 42-471] Note: Nothing was found for the following items: /uut/sel 
ERROR: [Common 17-39] 'add_wave' failed due to earlier errors.
xsim: Time (s): cpu = 00:00:12 ; elapsed = 00:00:14 . Memory (MB): peak = 826.289 ; gain = 20.613
INFO: [USF-XSim-96] XSim completed. Design snapshot 'XilinxIntro_tb_behav' loaded.
INFO: [USF-XSim-97] XSim simulation ran for 1000ns
launch_simulation: Time (s): cpu = 00:00:14 ; elapsed = 00:00:21 . Memory (MB): peak = 826.289 ; gain = 20.613
close_sim
INFO: [Simtcl 6-16] Simulation closed
launch_simulation
INFO: [Vivado 12-5682] Launching behavioral simulation in 'C:/Users/diego/Documents/Reconfig/Tutorial1/Tutorial1.sim/sim_1/behav/xsim'
INFO: [SIM-utils-51] Simulation object is 'sim_1'
INFO: [SIM-utils-54] Inspecting design source files for 'XilinxIntro_tb' in fileset 'sim_1'...
INFO: [SIM-utils-43] Exported 'C:/Users/diego/Documents/Reconfig/Tutorial1/Tutorial1.sim/sim_1/behav/xsim/simulation_waveform.tcl'
INFO: [USF-XSim-97] Finding global include files...
INFO: [USF-XSim-98] Fetching design files from 'sim_1'...
INFO: [USF-XSim-2] XSim::Compile design
INFO: [USF-XSim-61] Executing 'COMPILE and ANALYZE' step in 'C:/Users/diego/Documents/Reconfig/Tutorial1/Tutorial1.sim/sim_1/behav/xsim'
"xvhdl --incr --relax -prj XilinxIntro_tb_vhdl.prj"
INFO: [USF-XSim-69] 'compile' step finished in '3' seconds
INFO: [USF-XSim-3] XSim::Elaborate design
INFO: [USF-XSim-61] Executing 'ELABORATE' step in 'C:/Users/diego/Documents/Reconfig/Tutorial1/Tutorial1.sim/sim_1/behav/xsim'
"xelab -wto af30ff9d3a74489993153d32242859d8 --incr --debug typical --relax --mt 2 -L xil_defaultlib -L secureip --snapshot XilinxIntro_tb_behav xil_defaultlib.XilinxIntro_tb -log elaborate.log"
Vivado Simulator 2019.1
Copyright 1986-1999, 2001-2019 Xilinx, Inc. All Rights Reserved.
Running: C:/Xilinx/Vivado/2019.1/bin/unwrapped/win64.o/xelab.exe -wto af30ff9d3a74489993153d32242859d8 --incr --debug typical --relax --mt 2 -L xil_defaultlib -L secureip --snapshot XilinxIntro_tb_behav xil_defaultlib.XilinxIntro_tb -log elaborate.log 
Using 2 slave threads.
Starting static elaboration
Completed static elaboration
INFO: [XSIM 43-4323] No Change in HDL. Linking previously generated obj files to create kernel
INFO: [USF-XSim-69] 'elaborate' step finished in '4' seconds
INFO: [USF-XSim-4] XSim::Simulate design
INFO: [USF-XSim-61] Executing 'SIMULATE' step in 'C:/Users/diego/Documents/Reconfig/Tutorial1/Tutorial1.sim/sim_1/behav/xsim'
INFO: [USF-XSim-98] *** Running xsim
   with args "XilinxIntro_tb_behav -key {Behavioral:sim_1:Functional:XilinxIntro_tb} -tclbatch {XilinxIntro_tb.tcl} -log {simulate.log}"
INFO: [USF-XSim-8] Loading simulator feature
Vivado Simulator 2019.1
Time resolution is 1 ps
source XilinxIntro_tb.tcl
# set curr_wave [current_wave_config]
# if { [string length $curr_wave] == 0 } {
#   if { [llength [get_objects]] > 0} {
#     add_wave /
#     set_property needs_save false [current_wave_config]
#   } else {
#      send_msg_id Add_Wave-1 WARNING "No top level signals found. Simulator will start without a wave window. If you want to open a wave window go to 'File->New Waveform Configuration' or type 'create_wave_config' in the TCL console."
#   }
# }
# run 1000ns
# source -notrace {../../../../Tutorial1.srcs/sim_1/new/simulation_waveform.tcl}
INFO: [Simtcl 6-17] Simulation restarted
restart: Time (s): cpu = 00:00:07 ; elapsed = 00:00:10 . Memory (MB): peak = 826.289 ; gain = 0.000
ERROR: [Wavedata 42-471] Note: Nothing was found for the following items: /s1 
ERROR: [Common 17-39] 'add_wave' failed due to earlier errors.
xsim: Time (s): cpu = 00:00:12 ; elapsed = 00:00:13 . Memory (MB): peak = 826.289 ; gain = 0.000
INFO: [USF-XSim-96] XSim completed. Design snapshot 'XilinxIntro_tb_behav' loaded.
INFO: [USF-XSim-97] XSim simulation ran for 1000ns
launch_simulation: Time (s): cpu = 00:00:13 ; elapsed = 00:00:21 . Memory (MB): peak = 826.289 ; gain = 0.000
close_sim
INFO: [Simtcl 6-16] Simulation closed
launch_simulation
INFO: [Vivado 12-5682] Launching behavioral simulation in 'C:/Users/diego/Documents/Reconfig/Tutorial1/Tutorial1.sim/sim_1/behav/xsim'
INFO: [SIM-utils-51] Simulation object is 'sim_1'
INFO: [SIM-utils-54] Inspecting design source files for 'XilinxIntro_tb' in fileset 'sim_1'...
INFO: [SIM-utils-43] Exported 'C:/Users/diego/Documents/Reconfig/Tutorial1/Tutorial1.sim/sim_1/behav/xsim/simulation_waveform.tcl'
INFO: [USF-XSim-97] Finding global include files...
INFO: [USF-XSim-98] Fetching design files from 'sim_1'...
INFO: [USF-XSim-2] XSim::Compile design
INFO: [USF-XSim-61] Executing 'COMPILE and ANALYZE' step in 'C:/Users/diego/Documents/Reconfig/Tutorial1/Tutorial1.sim/sim_1/behav/xsim'
"xvhdl --incr --relax -prj XilinxIntro_tb_vhdl.prj"
INFO: [USF-XSim-69] 'compile' step finished in '3' seconds
INFO: [USF-XSim-3] XSim::Elaborate design
INFO: [USF-XSim-61] Executing 'ELABORATE' step in 'C:/Users/diego/Documents/Reconfig/Tutorial1/Tutorial1.sim/sim_1/behav/xsim'
"xelab -wto af30ff9d3a74489993153d32242859d8 --incr --debug typical --relax --mt 2 -L xil_defaultlib -L secureip --snapshot XilinxIntro_tb_behav xil_defaultlib.XilinxIntro_tb -log elaborate.log"
Vivado Simulator 2019.1
Copyright 1986-1999, 2001-2019 Xilinx, Inc. All Rights Reserved.
Running: C:/Xilinx/Vivado/2019.1/bin/unwrapped/win64.o/xelab.exe -wto af30ff9d3a74489993153d32242859d8 --incr --debug typical --relax --mt 2 -L xil_defaultlib -L secureip --snapshot XilinxIntro_tb_behav xil_defaultlib.XilinxIntro_tb -log elaborate.log 
Using 2 slave threads.
Starting static elaboration
Completed static elaboration
INFO: [XSIM 43-4323] No Change in HDL. Linking previously generated obj files to create kernel
INFO: [USF-XSim-69] 'elaborate' step finished in '4' seconds
INFO: [USF-XSim-4] XSim::Simulate design
INFO: [USF-XSim-61] Executing 'SIMULATE' step in 'C:/Users/diego/Documents/Reconfig/Tutorial1/Tutorial1.sim/sim_1/behav/xsim'
INFO: [USF-XSim-98] *** Running xsim
   with args "XilinxIntro_tb_behav -key {Behavioral:sim_1:Functional:XilinxIntro_tb} -tclbatch {XilinxIntro_tb.tcl} -log {simulate.log}"
INFO: [USF-XSim-8] Loading simulator feature
Vivado Simulator 2019.1
Time resolution is 1 ps
source XilinxIntro_tb.tcl
# set curr_wave [current_wave_config]
# if { [string length $curr_wave] == 0 } {
#   if { [llength [get_objects]] > 0} {
#     add_wave /
#     set_property needs_save false [current_wave_config]
#   } else {
#      send_msg_id Add_Wave-1 WARNING "No top level signals found. Simulator will start without a wave window. If you want to open a wave window go to 'File->New Waveform Configuration' or type 'create_wave_config' in the TCL console."
#   }
# }
# run 1000ns
# source -notrace {../../../../Tutorial1.srcs/sim_1/new/simulation_waveform.tcl}
INFO: [Simtcl 6-17] Simulation restarted
restart: Time (s): cpu = 00:00:07 ; elapsed = 00:00:10 . Memory (MB): peak = 826.289 ; gain = 0.000
ERROR: [Wavedata 42-471] Note: Nothing was found for the following items: /XilinxIntro_tb/uut/sel 
ERROR: [Common 17-39] 'add_wave' failed due to earlier errors.
xsim: Time (s): cpu = 00:00:14 ; elapsed = 00:00:14 . Memory (MB): peak = 826.289 ; gain = 0.000
INFO: [USF-XSim-96] XSim completed. Design snapshot 'XilinxIntro_tb_behav' loaded.
INFO: [USF-XSim-97] XSim simulation ran for 1000ns
launch_simulation: Time (s): cpu = 00:00:15 ; elapsed = 00:00:21 . Memory (MB): peak = 826.289 ; gain = 0.000
close_sim
INFO: [Simtcl 6-16] Simulation closed
launch_simulation
INFO: [Vivado 12-5682] Launching behavioral simulation in 'C:/Users/diego/Documents/Reconfig/Tutorial1/Tutorial1.sim/sim_1/behav/xsim'
INFO: [SIM-utils-51] Simulation object is 'sim_1'
INFO: [SIM-utils-54] Inspecting design source files for 'XilinxIntro_tb' in fileset 'sim_1'...
INFO: [SIM-utils-43] Exported 'C:/Users/diego/Documents/Reconfig/Tutorial1/Tutorial1.sim/sim_1/behav/xsim/simulation_waveform.tcl'
INFO: [USF-XSim-97] Finding global include files...
INFO: [USF-XSim-98] Fetching design files from 'sim_1'...
INFO: [USF-XSim-2] XSim::Compile design
INFO: [USF-XSim-61] Executing 'COMPILE and ANALYZE' step in 'C:/Users/diego/Documents/Reconfig/Tutorial1/Tutorial1.sim/sim_1/behav/xsim'
"xvhdl --incr --relax -prj XilinxIntro_tb_vhdl.prj"
INFO: [USF-XSim-69] 'compile' step finished in '3' seconds
INFO: [USF-XSim-3] XSim::Elaborate design
INFO: [USF-XSim-61] Executing 'ELABORATE' step in 'C:/Users/diego/Documents/Reconfig/Tutorial1/Tutorial1.sim/sim_1/behav/xsim'
"xelab -wto af30ff9d3a74489993153d32242859d8 --incr --debug typical --relax --mt 2 -L xil_defaultlib -L secureip --snapshot XilinxIntro_tb_behav xil_defaultlib.XilinxIntro_tb -log elaborate.log"
Vivado Simulator 2019.1
Copyright 1986-1999, 2001-2019 Xilinx, Inc. All Rights Reserved.
Running: C:/Xilinx/Vivado/2019.1/bin/unwrapped/win64.o/xelab.exe -wto af30ff9d3a74489993153d32242859d8 --incr --debug typical --relax --mt 2 -L xil_defaultlib -L secureip --snapshot XilinxIntro_tb_behav xil_defaultlib.XilinxIntro_tb -log elaborate.log 
Using 2 slave threads.
Starting static elaboration
Completed static elaboration
INFO: [XSIM 43-4323] No Change in HDL. Linking previously generated obj files to create kernel
INFO: [USF-XSim-69] 'elaborate' step finished in '4' seconds
INFO: [USF-XSim-4] XSim::Simulate design
INFO: [USF-XSim-61] Executing 'SIMULATE' step in 'C:/Users/diego/Documents/Reconfig/Tutorial1/Tutorial1.sim/sim_1/behav/xsim'
INFO: [USF-XSim-98] *** Running xsim
   with args "XilinxIntro_tb_behav -key {Behavioral:sim_1:Functional:XilinxIntro_tb} -tclbatch {XilinxIntro_tb.tcl} -log {simulate.log}"
INFO: [USF-XSim-8] Loading simulator feature
Vivado Simulator 2019.1
Time resolution is 1 ps
source XilinxIntro_tb.tcl
# set curr_wave [current_wave_config]
# if { [string length $curr_wave] == 0 } {
#   if { [llength [get_objects]] > 0} {
#     add_wave /
#     set_property needs_save false [current_wave_config]
#   } else {
#      send_msg_id Add_Wave-1 WARNING "No top level signals found. Simulator will start without a wave window. If you want to open a wave window go to 'File->New Waveform Configuration' or type 'create_wave_config' in the TCL console."
#   }
# }
# run 1000ns
# source -notrace {../../../../Tutorial1.srcs/sim_1/new/simulation_waveform.tcl}
INFO: [Simtcl 6-17] Simulation restarted
restart: Time (s): cpu = 00:00:07 ; elapsed = 00:00:10 . Memory (MB): peak = 826.289 ; gain = 0.000
xsim: Time (s): cpu = 00:00:13 ; elapsed = 00:00:14 . Memory (MB): peak = 826.289 ; gain = 0.000
INFO: [USF-XSim-96] XSim completed. Design snapshot 'XilinxIntro_tb_behav' loaded.
INFO: [USF-XSim-97] XSim simulation ran for 1000ns
launch_simulation: Time (s): cpu = 00:00:14 ; elapsed = 00:00:21 . Memory (MB): peak = 826.289 ; gain = 0.000
close_sim
INFO: [Simtcl 6-16] Simulation closed
file mkdir C:/Users/diego/Documents/Reconfig/Tutorial1/Tutorial1.srcs/constrs_1
file mkdir C:/Users/diego/Documents/Reconfig/Tutorial1/Tutorial1.srcs/constrs_1/new
close [ open C:/Users/diego/Documents/Reconfig/Tutorial1/Tutorial1.srcs/constrs_1/new/Nexys4.xdc w ]
add_files -fileset constrs_1 C:/Users/diego/Documents/Reconfig/Tutorial1/Tutorial1.srcs/constrs_1/new/Nexys4.xdc
set_property used_in_synthesis false [get_files  C:/Users/diego/Documents/Reconfig/Tutorial1/Tutorial1.srcs/constrs_1/new/Nexys4.xdc]
launch_runs synth_1 -jobs 16
[Mon Aug 31 17:52:43 2026] Launched synth_1...
Run output will be captured here: C:/Users/diego/Documents/Reconfig/Tutorial1/Tutorial1.runs/synth_1/runme.log
open_run synth_1 -name synth_1
Design is defaulting to impl run constrset: constrs_1
Design is defaulting to synth run part: xc7a100tcsg324-1
INFO: [Device 21-403] Loading part xc7a100tcsg324-1
INFO: [Project 1-479] Netlist was created with Vivado 2019.1
INFO: [Project 1-570] Preparing netlist for logic optimization
Parsing XDC File [C:/Users/diego/Documents/Reconfig/Tutorial1/Tutorial1.srcs/constrs_1/new/Nexys4.xdc]
Finished Parsing XDC File [C:/Users/diego/Documents/Reconfig/Tutorial1/Tutorial1.srcs/constrs_1/new/Nexys4.xdc]
INFO: [Opt 31-138] Pushed 0 inverter(s) to 0 load pin(s).
Netlist sorting complete. Time (s): cpu = 00:00:00 ; elapsed = 00:00:00 . Memory (MB): peak = 1158.805 ; gain = 0.000
INFO: [Project 1-111] Unisim Transformation Summary:
No Unisim elements were transformed.

open_run: Time (s): cpu = 00:00:20 ; elapsed = 00:00:11 . Memory (MB): peak = 1302.621 ; gain = 466.727
close_design
launch_simulation -mode post-synthesis -type functional
INFO: [Vivado 12-5682] Launching post-synthesis functional simulation in 'C:/Users/diego/Documents/Reconfig/Tutorial1/Tutorial1.sim/sim_1/synth/func/xsim'
INFO: [SIM-utils-51] Simulation object is 'sim_1'
Design is defaulting to impl run constrset: constrs_1
Design is defaulting to synth run part: xc7a100tcsg324-1
INFO: [Project 1-479] Netlist was created with Vivado 2019.1
INFO: [Project 1-570] Preparing netlist for logic optimization
Parsing XDC File [C:/Users/diego/Documents/Reconfig/Tutorial1/Tutorial1.srcs/constrs_1/new/Nexys4.xdc]
Finished Parsing XDC File [C:/Users/diego/Documents/Reconfig/Tutorial1/Tutorial1.srcs/constrs_1/new/Nexys4.xdc]
INFO: [Opt 31-138] Pushed 0 inverter(s) to 0 load pin(s).
Netlist sorting complete. Time (s): cpu = 00:00:00 ; elapsed = 00:00:00 . Memory (MB): peak = 1740.426 ; gain = 0.000
INFO: [Project 1-111] Unisim Transformation Summary:
No Unisim elements were transformed.

INFO: [SIM-utils-24] Writing simulation netlist file for design 'synth_1'...
INFO: [SIM-utils-26] write_vhdl -mode funcsim -nolib -force -file "C:/Users/diego/Documents/Reconfig/Tutorial1/Tutorial1.sim/sim_1/synth/func/xsim/XilinxIntro_tb_func_synth.vhd"
INFO: [SIM-utils-36] Netlist generated:C:/Users/diego/Documents/Reconfig/Tutorial1/Tutorial1.sim/sim_1/synth/func/xsim/XilinxIntro_tb_func_synth.vhd
INFO: [SIM-utils-54] Inspecting design source files for 'XilinxIntro_tb' in fileset 'sim_1'...
INFO: [SIM-utils-43] Exported 'C:/Users/diego/Documents/Reconfig/Tutorial1/Tutorial1.sim/sim_1/synth/func/xsim/simulation_waveform.tcl'
INFO: [USF-XSim-2] XSim::Compile design
INFO: [USF-XSim-61] Executing 'COMPILE and ANALYZE' step in 'C:/Users/diego/Documents/Reconfig/Tutorial1/Tutorial1.sim/sim_1/synth/func/xsim'
"xvhdl --incr --relax -prj XilinxIntro_tb_vhdl.prj"
INFO: [VRFC 10-163] Analyzing VHDL file "C:/Users/diego/Documents/Reconfig/Tutorial1/Tutorial1.sim/sim_1/synth/func/xsim/XilinxIntro_tb_func_synth.vhd" into library xil_defaultlib
INFO: [VRFC 10-3107] analyzing entity 'XilinxIntro'
INFO: [VRFC 10-163] Analyzing VHDL file "C:/Users/diego/Documents/Reconfig/Tutorial1/Tutorial1.srcs/sim_1/new/XilinxIntro_tb.vhd" into library xil_defaultlib
INFO: [VRFC 10-3107] analyzing entity 'XilinxIntro_tb'
INFO: [USF-XSim-69] 'compile' step finished in '2' seconds
INFO: [USF-XSim-3] XSim::Elaborate design
INFO: [USF-XSim-61] Executing 'ELABORATE' step in 'C:/Users/diego/Documents/Reconfig/Tutorial1/Tutorial1.sim/sim_1/synth/func/xsim'
"xelab -wto af30ff9d3a74489993153d32242859d8 --incr --debug typical --relax --mt 2 -L xil_defaultlib -L secureip --snapshot XilinxIntro_tb_func_synth xil_defaultlib.XilinxIntro_tb -log elaborate.log"
Vivado Simulator 2019.1
Copyright 1986-1999, 2001-2019 Xilinx, Inc. All Rights Reserved.
Running: C:/Xilinx/Vivado/2019.1/bin/unwrapped/win64.o/xelab.exe -wto af30ff9d3a74489993153d32242859d8 --incr --debug typical --relax --mt 2 -L xil_defaultlib -L secureip --snapshot XilinxIntro_tb_func_synth xil_defaultlib.XilinxIntro_tb -log elaborate.log 
Using 2 slave threads.
Starting static elaboration
Completed static elaboration
Starting simulation data flow analysis
Completed simulation data flow analysis
Time Resolution for simulation is 1ps
Compiling package std.standard
Compiling package std.textio
Compiling package ieee.std_logic_1164
Compiling package ieee.numeric_std
Compiling package unisim.vcomponents
Compiling package ieee.vital_timing
Compiling package ieee.vital_primitives
Compiling package unisim.vpkg
Compiling architecture ibuf_v of entity unisim.IBUF [\IBUF(1,9)(1,1)(1,4)(1,7)\]
Compiling architecture obuf_v of entity unisim.OBUF [\OBUF(1,9)(1,7)(1,4)\]
Compiling architecture lut4_v of entity unisim.LUT4 [\LUT4(init="0110111010000101")(0...]
Compiling architecture structure of entity xil_defaultlib.XilinxIntro [xilinxintro_default]
Compiling architecture behavioral of entity xil_defaultlib.xilinxintro_tb
Built simulation snapshot XilinxIntro_tb_func_synth

****** Webtalk v2019.1 (64-bit)
  **** SW Build 2552052 on Fri May 24 14:49:42 MDT 2019
  **** IP Build 2548770 on Fri May 24 18:01:18 MDT 2019
    ** Copyright 1986-2019 Xilinx, Inc. All Rights Reserved.

source C:/Users/diego/Documents/Reconfig/Tutorial1/Tutorial1.sim/sim_1/synth/func/xsim/xsim.dir/XilinxIntro_tb_func_synth/webtalk/xsim_webtalk.tcl -notrace
INFO: [Common 17-206] Exiting Webtalk at Mon Aug 31 17:56:37 2026...
INFO: [USF-XSim-69] 'elaborate' step finished in '5' seconds
INFO: [USF-XSim-4] XSim::Simulate design
INFO: [USF-XSim-61] Executing 'SIMULATE' step in 'C:/Users/diego/Documents/Reconfig/Tutorial1/Tutorial1.sim/sim_1/synth/func/xsim'
INFO: [USF-XSim-98] *** Running xsim
   with args "XilinxIntro_tb_func_synth -key {Post-Synthesis:sim_1:Functional:XilinxIntro_tb} -tclbatch {XilinxIntro_tb.tcl} -log {simulate.log}"
INFO: [USF-XSim-8] Loading simulator feature
Vivado Simulator 2019.1
Time resolution is 1 ps
source XilinxIntro_tb.tcl
# set curr_wave [current_wave_config]
# if { [string length $curr_wave] == 0 } {
#   if { [llength [get_objects]] > 0} {
#     add_wave /
#     set_property needs_save false [current_wave_config]
#   } else {
#      send_msg_id Add_Wave-1 WARNING "No top level signals found. Simulator will start without a wave window. If you want to open a wave window go to 'File->New Waveform Configuration' or type 'create_wave_config' in the TCL console."
#   }
# }
# run 1000ns
# source -notrace {../../../../../Tutorial1.srcs/sim_1/new/simulation_waveform.tcl}
INFO: [Simtcl 6-17] Simulation restarted
xsim: Time (s): cpu = 00:00:09 ; elapsed = 00:00:08 . Memory (MB): peak = 1788.785 ; gain = 21.355
INFO: [USF-XSim-96] XSim completed. Design snapshot 'XilinxIntro_tb_func_synth' loaded.
INFO: [USF-XSim-97] XSim simulation ran for 1000ns
launch_simulation: Time (s): cpu = 00:00:17 ; elapsed = 00:00:18 . Memory (MB): peak = 1788.785 ; gain = 48.359
launch_simulation
INFO: [Vivado 12-5682] Launching behavioral simulation in 'C:/Users/diego/Documents/Reconfig/Tutorial1/Tutorial1.sim/sim_1/behav/xsim'
INFO: [SIM-utils-51] Simulation object is 'sim_1'
INFO: [SIM-utils-54] Inspecting design source files for 'XilinxIntro_tb' in fileset 'sim_1'...
INFO: [SIM-utils-43] Exported 'C:/Users/diego/Documents/Reconfig/Tutorial1/Tutorial1.sim/sim_1/behav/xsim/simulation_waveform.tcl'
INFO: [USF-XSim-97] Finding global include files...
INFO: [USF-XSim-98] Fetching design files from 'sim_1'...
INFO: [USF-XSim-2] XSim::Compile design
INFO: [USF-XSim-61] Executing 'COMPILE and ANALYZE' step in 'C:/Users/diego/Documents/Reconfig/Tutorial1/Tutorial1.sim/sim_1/behav/xsim'
"xvhdl --incr --relax -prj XilinxIntro_tb_vhdl.prj"
INFO: [VRFC 10-163] Analyzing VHDL file "C:/Users/diego/Documents/Reconfig/Tutorial1/Tutorial1.srcs/sim_1/new/XilinxIntro_tb.vhd" into library xil_defaultlib
INFO: [VRFC 10-3107] analyzing entity 'XilinxIntro_tb'
INFO: [USF-XSim-69] 'compile' step finished in '2' seconds
INFO: [USF-XSim-3] XSim::Elaborate design
INFO: [USF-XSim-61] Executing 'ELABORATE' step in 'C:/Users/diego/Documents/Reconfig/Tutorial1/Tutorial1.sim/sim_1/behav/xsim'
"xelab -wto af30ff9d3a74489993153d32242859d8 --incr --debug typical --relax --mt 2 -L xil_defaultlib -L secureip --snapshot XilinxIntro_tb_behav xil_defaultlib.XilinxIntro_tb -log elaborate.log"
Vivado Simulator 2019.1
Copyright 1986-1999, 2001-2019 Xilinx, Inc. All Rights Reserved.
Running: C:/Xilinx/Vivado/2019.1/bin/unwrapped/win64.o/xelab.exe -wto af30ff9d3a74489993153d32242859d8 --incr --debug typical --relax --mt 2 -L xil_defaultlib -L secureip --snapshot XilinxIntro_tb_behav xil_defaultlib.XilinxIntro_tb -log elaborate.log 
Using 2 slave threads.
Starting static elaboration
Completed static elaboration
Starting simulation data flow analysis
Completed simulation data flow analysis
Time Resolution for simulation is 1ps
Compiling package std.standard
Compiling package std.textio
Compiling package ieee.std_logic_1164
Compiling package ieee.numeric_std
Compiling architecture behavioral of entity xil_defaultlib.XilinxIntro [xilinxintro_default]
Compiling architecture behavioral of entity xil_defaultlib.xilinxintro_tb
Built simulation snapshot XilinxIntro_tb_behav
INFO: [USF-XSim-69] 'elaborate' step finished in '2' seconds
INFO: [USF-XSim-4] XSim::Simulate design
INFO: [USF-XSim-61] Executing 'SIMULATE' step in 'C:/Users/diego/Documents/Reconfig/Tutorial1/Tutorial1.sim/sim_1/behav/xsim'
INFO: [USF-XSim-98] *** Running xsim
   with args "XilinxIntro_tb_behav -key {Behavioral:sim_1:Functional:XilinxIntro_tb} -tclbatch {XilinxIntro_tb.tcl} -log {simulate.log}"
INFO: [USF-XSim-8] Loading simulator feature
Vivado Simulator 2019.1
Time resolution is 1 ps
source XilinxIntro_tb.tcl
# set curr_wave [current_wave_config]
# if { [string length $curr_wave] == 0 } {
#   if { [llength [get_objects]] > 0} {
#     add_wave /
#     set_property needs_save false [current_wave_config]
#   } else {
#      send_msg_id Add_Wave-1 WARNING "No top level signals found. Simulator will start without a wave window. If you want to open a wave window go to 'File->New Waveform Configuration' or type 'create_wave_config' in the TCL console."
#   }
# }
# run 1000ns
# source -notrace {../../../../Tutorial1.srcs/sim_1/new/simulation_waveform.tcl}
INFO: [Simtcl 6-17] Simulation restarted
xsim: Time (s): cpu = 00:00:07 ; elapsed = 00:00:08 . Memory (MB): peak = 1803.715 ; gain = 0.344
INFO: [USF-XSim-96] XSim completed. Design snapshot 'XilinxIntro_tb_behav' loaded.
INFO: [USF-XSim-97] XSim simulation ran for 1000ns
launch_simulation: Time (s): cpu = 00:00:08 ; elapsed = 00:00:13 . Memory (MB): peak = 1803.715 ; gain = 0.344
current_sim simulation_6
close_sim
INFO: [Simtcl 6-16] Simulation closed
launch_simulation -mode post-synthesis -type functional
boost::filesystem::remove: The process cannot access the file because it is being used by another process: "C:/Users/diego/Documents/Reconfig/Tutorial1/Tutorial1.sim/sim_1/synth/func/xsim/simulate.log"
close_sim
INFO: [Simtcl 6-16] Simulation closed
launch_simulation -mode post-synthesis -type functional
INFO: [Vivado 12-5682] Launching post-synthesis functional simulation in 'C:/Users/diego/Documents/Reconfig/Tutorial1/Tutorial1.sim/sim_1/synth/func/xsim'
INFO: [SIM-utils-51] Simulation object is 'sim_1'
INFO: [SIM-utils-24] Writing simulation netlist file for design 'synth_1'...
INFO: [SIM-utils-26] write_vhdl -mode funcsim -nolib -force -file "C:/Users/diego/Documents/Reconfig/Tutorial1/Tutorial1.sim/sim_1/synth/func/xsim/XilinxIntro_tb_func_synth.vhd"
INFO: [SIM-utils-36] Netlist generated:C:/Users/diego/Documents/Reconfig/Tutorial1/Tutorial1.sim/sim_1/synth/func/xsim/XilinxIntro_tb_func_synth.vhd
INFO: [SIM-utils-54] Inspecting design source files for 'XilinxIntro_tb' in fileset 'sim_1'...
INFO: [SIM-utils-43] Exported 'C:/Users/diego/Documents/Reconfig/Tutorial1/Tutorial1.sim/sim_1/synth/func/xsim/simulation_waveform.tcl'
INFO: [USF-XSim-2] XSim::Compile design
INFO: [USF-XSim-61] Executing 'COMPILE and ANALYZE' step in 'C:/Users/diego/Documents/Reconfig/Tutorial1/Tutorial1.sim/sim_1/synth/func/xsim'
"xvhdl --incr --relax -prj XilinxIntro_tb_vhdl.prj"
INFO: [VRFC 10-163] Analyzing VHDL file "C:/Users/diego/Documents/Reconfig/Tutorial1/Tutorial1.sim/sim_1/synth/func/xsim/XilinxIntro_tb_func_synth.vhd" into library xil_defaultlib
INFO: [VRFC 10-3107] analyzing entity 'XilinxIntro'
INFO: [VRFC 10-163] Analyzing VHDL file "C:/Users/diego/Documents/Reconfig/Tutorial1/Tutorial1.srcs/sim_1/new/XilinxIntro_tb.vhd" into library xil_defaultlib
INFO: [VRFC 10-3107] analyzing entity 'XilinxIntro_tb'
INFO: [USF-XSim-69] 'compile' step finished in '2' seconds
INFO: [USF-XSim-3] XSim::Elaborate design
INFO: [USF-XSim-61] Executing 'ELABORATE' step in 'C:/Users/diego/Documents/Reconfig/Tutorial1/Tutorial1.sim/sim_1/synth/func/xsim'
"xelab -wto af30ff9d3a74489993153d32242859d8 --incr --debug typical --relax --mt 2 -L xil_defaultlib -L secureip --snapshot XilinxIntro_tb_func_synth xil_defaultlib.XilinxIntro_tb -log elaborate.log"
Vivado Simulator 2019.1
Copyright 1986-1999, 2001-2019 Xilinx, Inc. All Rights Reserved.
Running: C:/Xilinx/Vivado/2019.1/bin/unwrapped/win64.o/xelab.exe -wto af30ff9d3a74489993153d32242859d8 --incr --debug typical --relax --mt 2 -L xil_defaultlib -L secureip --snapshot XilinxIntro_tb_func_synth xil_defaultlib.XilinxIntro_tb -log elaborate.log 
Using 2 slave threads.
Starting static elaboration
Completed static elaboration
Starting simulation data flow analysis
Completed simulation data flow analysis
Time Resolution for simulation is 1ps
Compiling package std.standard
Compiling package std.textio
Compiling package ieee.std_logic_1164
Compiling package ieee.numeric_std
Compiling package unisim.vcomponents
Compiling package ieee.vital_timing
Compiling package ieee.vital_primitives
Compiling package unisim.vpkg
Compiling architecture ibuf_v of entity unisim.IBUF [\IBUF(1,9)(1,1)(1,4)(1,7)\]
Compiling architecture obuf_v of entity unisim.OBUF [\OBUF(1,9)(1,7)(1,4)\]
Compiling architecture lut4_v of entity unisim.LUT4 [\LUT4(init="0110111010000101")(0...]
Compiling architecture structure of entity xil_defaultlib.XilinxIntro [xilinxintro_default]
Compiling architecture behavioral of entity xil_defaultlib.xilinxintro_tb
Built simulation snapshot XilinxIntro_tb_func_synth
INFO: [USF-XSim-69] 'elaborate' step finished in '2' seconds
INFO: [USF-XSim-4] XSim::Simulate design
INFO: [USF-XSim-61] Executing 'SIMULATE' step in 'C:/Users/diego/Documents/Reconfig/Tutorial1/Tutorial1.sim/sim_1/synth/func/xsim'
INFO: [USF-XSim-98] *** Running xsim
   with args "XilinxIntro_tb_func_synth -key {Post-Synthesis:sim_1:Functional:XilinxIntro_tb} -tclbatch {XilinxIntro_tb.tcl} -log {simulate.log}"
INFO: [USF-XSim-8] Loading simulator feature
Vivado Simulator 2019.1
Time resolution is 1 ps
source XilinxIntro_tb.tcl
# set curr_wave [current_wave_config]
# if { [string length $curr_wave] == 0 } {
#   if { [llength [get_objects]] > 0} {
#     add_wave /
#     set_property needs_save false [current_wave_config]
#   } else {
#      send_msg_id Add_Wave-1 WARNING "No top level signals found. Simulator will start without a wave window. If you want to open a wave window go to 'File->New Waveform Configuration' or type 'create_wave_config' in the TCL console."
#   }
# }
# run 1000ns
# source -notrace {../../../../../Tutorial1.srcs/sim_1/new/simulation_waveform.tcl}
INFO: [Simtcl 6-17] Simulation restarted
xsim: Time (s): cpu = 00:00:08 ; elapsed = 00:00:08 . Memory (MB): peak = 1807.836 ; gain = 0.000
INFO: [USF-XSim-96] XSim completed. Design snapshot 'XilinxIntro_tb_func_synth' loaded.
INFO: [USF-XSim-97] XSim simulation ran for 1000ns
launch_simulation: Time (s): cpu = 00:00:10 ; elapsed = 00:00:13 . Memory (MB): peak = 1807.836 ; gain = 0.000
close_sim
INFO: [Simtcl 6-16] Simulation closed
launch_simulation
INFO: [Vivado 12-5682] Launching behavioral simulation in 'C:/Users/diego/Documents/Reconfig/Tutorial1/Tutorial1.sim/sim_1/behav/xsim'
INFO: [SIM-utils-51] Simulation object is 'sim_1'
INFO: [SIM-utils-54] Inspecting design source files for 'XilinxIntro_tb' in fileset 'sim_1'...
INFO: [SIM-utils-43] Exported 'C:/Users/diego/Documents/Reconfig/Tutorial1/Tutorial1.sim/sim_1/behav/xsim/simulation_waveform.tcl'
INFO: [USF-XSim-97] Finding global include files...
INFO: [USF-XSim-98] Fetching design files from 'sim_1'...
INFO: [USF-XSim-2] XSim::Compile design
INFO: [USF-XSim-61] Executing 'COMPILE and ANALYZE' step in 'C:/Users/diego/Documents/Reconfig/Tutorial1/Tutorial1.sim/sim_1/behav/xsim'
"xvhdl --incr --relax -prj XilinxIntro_tb_vhdl.prj"
INFO: [VRFC 10-163] Analyzing VHDL file "C:/Users/diego/Documents/Reconfig/Tutorial1/Tutorial1.srcs/sources_1/new/XilinxIntro.vhd" into library xil_defaultlib
INFO: [VRFC 10-3107] analyzing entity 'XilinxIntro'
INFO: [USF-XSim-69] 'compile' step finished in '2' seconds
INFO: [USF-XSim-3] XSim::Elaborate design
INFO: [USF-XSim-61] Executing 'ELABORATE' step in 'C:/Users/diego/Documents/Reconfig/Tutorial1/Tutorial1.sim/sim_1/behav/xsim'
"xelab -wto af30ff9d3a74489993153d32242859d8 --incr --debug typical --relax --mt 2 -L xil_defaultlib -L secureip --snapshot XilinxIntro_tb_behav xil_defaultlib.XilinxIntro_tb -log elaborate.log"
Vivado Simulator 2019.1
Copyright 1986-1999, 2001-2019 Xilinx, Inc. All Rights Reserved.
Running: C:/Xilinx/Vivado/2019.1/bin/unwrapped/win64.o/xelab.exe -wto af30ff9d3a74489993153d32242859d8 --incr --debug typical --relax --mt 2 -L xil_defaultlib -L secureip --snapshot XilinxIntro_tb_behav xil_defaultlib.XilinxIntro_tb -log elaborate.log 
Using 2 slave threads.
Starting static elaboration
Completed static elaboration
Starting simulation data flow analysis
Completed simulation data flow analysis
Time Resolution for simulation is 1ps
Compiling package std.standard
Compiling package std.textio
Compiling package ieee.std_logic_1164
Compiling package ieee.numeric_std
Compiling architecture behavioral of entity xil_defaultlib.XilinxIntro [xilinxintro_default]
Compiling architecture behavioral of entity xil_defaultlib.xilinxintro_tb
Built simulation snapshot XilinxIntro_tb_behav
INFO: [USF-XSim-69] 'elaborate' step finished in '2' seconds
INFO: [USF-XSim-4] XSim::Simulate design
INFO: [USF-XSim-61] Executing 'SIMULATE' step in 'C:/Users/diego/Documents/Reconfig/Tutorial1/Tutorial1.sim/sim_1/behav/xsim'
INFO: [USF-XSim-98] *** Running xsim
   with args "XilinxIntro_tb_behav -key {Behavioral:sim_1:Functional:XilinxIntro_tb} -tclbatch {XilinxIntro_tb.tcl} -log {simulate.log}"
INFO: [USF-XSim-8] Loading simulator feature
Vivado Simulator 2019.1
Time resolution is 1 ps
source XilinxIntro_tb.tcl
# set curr_wave [current_wave_config]
# if { [string length $curr_wave] == 0 } {
#   if { [llength [get_objects]] > 0} {
#     add_wave /
#     set_property needs_save false [current_wave_config]
#   } else {
#      send_msg_id Add_Wave-1 WARNING "No top level signals found. Simulator will start without a wave window. If you want to open a wave window go to 'File->New Waveform Configuration' or type 'create_wave_config' in the TCL console."
#   }
# }
# run 1000ns
# source -notrace {../../../../Tutorial1.srcs/sim_1/new/simulation_waveform.tcl}
INFO: [Simtcl 6-17] Simulation restarted
xsim: Time (s): cpu = 00:00:08 ; elapsed = 00:00:08 . Memory (MB): peak = 1807.836 ; gain = 0.000
INFO: [USF-XSim-96] XSim completed. Design snapshot 'XilinxIntro_tb_behav' loaded.
INFO: [USF-XSim-97] XSim simulation ran for 1000ns
launch_simulation: Time (s): cpu = 00:00:10 ; elapsed = 00:00:12 . Memory (MB): peak = 1807.836 ; gain = 0.000
reset_run synth_1
WARNING: [Vivado 12-1017] Problems encountered:
1. Failed to delete one or more files in run directory C:/Users/diego/Documents/Reconfig/Tutorial1/Tutorial1.runs/synth_1

launch_runs synth_1 -jobs 16
[Mon Aug 31 18:05:18 2026] Launched synth_1...
Run output will be captured here: C:/Users/diego/Documents/Reconfig/Tutorial1/Tutorial1.runs/synth_1/runme.log
close_design
open_run synth_1 -name synth_1
Design is defaulting to impl run constrset: constrs_1
Design is defaulting to synth run part: xc7a100tcsg324-1
INFO: [Project 1-479] Netlist was created with Vivado 2019.1
INFO: [Project 1-570] Preparing netlist for logic optimization
Parsing XDC File [C:/Users/diego/Documents/Reconfig/Tutorial1/Tutorial1.srcs/constrs_1/new/Nexys4.xdc]
Finished Parsing XDC File [C:/Users/diego/Documents/Reconfig/Tutorial1/Tutorial1.srcs/constrs_1/new/Nexys4.xdc]
INFO: [Opt 31-138] Pushed 0 inverter(s) to 0 load pin(s).
Netlist sorting complete. Time (s): cpu = 00:00:00 ; elapsed = 00:00:00 . Memory (MB): peak = 1811.098 ; gain = 0.000
INFO: [Project 1-111] Unisim Transformation Summary:
No Unisim elements were transformed.

close_design
close_sim
INFO: [Simtcl 6-16] Simulation closed
launch_simulation -mode post-synthesis -type functional
INFO: [Vivado 12-5682] Launching post-synthesis functional simulation in 'C:/Users/diego/Documents/Reconfig/Tutorial1/Tutorial1.sim/sim_1/synth/func/xsim'
INFO: [SIM-utils-51] Simulation object is 'sim_1'
Design is defaulting to impl run constrset: constrs_1
Design is defaulting to synth run part: xc7a100tcsg324-1
INFO: [Project 1-479] Netlist was created with Vivado 2019.1
INFO: [Project 1-570] Preparing netlist for logic optimization
Parsing XDC File [C:/Users/diego/Documents/Reconfig/Tutorial1/Tutorial1.srcs/constrs_1/new/Nexys4.xdc]
Finished Parsing XDC File [C:/Users/diego/Documents/Reconfig/Tutorial1/Tutorial1.srcs/constrs_1/new/Nexys4.xdc]
INFO: [Opt 31-138] Pushed 0 inverter(s) to 0 load pin(s).
Netlist sorting complete. Time (s): cpu = 00:00:00 ; elapsed = 00:00:00.001 . Memory (MB): peak = 1951.609 ; gain = 0.000
INFO: [Project 1-111] Unisim Transformation Summary:
No Unisim elements were transformed.

INFO: [SIM-utils-24] Writing simulation netlist file for design 'synth_1'...
INFO: [SIM-utils-26] write_vhdl -mode funcsim -nolib -force -file "C:/Users/diego/Documents/Reconfig/Tutorial1/Tutorial1.sim/sim_1/synth/func/xsim/XilinxIntro_tb_func_synth.vhd"
INFO: [SIM-utils-36] Netlist generated:C:/Users/diego/Documents/Reconfig/Tutorial1/Tutorial1.sim/sim_1/synth/func/xsim/XilinxIntro_tb_func_synth.vhd
INFO: [SIM-utils-54] Inspecting design source files for 'XilinxIntro_tb' in fileset 'sim_1'...
INFO: [SIM-utils-43] Exported 'C:/Users/diego/Documents/Reconfig/Tutorial1/Tutorial1.sim/sim_1/synth/func/xsim/simulation_waveform.tcl'
INFO: [USF-XSim-2] XSim::Compile design
INFO: [USF-XSim-61] Executing 'COMPILE and ANALYZE' step in 'C:/Users/diego/Documents/Reconfig/Tutorial1/Tutorial1.sim/sim_1/synth/func/xsim'
"xvhdl --incr --relax -prj XilinxIntro_tb_vhdl.prj"
INFO: [VRFC 10-163] Analyzing VHDL file "C:/Users/diego/Documents/Reconfig/Tutorial1/Tutorial1.sim/sim_1/synth/func/xsim/XilinxIntro_tb_func_synth.vhd" into library xil_defaultlib
INFO: [VRFC 10-3107] analyzing entity 'XilinxIntro'
INFO: [USF-XSim-69] 'compile' step finished in '2' seconds
INFO: [USF-XSim-3] XSim::Elaborate design
INFO: [USF-XSim-61] Executing 'ELABORATE' step in 'C:/Users/diego/Documents/Reconfig/Tutorial1/Tutorial1.sim/sim_1/synth/func/xsim'
"xelab -wto af30ff9d3a74489993153d32242859d8 --incr --debug typical --relax --mt 2 -L xil_defaultlib -L secureip --snapshot XilinxIntro_tb_func_synth xil_defaultlib.XilinxIntro_tb -log elaborate.log"
Vivado Simulator 2019.1
Copyright 1986-1999, 2001-2019 Xilinx, Inc. All Rights Reserved.
Running: C:/Xilinx/Vivado/2019.1/bin/unwrapped/win64.o/xelab.exe -wto af30ff9d3a74489993153d32242859d8 --incr --debug typical --relax --mt 2 -L xil_defaultlib -L secureip --snapshot XilinxIntro_tb_func_synth xil_defaultlib.XilinxIntro_tb -log elaborate.log 
Using 2 slave threads.
Starting static elaboration
Completed static elaboration
Starting simulation data flow analysis
Completed simulation data flow analysis
Time Resolution for simulation is 1ps
Compiling package std.standard
Compiling package std.textio
Compiling package ieee.std_logic_1164
Compiling package ieee.numeric_std
Compiling package unisim.vcomponents
Compiling package ieee.vital_timing
Compiling package ieee.vital_primitives
Compiling package unisim.vpkg
Compiling architecture ibuf_v of entity unisim.IBUF [\IBUF(1,9)(1,1)(1,4)(1,7)\]
Compiling architecture obuf_v of entity unisim.OBUF [\OBUF(1,9)(1,7)(1,4)\]
Compiling architecture lut4_v of entity unisim.LUT4 [\LUT4(init="0110111010000101")(0...]
Compiling architecture structure of entity xil_defaultlib.XilinxIntro [xilinxintro_default]
Compiling architecture behavioral of entity xil_defaultlib.xilinxintro_tb
Built simulation snapshot XilinxIntro_tb_func_synth
INFO: [USF-XSim-69] 'elaborate' step finished in '2' seconds
INFO: [USF-XSim-4] XSim::Simulate design
INFO: [USF-XSim-61] Executing 'SIMULATE' step in 'C:/Users/diego/Documents/Reconfig/Tutorial1/Tutorial1.sim/sim_1/synth/func/xsim'
INFO: [USF-XSim-98] *** Running xsim
   with args "XilinxIntro_tb_func_synth -key {Post-Synthesis:sim_1:Functional:XilinxIntro_tb} -tclbatch {XilinxIntro_tb.tcl} -log {simulate.log}"
INFO: [USF-XSim-8] Loading simulator feature
Vivado Simulator 2019.1
Time resolution is 1 ps
source XilinxIntro_tb.tcl
# set curr_wave [current_wave_config]
# if { [string length $curr_wave] == 0 } {
#   if { [llength [get_objects]] > 0} {
#     add_wave /
#     set_property needs_save false [current_wave_config]
#   } else {
#      send_msg_id Add_Wave-1 WARNING "No top level signals found. Simulator will start without a wave window. If you want to open a wave window go to 'File->New Waveform Configuration' or type 'create_wave_config' in the TCL console."
#   }
# }
# run 1000ns
# source -notrace {../../../../../Tutorial1.srcs/sim_1/new/simulation_waveform.tcl}
INFO: [Simtcl 6-17] Simulation restarted
xsim: Time (s): cpu = 00:00:05 ; elapsed = 00:00:08 . Memory (MB): peak = 1951.609 ; gain = 0.000
INFO: [USF-XSim-96] XSim completed. Design snapshot 'XilinxIntro_tb_func_synth' loaded.
INFO: [USF-XSim-97] XSim simulation ran for 1000ns
launch_simulation: Time (s): cpu = 00:00:11 ; elapsed = 00:00:14 . Memory (MB): peak = 1951.609 ; gain = 0.000
close_sim
INFO: [Simtcl 6-16] Simulation closed
close_design
launch_runs impl_1 -jobs 16
[Mon Aug 31 18:07:16 2026] Launched impl_1...
Run output will be captured here: C:/Users/diego/Documents/Reconfig/Tutorial1/Tutorial1.runs/impl_1/runme.log
open_run impl_1
INFO: [Project 1-479] Netlist was created with Vivado 2019.1
INFO: [Project 1-570] Preparing netlist for logic optimization
INFO: [Timing 38-478] Restoring timing data from binary archive.
INFO: [Timing 38-479] Binary timing data restore complete.
INFO: [Project 1-856] Restoring constraints from binary archive.
INFO: [Project 1-853] Binary constraint restore complete.
Reading XDEF placement.
Reading placer database...
Reading XDEF routing.
Read XDEF File: Time (s): cpu = 00:00:00 ; elapsed = 00:00:00.033 . Memory (MB): peak = 1971.906 ; gain = 0.000
Restored from archive | CPU: 0.000000 secs | Memory: 0.000000 MB |
Finished XDEF File Restore: Time (s): cpu = 00:00:00 ; elapsed = 00:00:00.033 . Memory (MB): peak = 1971.906 ; gain = 0.000
Netlist sorting complete. Time (s): cpu = 00:00:00 ; elapsed = 00:00:00 . Memory (MB): peak = 1971.906 ; gain = 0.000
INFO: [Project 1-111] Unisim Transformation Summary:
No Unisim elements were transformed.

WARNING: [Timing 38-313] There are no user specified timing constraints. Timing constraints are needed for proper timing analysis.
close_design
launch_simulation -mode post-implementation -type functional
INFO: [Vivado 12-5682] Launching post-implementation functional simulation in 'C:/Users/diego/Documents/Reconfig/Tutorial1/Tutorial1.sim/sim_1/impl/func/xsim'
INFO: [SIM-utils-51] Simulation object is 'sim_1'
INFO: [Project 1-479] Netlist was created with Vivado 2019.1
INFO: [Project 1-570] Preparing netlist for logic optimization
INFO: [Timing 38-478] Restoring timing data from binary archive.
INFO: [Timing 38-479] Binary timing data restore complete.
INFO: [Project 1-856] Restoring constraints from binary archive.
INFO: [Project 1-853] Binary constraint restore complete.
Reading XDEF placement.
Reading placer database...
Reading XDEF routing.
Read XDEF File: Time (s): cpu = 00:00:00 ; elapsed = 00:00:00.029 . Memory (MB): peak = 2030.680 ; gain = 0.000
Restored from archive | CPU: 0.000000 secs | Memory: 0.000000 MB |
Finished XDEF File Restore: Time (s): cpu = 00:00:00 ; elapsed = 00:00:00.029 . Memory (MB): peak = 2030.680 ; gain = 0.000
Netlist sorting complete. Time (s): cpu = 00:00:00 ; elapsed = 00:00:00 . Memory (MB): peak = 2030.680 ; gain = 0.000
INFO: [Project 1-111] Unisim Transformation Summary:
No Unisim elements were transformed.

INFO: [SIM-utils-31] Writing simulation netlist file for design 'impl_1'...
INFO: [SIM-utils-33] write_vhdl -mode funcsim -nolib -force -file "C:/Users/diego/Documents/Reconfig/Tutorial1/Tutorial1.sim/sim_1/impl/func/xsim/XilinxIntro_tb_func_impl.vhd"
INFO: [SIM-utils-36] Netlist generated:C:/Users/diego/Documents/Reconfig/Tutorial1/Tutorial1.sim/sim_1/impl/func/xsim/XilinxIntro_tb_func_impl.vhd
INFO: [SIM-utils-54] Inspecting design source files for 'XilinxIntro_tb' in fileset 'sim_1'...
INFO: [SIM-utils-43] Exported 'C:/Users/diego/Documents/Reconfig/Tutorial1/Tutorial1.sim/sim_1/impl/func/xsim/simulation_waveform.tcl'
INFO: [USF-XSim-2] XSim::Compile design
INFO: [USF-XSim-61] Executing 'COMPILE and ANALYZE' step in 'C:/Users/diego/Documents/Reconfig/Tutorial1/Tutorial1.sim/sim_1/impl/func/xsim'
"xvhdl --incr --relax -prj XilinxIntro_tb_vhdl.prj"
INFO: [VRFC 10-163] Analyzing VHDL file "C:/Users/diego/Documents/Reconfig/Tutorial1/Tutorial1.sim/sim_1/impl/func/xsim/XilinxIntro_tb_func_impl.vhd" into library xil_defaultlib
INFO: [VRFC 10-3107] analyzing entity 'XilinxIntro'
INFO: [VRFC 10-163] Analyzing VHDL file "C:/Users/diego/Documents/Reconfig/Tutorial1/Tutorial1.srcs/sim_1/new/XilinxIntro_tb.vhd" into library xil_defaultlib
INFO: [VRFC 10-3107] analyzing entity 'XilinxIntro_tb'
INFO: [USF-XSim-69] 'compile' step finished in '2' seconds
INFO: [USF-XSim-3] XSim::Elaborate design
INFO: [USF-XSim-61] Executing 'ELABORATE' step in 'C:/Users/diego/Documents/Reconfig/Tutorial1/Tutorial1.sim/sim_1/impl/func/xsim'
"xelab -wto af30ff9d3a74489993153d32242859d8 --incr --debug typical --relax --mt 2 -L xil_defaultlib -L secureip --snapshot XilinxIntro_tb_func_impl xil_defaultlib.XilinxIntro_tb -log elaborate.log"
Vivado Simulator 2019.1
Copyright 1986-1999, 2001-2019 Xilinx, Inc. All Rights Reserved.
Running: C:/Xilinx/Vivado/2019.1/bin/unwrapped/win64.o/xelab.exe -wto af30ff9d3a74489993153d32242859d8 --incr --debug typical --relax --mt 2 -L xil_defaultlib -L secureip --snapshot XilinxIntro_tb_func_impl xil_defaultlib.XilinxIntro_tb -log elaborate.log 
Using 2 slave threads.
Starting static elaboration
Completed static elaboration
Starting simulation data flow analysis
Completed simulation data flow analysis
Time Resolution for simulation is 1ps
Compiling package std.standard
Compiling package std.textio
Compiling package ieee.std_logic_1164
Compiling package ieee.numeric_std
Compiling package unisim.vcomponents
Compiling package ieee.vital_timing
Compiling package ieee.vital_primitives
Compiling package unisim.vpkg
Compiling architecture ibuf_v of entity unisim.IBUF [\IBUF(1,9)(1,1)(1,4)(1,7)\]
Compiling architecture obuf_v of entity unisim.OBUF [\OBUF(1,9)(1,7)(1,4)\]
Compiling architecture lut4_v of entity unisim.LUT4 [\LUT4(init="0110111010000101")(0...]
Compiling architecture structure of entity xil_defaultlib.XilinxIntro [xilinxintro_default]
Compiling architecture behavioral of entity xil_defaultlib.xilinxintro_tb
Built simulation snapshot XilinxIntro_tb_func_impl

****** Webtalk v2019.1 (64-bit)
  **** SW Build 2552052 on Fri May 24 14:49:42 MDT 2019
  **** IP Build 2548770 on Fri May 24 18:01:18 MDT 2019
    ** Copyright 1986-2019 Xilinx, Inc. All Rights Reserved.

source C:/Users/diego/Documents/Reconfig/Tutorial1/Tutorial1.sim/sim_1/impl/func/xsim/xsim.dir/XilinxIntro_tb_func_impl/webtalk/xsim_webtalk.tcl -notrace
INFO: [Common 17-206] Exiting Webtalk at Mon Aug 31 18:10:18 2026...
INFO: [USF-XSim-69] 'elaborate' step finished in '4' seconds
INFO: [USF-XSim-4] XSim::Simulate design
INFO: [USF-XSim-61] Executing 'SIMULATE' step in 'C:/Users/diego/Documents/Reconfig/Tutorial1/Tutorial1.sim/sim_1/impl/func/xsim'
INFO: [USF-XSim-98] *** Running xsim
   with args "XilinxIntro_tb_func_impl -key {Post-Implementation:sim_1:Functional:XilinxIntro_tb} -tclbatch {XilinxIntro_tb.tcl} -log {simulate.log}"
INFO: [USF-XSim-8] Loading simulator feature
Vivado Simulator 2019.1
Time resolution is 1 ps
source XilinxIntro_tb.tcl
# set curr_wave [current_wave_config]
# if { [string length $curr_wave] == 0 } {
#   if { [llength [get_objects]] > 0} {
#     add_wave /
#     set_property needs_save false [current_wave_config]
#   } else {
#      send_msg_id Add_Wave-1 WARNING "No top level signals found. Simulator will start without a wave window. If you want to open a wave window go to 'File->New Waveform Configuration' or type 'create_wave_config' in the TCL console."
#   }
# }
# run 1000ns
# source -notrace {../../../../../Tutorial1.srcs/sim_1/new/simulation_waveform.tcl}
INFO: [Simtcl 6-17] Simulation restarted
xsim: Time (s): cpu = 00:00:06 ; elapsed = 00:00:08 . Memory (MB): peak = 2225.781 ; gain = 7.188
INFO: [USF-XSim-96] XSim completed. Design snapshot 'XilinxIntro_tb_func_impl' loaded.
INFO: [USF-XSim-97] XSim simulation ran for 1000ns
launch_simulation: Time (s): cpu = 00:00:12 ; elapsed = 00:00:18 . Memory (MB): peak = 2225.781 ; gain = 195.102
close_sim
INFO: [Simtcl 6-16] Simulation closed
close_sim: Time (s): cpu = 00:00:02 ; elapsed = 00:00:05 . Memory (MB): peak = 2225.781 ; gain = 0.000
launch_simulation -mode post-implementation -type timing
INFO: [Vivado 12-5682] Launching post-implementation timing simulation in 'C:/Users/diego/Documents/Reconfig/Tutorial1/Tutorial1.sim/sim_1/impl/timing/xsim'
INFO: [SIM-utils-51] Simulation object is 'sim_1'
INFO: [SIM-utils-20] The target language is set to VHDL, it is not supported for simulation type 'timing', using Verilog instead.
INFO: [SIM-utils-31] Writing simulation netlist file for design 'impl_1'...
INFO: [SIM-utils-32] write_verilog -mode timesim -nolib -sdf_anno true -force -file "C:/Users/diego/Documents/Reconfig/Tutorial1/Tutorial1.sim/sim_1/impl/timing/xsim/XilinxIntro_tb_time_impl.v"
INFO: [SIM-utils-34] Writing SDF file...
INFO: [SIM-utils-35] write_sdf -mode timesim -process_corner slow -force -file "C:/Users/diego/Documents/Reconfig/Tutorial1/Tutorial1.sim/sim_1/impl/timing/xsim/XilinxIntro_tb_time_impl.sdf"
INFO: [SIM-utils-36] Netlist generated:C:/Users/diego/Documents/Reconfig/Tutorial1/Tutorial1.sim/sim_1/impl/timing/xsim/XilinxIntro_tb_time_impl.v
INFO: [SIM-utils-37] SDF generated:C:/Users/diego/Documents/Reconfig/Tutorial1/Tutorial1.sim/sim_1/impl/timing/xsim/XilinxIntro_tb_time_impl.sdf
INFO: [SIM-utils-54] Inspecting design source files for 'XilinxIntro_tb' in fileset 'sim_1'...
INFO: [SIM-utils-43] Exported 'C:/Users/diego/Documents/Reconfig/Tutorial1/Tutorial1.sim/sim_1/impl/timing/xsim/simulation_waveform.tcl'
INFO: [USF-XSim-2] XSim::Compile design
INFO: [USF-XSim-61] Executing 'COMPILE and ANALYZE' step in 'C:/Users/diego/Documents/Reconfig/Tutorial1/Tutorial1.sim/sim_1/impl/timing/xsim'
"xvlog --incr --relax -prj XilinxIntro_tb_vlog.prj"
INFO: [VRFC 10-2263] Analyzing Verilog file "C:/Users/diego/Documents/Reconfig/Tutorial1/Tutorial1.sim/sim_1/impl/timing/xsim/XilinxIntro_tb_time_impl.v" into library xil_defaultlib
INFO: [VRFC 10-311] analyzing module XilinxIntro
INFO: [VRFC 10-311] analyzing module glbl
"xvhdl --incr --relax -prj XilinxIntro_tb_vhdl.prj"
INFO: [VRFC 10-163] Analyzing VHDL file "C:/Users/diego/Documents/Reconfig/Tutorial1/Tutorial1.srcs/sim_1/new/XilinxIntro_tb.vhd" into library xil_defaultlib
INFO: [VRFC 10-3107] analyzing entity 'XilinxIntro_tb'
INFO: [USF-XSim-69] 'compile' step finished in '3' seconds
INFO: [USF-XSim-3] XSim::Elaborate design
INFO: [USF-XSim-61] Executing 'ELABORATE' step in 'C:/Users/diego/Documents/Reconfig/Tutorial1/Tutorial1.sim/sim_1/impl/timing/xsim'
"xelab -wto af30ff9d3a74489993153d32242859d8 --incr --debug typical --relax --mt 2 --maxdelay -L xil_defaultlib -L simprims_ver -L secureip --snapshot XilinxIntro_tb_time_impl -transport_int_delays -pulse_r 0 -pulse_int_r 0 -pulse_e 0 -pulse_int_e 0 xil_defaultlib.XilinxIntro_tb xil_defaultlib.glbl -log elaborate.log"
Vivado Simulator 2019.1
Copyright 1986-1999, 2001-2019 Xilinx, Inc. All Rights Reserved.
Running: C:/Xilinx/Vivado/2019.1/bin/unwrapped/win64.o/xelab.exe -wto af30ff9d3a74489993153d32242859d8 --incr --debug typical --relax --mt 2 --maxdelay -L xil_defaultlib -L simprims_ver -L secureip --snapshot XilinxIntro_tb_time_impl -transport_int_delays -pulse_r 0 -pulse_int_r 0 -pulse_e 0 -pulse_int_e 0 xil_defaultlib.XilinxIntro_tb xil_defaultlib.glbl -log elaborate.log 
Using 2 slave threads.
Starting static elaboration
Completed static elaboration
Starting simulation data flow analysis
Completed simulation data flow analysis
INFO: [XSIM 43-3451] SDF backannotation process started with SDF file "XilinxIntro_tb_time_impl.sdf", for root module "XilinxIntro_tb/uut".
INFO: [XSIM 43-3452] SDF backannotation was successful for SDF file "XilinxIntro_tb_time_impl.sdf", for root module "XilinxIntro_tb/uut".
Time Resolution for simulation is 1ps
Compiling package std.standard
Compiling package std.textio
Compiling package ieee.std_logic_1164
Compiling package vl.vl_types
Compiling module xil_defaultlib.glbl
Compiling module simprims_ver.IBUF
Compiling module simprims_ver.OBUF
Compiling module simprims_ver.LUT4
Compiling module xil_defaultlib.XilinxIntro
Compiling architecture behavioral of entity xil_defaultlib.xilinxintro_tb
Built simulation snapshot XilinxIntro_tb_time_impl

****** Webtalk v2019.1 (64-bit)
  **** SW Build 2552052 on Fri May 24 14:49:42 MDT 2019
  **** IP Build 2548770 on Fri May 24 18:01:18 MDT 2019
    ** Copyright 1986-2019 Xilinx, Inc. All Rights Reserved.

source C:/Users/diego/Documents/Reconfig/Tutorial1/Tutorial1.sim/sim_1/impl/timing/xsim/xsim.dir/XilinxIntro_tb_time_impl/webtalk/xsim_webtalk.tcl -notrace
INFO: [Common 17-206] Exiting Webtalk at Mon Aug 31 18:11:12 2026...
INFO: [USF-XSim-69] 'elaborate' step finished in '5' seconds
INFO: [USF-XSim-4] XSim::Simulate design
INFO: [USF-XSim-61] Executing 'SIMULATE' step in 'C:/Users/diego/Documents/Reconfig/Tutorial1/Tutorial1.sim/sim_1/impl/timing/xsim'
INFO: [USF-XSim-98] *** Running xsim
   with args "XilinxIntro_tb_time_impl -key {Post-Implementation:sim_1:Timing:XilinxIntro_tb} -tclbatch {XilinxIntro_tb.tcl} -log {simulate.log}"
INFO: [USF-XSim-8] Loading simulator feature
Vivado Simulator 2019.1
Time resolution is 1 ps
source XilinxIntro_tb.tcl
# set curr_wave [current_wave_config]
# if { [string length $curr_wave] == 0 } {
#   if { [llength [get_objects]] > 0} {
#     add_wave /
#     set_property needs_save false [current_wave_config]
#   } else {
#      send_msg_id Add_Wave-1 WARNING "No top level signals found. Simulator will start without a wave window. If you want to open a wave window go to 'File->New Waveform Configuration' or type 'create_wave_config' in the TCL console."
#   }
# }
# run 1000ns
# source -notrace {../../../../../Tutorial1.srcs/sim_1/new/simulation_waveform.tcl}
INFO: [Simtcl 6-17] Simulation restarted
xsim: Time (s): cpu = 00:00:07 ; elapsed = 00:00:08 . Memory (MB): peak = 2235.281 ; gain = 0.000
INFO: [USF-XSim-96] XSim completed. Design snapshot 'XilinxIntro_tb_time_impl' loaded.
INFO: [USF-XSim-97] XSim simulation ran for 1000ns
launch_simulation: Time (s): cpu = 00:00:08 ; elapsed = 00:00:17 . Memory (MB): peak = 2235.281 ; gain = 9.500
close_sim
INFO: [Simtcl 6-16] Simulation closed
close_sim: Time (s): cpu = 00:00:03 ; elapsed = 00:00:05 . Memory (MB): peak = 2235.281 ; gain = 0.000
exit
INFO: [Common 17-206] Exiting Vivado at Mon Aug 31 18:15:41 2026...
